Archive member included to satisfy reference by file (symbol)

C:/ST/STM32CubeIDE_1.19.0/STM32CubeIDE/plugins/com.st.stm32cube.ide.mcu.externaltools.gnu-tools-for-stm32.13.3.rel1.win32_1.0.0.202411081344/tools/bin/../lib/gcc/arm-none-eabi/13.3.1/../../../../arm-none-eabi/lib/thumb/v7e-m+fp/hard\libc_nano.a(libc_a-exit.o)
                              C:/ST/STM32CubeIDE_1.19.0/STM32CubeIDE/plugins/com.st.stm32cube.ide.mcu.externaltools.gnu-tools-for-stm32.13.3.rel1.win32_1.0.0.202411081344/tools/bin/../lib/gcc/arm-none-eabi/13.3.1/../../../../arm-none-eabi/lib/thumb/v7e-m+fp/hard/crt0.o (exit)
C:/ST/STM32CubeIDE_1.19.0/STM32CubeIDE/plugins/com.st.stm32cube.ide.mcu.externaltools.gnu-tools-for-stm32.13.3.rel1.win32_1.0.0.202411081344/tools/bin/../lib/gcc/arm-none-eabi/13.3.1/../../../../arm-none-eabi/lib/thumb/v7e-m+fp/hard\libc_nano.a(libc_a-findfp.o)
                              C:/ST/STM32CubeIDE_1.19.0/STM32CubeIDE/plugins/com.st.stm32cube.ide.mcu.externaltools.gnu-tools-for-stm32.13.3.rel1.win32_1.0.0.202411081344/tools/bin/../lib/gcc/arm-none-eabi/13.3.1/../../../../arm-none-eabi/lib/thumb/v7e-m+fp/hard\libc_nano.a(libc_a-exit.o) (__stdio_exit_handler)
C:/ST/STM32CubeIDE_1.19.0/STM32CubeIDE/plugins/com.st.stm32cube.ide.mcu.externaltools.gnu-tools-for-stm32.13.3.rel1.win32_1.0.0.202411081344/tools/bin/../lib/gcc/arm-none-eabi/13.3.1/../../../../arm-none-eabi/lib/thumb/v7e-m+fp/hard\libc_nano.a(libc_a-fwalk.o)
                              C:/ST/STM32CubeIDE_1.19.0/STM32CubeIDE/plugins/com.st.stm32cube.ide.mcu.externaltools.gnu-tools-for-stm32.13.3.rel1.win32_1.0.0.202411081344/tools/bin/../lib/gcc/arm-none-eabi/13.3.1/../../../../arm-none-eabi/lib/thumb/v7e-m+fp/hard\libc_nano.a(libc_a-findfp.o) (_fwalk_sglue)
C:/ST/STM32CubeIDE_1.19.0/STM32CubeIDE/plugins/com.st.stm32cube.ide.mcu.externaltools.gnu-tools-for-stm32.13.3.rel1.win32_1.0.0.202411081344/tools/bin/../lib/gcc/arm-none-eabi/13.3.1/../../../../arm-none-eabi/lib/thumb/v7e-m+fp/hard\libc_nano.a(libc_a-stdio.o)
                              C:/ST/STM32CubeIDE_1.19.0/STM32CubeIDE/plugins/com.st.stm32cube.ide.mcu.externaltools.gnu-tools-for-stm32.13.3.rel1.win32_1.0.0.202411081344/tools/bin/../lib/gcc/arm-none-eabi/13.3.1/../../../../arm-none-eabi/lib/thumb/v7e-m+fp/hard\libc_nano.a(libc_a-findfp.o) (__sread)
C:/ST/STM32CubeIDE_1.19.0/STM32CubeIDE/plugins/com.st.stm32cube.ide.mcu.externaltools.gnu-tools-for-stm32.13.3.rel1.win32_1.0.0.202411081344/tools/bin/../lib/gcc/arm-none-eabi/13.3.1/../../../../arm-none-eabi/lib/thumb/v7e-m+fp/hard\libc_nano.a(libc_a-memset.o)
                              C:/ST/STM32CubeIDE_1.19.0/STM32CubeIDE/plugins/com.st.stm32cube.ide.mcu.externaltools.gnu-tools-for-stm32.13.3.rel1.win32_1.0.0.202411081344/tools/bin/../lib/gcc/arm-none-eabi/13.3.1/../../../../arm-none-eabi/lib/thumb/v7e-m+fp/hard/crt0.o (memset)
C:/ST/STM32CubeIDE_1.19.0/STM32CubeIDE/plugins/com.st.stm32cube.ide.mcu.externaltools.gnu-tools-for-stm32.13.3.rel1.win32_1.0.0.202411081344/tools/bin/../lib/gcc/arm-none-eabi/13.3.1/../../../../arm-none-eabi/lib/thumb/v7e-m+fp/hard\libc_nano.a(libc_a-closer.o)
                              C:/ST/STM32CubeIDE_1.19.0/STM32CubeIDE/plugins/com.st.stm32cube.ide.mcu.externaltools.gnu-tools-for-stm32.13.3.rel1.win32_1.0.0.202411081344/tools/bin/../lib/gcc/arm-none-eabi/13.3.1/../../../../arm-none-eabi/lib/thumb/v7e-m+fp/hard\libc_nano.a(libc_a-stdio.o) (_close_r)
C:/ST/STM32CubeIDE_1.19.0/STM32CubeIDE/plugins/com.st.stm32cube.ide.mcu.externaltools.gnu-tools-for-stm32.13.3.rel1.win32_1.0.0.202411081344/tools/bin/../lib/gcc/arm-none-eabi/13.3.1/../../../../arm-none-eabi/lib/thumb/v7e-m+fp/hard\libc_nano.a(libc_a-reent.o)
                              C:/ST/STM32CubeIDE_1.19.0/STM32CubeIDE/plugins/com.st.stm32cube.ide.mcu.externaltools.gnu-tools-for-stm32.13.3.rel1.win32_1.0.0.202411081344/tools/bin/../lib/gcc/arm-none-eabi/13.3.1/../../../../arm-none-eabi/lib/thumb/v7e-m+fp/hard\libc_nano.a(libc_a-closer.o) (errno)
C:/ST/STM32CubeIDE_1.19.0/STM32CubeIDE/plugins/com.st.stm32cube.ide.mcu.externaltools.gnu-tools-for-stm32.13.3.rel1.win32_1.0.0.202411081344/tools/bin/../lib/gcc/arm-none-eabi/13.3.1/../../../../arm-none-eabi/lib/thumb/v7e-m+fp/hard\libc_nano.a(libc_a-impure.o)
                              C:/ST/STM32CubeIDE_1.19.0/STM32CubeIDE/plugins/com.st.stm32cube.ide.mcu.externaltools.gnu-tools-for-stm32.13.3.rel1.win32_1.0.0.202411081344/tools/bin/../lib/gcc/arm-none-eabi/13.3.1/../../../../arm-none-eabi/lib/thumb/v7e-m+fp/hard\libc_nano.a(libc_a-reent.o) (_impure_ptr)
C:/ST/STM32CubeIDE_1.19.0/STM32CubeIDE/plugins/com.st.stm32cube.ide.mcu.externaltools.gnu-tools-for-stm32.13.3.rel1.win32_1.0.0.202411081344/tools/bin/../lib/gcc/arm-none-eabi/13.3.1/../../../../arm-none-eabi/lib/thumb/v7e-m+fp/hard\libc_nano.a(libc_a-lseekr.o)
[...]
Memory Configuration

Name             Origin             Length             Attributes
RAM              0x20000000         0x00020000         xrw
FLASH            0x08000000         0x00080000         xr
*default*        0x00000000         0xffffffff

Linker script and memory map

LOAD C:/ST/STM32CubeIDE_1.19.0/STM32CubeIDE/plugins/com.st.stm32cube.ide.mcu.externaltools.gnu-tools-for-stm32.13.3.rel1.win32_1.0.0.202411081344/tools/bin/../lib/gcc/arm-none-eabi/13.3.1/thumb/v7e-m+fp/hard/crti.o
LOAD C:/ST/STM32CubeIDE_1.19.0/STM32CubeIDE/plugins/com.st.stm32cube.ide.mcu.externaltools.gnu-tools-for-stm32.13.3.rel1.win32_1.0.0.202411081344/tools/bin/../lib/gcc/arm-none-eabi/13.3.1/thumb/v7e-m+fp/hard/crtbegin.o
LOAD C:/ST/STM32CubeIDE_1.19.0/STM32CubeIDE/plugins/com.st.stm32cube.ide.mcu.externaltools.gnu-tools-for-stm32.13.3.rel1.win32_1.0.0.202411081344/tools/bin/../lib/gcc/arm-none-eabi/13.3.1/../../../../arm-none-eabi/lib/thumb/v7e-m+fp/hard/crt0.o
LOAD ./Core/Src/BL_DRIVER/BL_FLASH_DRIVER/BL_flash.o
LOAD ./Core/Src/BL_DRIVER/BL_UART_DRIVER/BL_UART.o
LOAD ./Core/Src/main.o
LOAD ./Core/Src/stm32f4xx_hal_msp.o
LOAD ./Core/Src/stm32f4xx_it.o
LOAD ./Core/Src/syscalls.o
LOAD ./Core/Src/sysmem.o
LOAD ./Core/Src/system_stm32f4xx.o
LOAD ./Core/Startup/startup_stm32f446retx.o
LOAD ./Drivers/STM32F4xx_HAL_Driver/Src/stm32f4xx_hal.o
LOAD ./Drivers/STM32F4xx_HAL_Driver/Src/stm32f4xx_hal_cortex.o
LOAD ./Drivers/STM32F4xx_HAL_Driver/Src/stm32f4xx_hal_dma.o
LOAD ./Drivers/STM32F4xx_HAL_Driver/Src/stm32f4xx_hal_dma_ex.o
LOAD ./Drivers/STM32F4xx_HAL_Driver/Src/stm32f4xx_hal_exti.o
LOAD ./Drivers/STM32F4xx_HAL_Driver/Src/stm32f4xx_hal_flash.o
LOAD ./Drivers/STM32F4xx_HAL_Driver/Src/stm32f4xx_hal_flash_ex.o
LOAD ./Drivers/STM32F4xx_HAL_Driver/Src/stm32f4xx_hal_flash_ramfunc.o
LOAD ./Drivers/STM32F4xx_HAL_Driver/Src/stm32f4xx_hal_gpio.o
LOAD ./Drivers/STM32F4xx_HAL_Driver/Src/stm32f4xx_hal_pwr.o
LOAD ./Drivers/STM32F4xx_HAL_Driver/Src/stm32f4xx_hal_pwr_ex.o
LOAD ./Drivers/STM32F4xx_HAL_Driver/Src/stm32f4xx_hal_rcc.o
LOAD ./Drivers/STM32F4xx_HAL_Driver/Src/stm32f4xx_hal_rcc_ex.o
LOAD ./Drivers/STM32F4xx_HAL_Driver/Src/stm32f4xx_hal_rtc.o
LOAD ./Drivers/STM32F4xx_HAL_Driver/Src/stm32f4xx_hal_rtc_ex.o
LOAD ./Drivers/STM32F4xx_HAL_Driver/Src/stm32f4xx_hal_uart.o
START GROUP
LOAD C:/ST/STM32CubeIDE_1.19.0/STM32CubeIDE/plugins/com.st.stm32cube.ide.mcu.externaltools.gnu-tools-for-stm32.13.3.rel1.win32_1.0.0.202411081344/tools/bin/../lib/gcc/arm-none-eabi/13.3.1/../../../../arm-none-eabi/lib/thumb/v7e-m+fp/hard\libc_nano.a
LOAD C:/ST/STM32CubeIDE_1.19.0/STM32CubeIDE/plugins/com.st.stm32cube.ide.mcu.externaltools.gnu-tools-for-stm32.13.3.rel1.win32_1.0.0.202411081344/tools/bin/../lib/gcc/arm-none-eabi/13.3.1/../../../../arm-none-eabi/lib/thumb/v7e-m+fp/hard\libm.a
END GROUP
START GROUP
LOAD C:/ST/STM32CubeIDE_1.19.0/STM32CubeIDE/plugins/com.st.stm32cube.ide.mcu.externaltools.gnu-tools-for-stm32.13.3.rel1.win32_1.0.0.202411081344/tools/bin/../lib/gcc/arm-none-eabi/13.3.1/thumb/v7e-m+fp/hard\libgcc.a
LOAD C:/ST/STM32CubeIDE_1.19.0/STM32CubeIDE/plugins/com.st.stm32cube.ide.mcu.externaltools.gnu-tools-for-stm32.13.3.rel1.win32_1.0.0.202411081344/tools/bin/../lib/gcc/arm-none-eabi/13.3.1/../../../../arm-none-eabi/lib/thumb/v7e-m+fp/hard\libc_nano.a
END GROUP
START GROUP
LOAD C:/ST/STM32CubeIDE_1.19.0/STM32CubeIDE/plugins/com.st.stm32cube.ide.mcu.externaltools.gnu-tools-for-stm32.13.3.rel1.win32_1.0.0.202411081344/tools/bin/../lib/gcc/arm-none-eabi/13.3.1/thumb/v7e-m+fp/hard\libgcc.a
LOAD C:/ST/STM32CubeIDE_1.19.0/STM32CubeIDE/plugins/com.st.stm32cube.ide.mcu.externaltools.gnu-tools-for-stm32.13.3.rel1.win32_1.0.0.202411081344/tools/bin/../lib/gcc/arm-none-eabi/13.3.1/../../../../arm-none-eabi/lib/thumb/v7e-m+fp/hard\libc_nano.a
LOAD C:/ST/STM32CubeIDE_1.19.0/STM32CubeIDE/plugins/com.st.stm32cube.ide.mcu.externaltools.gnu-tools-for-stm32.13.3.rel1.win32_1.0.0.202411081344/tools/bin/../lib/gcc/arm-none-eabi/13.3.1/../../../../arm-none-eabi/lib/thumb/v7e-m+fp/hard\libnosys.a
END GROUP
START GROUP
LOAD C:/ST/STM32CubeIDE_1.19.0/STM32CubeIDE/plugins/com.st.stm32cube.ide.mcu.externaltools.gnu-tools-for-stm32.13.3.rel1.win32_1.0.0.202411081344/tools/bin/../lib/gcc/arm-none-eabi/13.3.1/thumb/v7e-m+fp/hard\libgcc.a
LOAD C:/ST/STM32CubeIDE_1.19.0/STM32CubeIDE/plugins/com.st.stm32cube.ide.mcu.externaltools.gnu-tools-for-stm32.13.3.rel1.win32_1.0.0.202411081344/tools/bin/../lib/gcc/arm-none-eabi/13.3.1/../../../../arm-none-eabi/lib/thumb/v7e-m+fp/hard\libc_nano.a
LOAD C:/ST/STM32CubeIDE_1.19.0/STM32CubeIDE/plugins/com.st.stm32cube.ide.mcu.externaltools.gnu-tools-for-stm32.13.3.rel1.win32_1.0.0.202411081344/tools/bin/../lib/gcc/arm-none-eabi/13.3.1/../../../../arm-none-eabi/lib/thumb/v7e-m+fp/hard\libnosys.a
END GROUP
LOAD C:/ST/STM32CubeIDE_1.19.0/STM32CubeIDE/plugins/com.st.stm32cube.ide.mcu.externaltools.gnu-tools-for-stm32.13.3.rel1.win32_1.0.0.202411081344/tools/bin/../lib/gcc/arm-none-eabi/13.3.1/thumb/v7e-m+fp/hard/crtend.o
LOAD C:/ST/STM32CubeIDE_1.19.0/STM32CubeIDE/plugins/com.st.stm32cube.ide.mcu.externaltools.gnu-tools-for-stm32.13.3.rel1.win32_1.0.0.202411081344/tools/bin/../lib/gcc/arm-none-eabi/13.3.1/thumb/v7e-m+fp/hard/crtn.o
                0x20020000                        _estack = (ORIGIN (RAM) + LENGTH (RAM))
                0x00000200                        _Min_Heap_Size = 0x200
                0x00000400                        _Min_Stack_Size = 0x400

.isr_vector     0x08000000      0x1c4
                0x08000000                        . = ALIGN (0x4)
 *(.isr_vector)
 .isr_vector    0x08000000      0x1c4 ./Core/Startup/startup_stm32f446retx.o
                0x08000000                g_pfnVectors
                0x080001c4                        . = ALIGN (0x4)

.text           0x080001c4     0x2e48
                0x080001c4                        . = ALIGN (0x4)
 *(.text)
 .text          0x080001c4       0x40 C:/ST/STM32CubeIDE_1.19.0/STM32CubeIDE/plugins/com.st.stm32cube.ide.mcu.externaltools.gnu-tools-for-stm32.13.3.rel1.win32_1.0.0.202411081344/tools/bin/../lib/gcc/arm-none-eabi/13.3.1/thumb/v7e-m+fp/hard/crtbegin.o
 .text          0x08000204       0x30 C:/ST/STM32CubeIDE_1.19.0/STM32CubeIDE/plugins/com.st.stm32cube.ide.mcu.externaltools.gnu-tools-for-stm32.13.3.rel1.win32_1.0.0.202411081344/tools/bin/../lib/gcc/arm-none-eabi/13.3.1/thumb/v7e-m+fp/hard\libgcc.a(_aeabi_uldivmod.o)
                0x08000204                __aeabi_uldivmod
 .text          0x08000234      0x2f8 C:/ST/STM32CubeIDE_1.19.0/STM32CubeIDE/plugins/com.st.stm32cube.ide.mcu.externaltools.gnu-tools-for-stm32.13.3.rel1.win32_1.0.0.202411081344/tools/bin/../lib/gcc/arm-none-eabi/13.3.1/thumb/v7e-m+fp/hard\libgcc.a(_udivmoddi4.o)
                0x08000234                __udivmoddi4
 .text          0x0800052c        0x4 C:/ST/STM32CubeIDE_1.19.0/STM32CubeIDE/plugins/com.st.stm32cube.ide.mcu.externaltools.gnu-tools-for-stm32.13.3.rel1.win32_1.0.0.202411081344/tools/bin/../lib/gcc/arm-none-eabi/13.3.1/thumb/v7e-m+fp/hard\libgcc.a(_dvmd_tls.o)
                0x0800052c                __aeabi_idiv0
                0x0800052c                __aeabi_ldiv0
 *(.text*)
 .text.Flash_Sector_Erase
                0x08000530       0xb4 ./Core/Src/BL_DRIVER/BL_FLASH_DRIVER/BL_flash.o
                0x08000530                Flash_Sector_Erase
 .text.Flash_Write_Byte
                0x080005e4       0x90 ./Core/Src/BL_DRIVER/BL_FLASH_DRIVER/BL_flash.o
                0x080005e4                Flash_Write_Byte
 .text.Flash_Write_Word
                0x08000674       0x90 ./Core/Src/BL_DRIVER/BL_FLASH_DRIVER/BL_flash.o
                0x08000674                Flash_Write_Word
 .text.GetFlashSector
                0x08000704       0x6c ./Core/Src/BL_DRIVER/BL_FLASH_DRIVER/BL_flash.o
                0x08000704                GetFlashSector
 .text.UART_Init
                0x08000770       0x40 ./Core/Src/BL_DRIVER/BL_UART_DRIVER/BL_UART.o
                0x08000770                UART_Init
 .text.UART_SendData
                0x080007b0       0xa0 ./Core/Src/BL_DRIVER/BL_UART_DRIVER/BL_UART.o
                0x080007b0                UART_SendData
 .text.UART_ReceiveDataBlocking
                0x08000850       0x90 ./Core/Src/BL_DRIVER/BL_UART_DRIVER/BL_UART.o
                0x08000850                UART_ReceiveDataBlocking
 .text.UART_ReceiveData
                0x080008e0       0x8c ./Core/Src/BL_DRIVER/BL_UART_DRIVER/BL_UART.o
                0x080008e0                UART_ReceiveData
 .text.Error_Handler
                0x0800096c        0xc ./Core/Src/BL_DRIVER/BL_UART_DRIVER/BL_UART.o
                0x0800096c                Error_Handler
 .text.MX_USART2_UART_Init
                0x08000978       0x54 ./Core/Src/BL_DRIVER/BL_UART_DRIVER/BL_UART.o
 .text.__NVIC_SystemReset
                0x080009cc       0x2c ./Core/Src/main.o
 .text.main     0x080009f8       0x38 ./Core/Src/main.o
                0x080009f8                main
 .text.JumpToUserApp
                0x08000a30       0x3c ./Core/Src/main.o
                0x08000a30                JumpToUserApp
 .text.JumpToBootloader
                0x08000a6c       0x68 ./Core/Src/main.o
                0x08000a6c                JumpToBootloader
 .text.bootloader_handle_FlashWrite
                0x08000ad4       0x5c ./Core/Src/main.o
                0x08000ad4                bootloader_handle_FlashWrite
 .text.Flash_Write_Binary
                0x08000b30       0xc0 ./Core/Src/main.o
                0x08000b30                Flash_Write_Binary
 .text.Read_app_status
                0x08000bf0       0x20 ./Core/Src/main.o
                0x08000bf0                Read_app_status
 .text.update_data
                0x08000c10       0x64 ./Core/Src/main.o
                0x08000c10                update_data
 .text.crc32_calculate
                0x08000c74       0x78 ./Core/Src/main.o
                0x08000c74                crc32_calculate
 .text.crc32_flash
                0x08000cec       0x28 ./Core/Src/main.o
                0x08000cec                crc32_flash
 .text.check_boot_flag
                0x08000d14       0x18 ./Core/Src/main.o
                0x08000d14                check_boot_flag
 .text.SystemClock_Config
                0x08000d2c       0xc8 ./Core/Src/main.o
                0x08000d2c                SystemClock_Config
 .text.HAL_MspInit
                0x08000df4       0x50 ./Core/Src/stm32f4xx_hal_msp.o
                0x08000df4                HAL_MspInit
 .text.HAL_UART_MspInit
                0x08000e44       0x90 ./Core/Src/stm32f4xx_hal_msp.o
                0x08000e44                HAL_UART_MspInit
 .text.NMI_Handler
                0x08000ed4        0x8 ./Core/Src/stm32f4xx_it.o
                0x08000ed4                NMI_Handler
 .text.HardFault_Handler
                0x08000edc        0x8 ./Core/Src/stm32f4xx_it.o
                0x08000edc                HardFault_Handler
 .text.MemManage_Handler
                0x08000ee4        0x8 ./Core/Src/stm32f4xx_it.o
                0x08000ee4                MemManage_Handler
 .text.BusFault_Handler
                0x08000eec        0x8 ./Core/Src/stm32f4xx_it.o
                0x08000eec                BusFault_Handler
 .text.UsageFault_Handler
                0x08000ef4        0x8 ./Core/Src/stm32f4xx_it.o
                0x08000ef4                UsageFault_Handler
 .text.SVC_Handler
                0x08000efc        0xe ./Core/Src/stm32f4xx_it.o
                0x08000efc                SVC_Handler
 .text.DebugMon_Handler
                0x08000f0a        0xe ./Core/Src/stm32f4xx_it.o
                0x08000f0a                DebugMon_Handler
 .text.PendSV_Handler
                0x08000f18        0xe ./Core/Src/stm32f4xx_it.o
                0x08000f18                PendSV_Handler
 .text.SysTick_Handler
                0x08000f26        0xc ./Core/Src/stm32f4xx_it.o
                0x08000f26                SysTick_Handler
 *fill*         0x08000f32        0x2 
 .text.SystemInit
                0x08000f34       0x24 ./Core/Src/system_stm32f4xx.o
                0x08000f34                SystemInit
 .text.Reset_Handler
                0x08000f58       0x50 ./Core/Startup/startup_stm32f446retx.o
                0x08000f58                Reset_Handler
 .text.Default_Handler
                0x08000fa8        0x2 ./Core/Startup/startup_stm32f446retx.o
                0x08000fa8                RTC_Alarm_IRQHandler
                0x08000fa8                EXTI2_IRQHandler
                0x08000fa8                TIM8_CC_IRQHandler
                0x08000fa8                FMPI2C1_EV_IRQHandler
                0x08000fa8                SPI4_IRQHandler
                0x08000fa8                TIM1_CC_IRQHandler
                0x08000fa8                DMA2_Stream5_IRQHandler
                0x08000fa8                DMA1_Stream5_IRQHandler
                0x08000fa8                PVD_IRQHandler
                0x08000fa8                SDIO_IRQHandler
                0x08000fa8                TAMP_STAMP_IRQHandler
                0x08000fa8                CAN2_RX1_IRQHandler
                0x08000fa8                EXTI3_IRQHandler
                0x08000fa8                TIM8_TRG_COM_TIM14_IRQHandler
                0x08000fa8                TIM1_UP_TIM10_IRQHandler
                0x08000fa8                TIM8_UP_TIM13_IRQHandler
                0x08000fa8                I2C3_ER_IRQHandler
                0x08000fa8                EXTI0_IRQHandler
                0x08000fa8                I2C2_EV_IRQHandler
                0x08000fa8                DMA1_Stream2_IRQHandler
                0x08000fa8                CAN1_RX0_IRQHandler
                0x08000fa8                FPU_IRQHandler
                0x08000fa8                OTG_HS_WKUP_IRQHandler
                0x08000fa8                CAN2_SCE_IRQHandler
                0x08000fa8                DMA2_Stream2_IRQHandler
                0x08000fa8                SPI1_IRQHandler
                0x08000fa8                TIM6_DAC_IRQHandler
                0x08000fa8                TIM1_BRK_TIM9_IRQHandler
                0x08000fa8                DCMI_IRQHandler
                0x08000fa8                CAN2_RX0_IRQHandler
                0x08000fa8                DMA2_Stream3_IRQHandler
                0x08000fa8                SAI2_IRQHandler
                0x08000fa8                USART6_IRQHandler
                0x08000fa8                USART3_IRQHandler
                0x08000fa8                CAN1_RX1_IRQHandler
                0x08000fa8                UART5_IRQHandler
                0x08000fa8                DMA2_Stream0_IRQHandler
                0x08000fa8                TIM4_IRQHandler
                0x08000fa8                QUADSPI_IRQHandler
                0x08000fa8                I2C1_EV_IRQHandler
                0x08000fa8                DMA1_Stream6_IRQHandler
                0x08000fa8                DMA1_Stream1_IRQHandler
                0x08000fa8                UART4_IRQHandler
                0x08000fa8                TIM3_IRQHandler
                0x08000fa8                RCC_IRQHandler
                0x08000fa8                TIM8_BRK_TIM12_IRQHandler
                0x08000fa8                Default_Handler
                0x08000fa8                CEC_IRQHandler
                0x08000fa8                EXTI15_10_IRQHandler
                0x08000fa8                ADC_IRQHandler
                0x08000fa8                DMA1_Stream7_IRQHandler
                0x08000fa8                TIM7_IRQHandler
                0x08000fa8                CAN2_TX_IRQHandler
                0x08000fa8                TIM5_IRQHandler
                0x08000fa8                DMA2_Stream7_IRQHandler
                0x08000fa8                I2C3_EV_IRQHandler
                0x08000fa8                EXTI9_5_IRQHandler
                0x08000fa8                RTC_WKUP_IRQHandler
                0x08000fa8                SPDIF_RX_IRQHandler
                0x08000fa8                SPI2_IRQHandler
                0x08000fa8                OTG_HS_EP1_IN_IRQHandler
                0x08000fa8                DMA1_Stream0_IRQHandler
                0x08000fa8                CAN1_TX_IRQHandler
                0x08000fa8                FMPI2C1_ER_IRQHandler
                0x08000fa8                EXTI4_IRQHandler
                0x08000fa8                OTG_HS_EP1_OUT_IRQHandler
                0x08000fa8                WWDG_IRQHandler
                0x08000fa8                TIM2_IRQHandler
                0x08000fa8                OTG_FS_WKUP_IRQHandler
                0x08000fa8                TIM1_TRG_COM_TIM11_IRQHandler
                0x08000fa8                OTG_HS_IRQHandler
                0x08000fa8                EXTI1_IRQHandler
                0x08000fa8                USART2_IRQHandler
                0x08000fa8                I2C2_ER_IRQHandler
                0x08000fa8                DMA2_Stream1_IRQHandler
                0x08000fa8                CAN1_SCE_IRQHandler
                0x08000fa8                FLASH_IRQHandler
                0x08000fa8                DMA2_Stream4_IRQHandler
                0x08000fa8                USART1_IRQHandler
                0x08000fa8                OTG_FS_IRQHandler
                0x08000fa8                SPI3_IRQHandler
                0x08000fa8                DMA1_Stream4_IRQHandler
                0x08000fa8                I2C1_ER_IRQHandler
                0x08000fa8                FMC_IRQHandler
                0x08000fa8                DMA2_Stream6_IRQHandler
                0x08000fa8                SAI1_IRQHandler
                0x08000fa8                DMA1_Stream3_IRQHandler
 *fill*         0x08000faa        0x2 
 .text.HAL_Init
                0x08000fac       0x44 ./Drivers/STM32F4xx_HAL_Driver/Src/stm32f4xx_hal.o
                0x08000fac                HAL_Init
 .text.HAL_InitTick
                0x08000ff0       0x60 ./Drivers/STM32F4xx_HAL_Driver/Src/stm32f4xx_hal.o
                0x08000ff0                HAL_InitTick
 .text.HAL_IncTick
                0x08001050       0x28 ./Drivers/STM32F4xx_HAL_Driver/Src/stm32f4xx_hal.o
                0x08001050                HAL_IncTick
 .text.HAL_GetTick
                0x08001078       0x18 ./Drivers/STM32F4xx_HAL_Driver/Src/stm32f4xx_hal.o
                0x08001078                HAL_GetTick
 .text.HAL_Delay
                0x08001090       0x48 ./Drivers/STM32F4xx_HAL_Driver/Src/stm32f4xx_hal.o
                0x08001090                HAL_Delay
 .text.__NVIC_SetPriorityGrouping
                0x080010d8       0x48 ./Drivers/STM32F4xx_HAL_Driver/Src/stm32f4xx_hal_cortex.o
 .text.__NVIC_GetPriorityGrouping
                0x08001120       0x1c ./Drivers/STM32F4xx_HAL_Driver/Src/stm32f4xx_hal_cortex.o
 .text.__NVIC_SetPriority
                0x0800113c       0x54 ./Drivers/STM32F4xx_HAL_Driver/Src/stm32f4xx_hal_cortex.o
 .text.NVIC_EncodePriority
                0x08001190       0x66 ./Drivers/STM32F4xx_HAL_Driver/Src/stm32f4xx_hal_cortex.o
 *fill*         0x080011f6        0x2 
 .text.SysTick_Config
                0x080011f8       0x44 ./Drivers/STM32F4xx_HAL_Driver/Src/stm32f4xx_hal_cortex.o
 .text.HAL_NVIC_SetPriorityGrouping
                0x0800123c       0x16 ./Drivers/STM32F4xx_HAL_Driver/Src/stm32f4xx_hal_cortex.o
                0x0800123c                HAL_NVIC_SetPriorityGrouping
 .text.HAL_NVIC_SetPriority
                0x08001252       0x38 ./Drivers/STM32F4xx_HAL_Driver/Src/stm32f4xx_hal_cortex.o
                0x08001252                HAL_NVIC_SetPriority
 .text.HAL_SYSTICK_Config
                0x0800128a       0x18 ./Drivers/STM32F4xx_HAL_Driver/Src/stm32f4xx_hal_cortex.o
                0x0800128a                HAL_SYSTICK_Config
 *fill*         0x080012a2        0x2 
 .text.HAL_FLASH_Program
                0x080012a4       0xa4 ./Drivers/STM32F4xx_HAL_Driver/Src/stm32f4xx_hal_flash.o
                0x080012a4                HAL_FLASH_Program
 .text.HAL_FLASH_Unlock
                0x08001348       0x44 ./Drivers/STM32F4xx_HAL_Driver/Src/stm32f4xx_hal_flash.o
                0x08001348                HAL_FLASH_Unlock
 .text.HAL_FLASH_Lock
                0x0800138c       0x20 ./Drivers/STM32F4xx_HAL_Driver/Src/stm32f4xx_hal_flash.o
                0x0800138c                HAL_FLASH_Lock
 .text.FLASH_WaitForLastOperation
                0x080013ac       0x80 ./Drivers/STM32F4xx_HAL_Driver/Src/stm32f4xx_hal_flash.o
                0x080013ac                FLASH_WaitForLastOperation
 .text.FLASH_Program_DoubleWord
                0x0800142c       0x64 ./Drivers/STM32F4xx_HAL_Driver/Src/stm32f4xx_hal_flash.o
 .text.FLASH_Program_Word
                0x08001490       0x44 ./Drivers/STM32F4xx_HAL_Driver/Src/stm32f4xx_hal_flash.o
 .text.FLASH_Program_HalfWord
                0x080014d4       0x48 ./Drivers/STM32F4xx_HAL_Driver/Src/stm32f4xx_hal_flash.o
 .text.FLASH_Program_Byte
                0x0800151c       0x44 ./Drivers/STM32F4xx_HAL_Driver/Src/stm32f4xx_hal_flash.o
 .text.FLASH_SetErrorCode
                0x08001560       0xcc ./Drivers/STM32F4xx_HAL_Driver/Src/stm32f4xx_hal_flash.o
 .text.HAL_FLASHEx_Erase
                0x0800162c       0xdc ./Drivers/STM32F4xx_HAL_Driver/Src/stm32f4xx_hal_flash_ex.o
                0x0800162c                HAL_FLASHEx_Erase
 .text.FLASH_MassErase
                0x08001708       0x48 ./Drivers/STM32F4xx_HAL_Driver/Src/stm32f4xx_hal_flash_ex.o
 .text.FLASH_Erase_Sector
                0x08001750       0x90 ./Drivers/STM32F4xx_HAL_Driver/Src/stm32f4xx_hal_flash_ex.o
                0x08001750                FLASH_Erase_Sector
 .text.FLASH_FlushCaches
                0x080017e0       0x8c ./Drivers/STM32F4xx_HAL_Driver/Src/stm32f4xx_hal_flash_ex.o
                0x080017e0                FLASH_FlushCaches
 .text.HAL_GPIO_Init
                0x0800186c      0x328 ./Drivers/STM32F4xx_HAL_Driver/Src/stm32f4xx_hal_gpio.o
                0x0800186c                HAL_GPIO_Init
 .text.HAL_RCC_ClockConfig
                0x08001b94      0x1cc ./Drivers/STM32F4xx_HAL_Driver/Src/stm32f4xx_hal_rcc.o
                0x08001b94                HAL_RCC_ClockConfig
 .text.HAL_RCC_GetHCLKFreq
                0x08001d60       0x18 ./Drivers/STM32F4xx_HAL_Driver/Src/stm32f4xx_hal_rcc.o
                0x08001d60                HAL_RCC_GetHCLKFreq
 .text.HAL_RCC_GetPCLK1Freq
                0x08001d78       0x28 ./Drivers/STM32F4xx_HAL_Driver/Src/stm32f4xx_hal_rcc.o
                0x08001d78                HAL_RCC_GetPCLK1Freq
 .text.HAL_RCC_GetPCLK2Freq
                0x08001da0       0x28 ./Drivers/STM32F4xx_HAL_Driver/Src/stm32f4xx_hal_rcc.o
                0x08001da0                HAL_RCC_GetPCLK2Freq
 .text.HAL_RCC_GetSysClockFreq
                0x08001dc8      0x354 ./Drivers/STM32F4xx_HAL_Driver/Src/stm32f4xx_hal_rcc_ex.o
                0x08001dc8                HAL_RCC_GetSysClockFreq
 .text.HAL_RCC_OscConfig
                0x0800211c      0x53c ./Drivers/STM32F4xx_HAL_Driver/Src/stm32f4xx_hal_rcc_ex.o
                0x0800211c                HAL_RCC_OscConfig
 .text.HAL_UART_Init
                0x08002658       0xa0 ./Drivers/STM32F4xx_HAL_Driver/Src/stm32f4xx_hal_uart.o
                0x08002658                HAL_UART_Init
 .text.HAL_UART_Transmit
                0x080026f8      0x116 ./Drivers/STM32F4xx_HAL_Driver/Src/stm32f4xx_hal_uart.o
                0x080026f8                HAL_UART_Transmit
 .text.HAL_UART_Receive
                0x0800280e      0x12e ./Drivers/STM32F4xx_HAL_Driver/Src/stm32f4xx_hal_uart.o
                0x0800280e                HAL_UART_Receive
 .text.UART_WaitOnFlagUntilTimeout
                0x0800293c       0xb2 ./Drivers/STM32F4xx_HAL_Driver/Src/stm32f4xx_hal_uart.o
 .text.UART_EndRxTransfer
                0x080029ee       0xc6 ./Drivers/STM32F4xx_HAL_Driver/Src/stm32f4xx_hal_uart.o
 .text.UART_SetConfig
                0x08002ab4      0x4e8 ./Drivers/STM32F4xx_HAL_Driver/Src/stm32f4xx_hal_uart.o
 .text.memset   0x08002f9c       0x10 C:/ST/STM32CubeIDE_1.19.0/STM32CubeIDE/plugins/com.st.stm32cube.ide.mcu.externaltools.gnu-tools-for-stm32.13.3.rel1.win32_1.0.0.202411081344/tools/bin/../lib/gcc/arm-none-eabi/13.3.1/../../../../arm-none-eabi/lib/thumb/v7e-m+fp/hard\libc_nano.a(libc_a-memset.o)
                0x08002f9c                memset
 .text.__libc_init_array
                0x08002fac       0x48 C:/ST/STM32CubeIDE_1.19.0/STM32CubeIDE/plugins/com.st.stm32cube.ide.mcu.externaltools.gnu-tools-for-stm32.13.3.rel1.win32_1.0.0.202411081344/tools/bin/../lib/gcc/arm-none-eabi/13.3.1/../../../../arm-none-eabi/lib/thumb/v7e-m+fp/hard\libc_nano.a(libc_a-init.o)
                0x08002fac                __libc_init_array
 *(.glue_7)
 .glue_7        0x08002ff4        0x0 linker stubs
 *(.glue_7t)
 .glue_7t       0x08002ff4        0x0 linker stubs
 *(.eh_frame)
 .eh_frame      0x08002ff4        0x0 C:/ST/STM32CubeIDE_1.19.0/STM32CubeIDE/plugins/com.st.stm32cube.ide.mcu.externaltools.gnu-tools-for-stm32.13.3.rel1.win32_1.0.0.202411081344/tools/bin/../lib/gcc/arm-none-eabi/13.3.1/thumb/v7e-m+fp/hard/crtbegin.o
 *(.init)
 .init          0x08002ff4        0x4 C:/ST/STM32CubeIDE_1.19.0/STM32CubeIDE/plugins/com.st.stm32cube.ide.mcu.externaltools.gnu-tools-for-stm32.13.3.rel1.win32_1.0.0.202411081344/tools/bin/../lib/gcc/arm-none-eabi/13.3.1/thumb/v7e-m+fp/hard/crti.o
                0x08002ff4                _init
 .init          0x08002ff8        0x8 C:/ST/STM32CubeIDE_1.19.0/STM32CubeIDE/plugins/com.st.stm32cube.ide.mcu.externaltools.gnu-tools-for-stm32.13.3.rel1.win32_1.0.0.202411081344/tools/bin/../lib/gcc/arm-none-eabi/13.3.1/thumb/v7e-m+fp/hard/crtn.o
 *(.fini)
 .fini          0x08003000        0x4 C:/ST/STM32CubeIDE_1.19.0/STM32CubeIDE/plugins/com.st.stm32cube.ide.mcu.externaltools.gnu-tools-for-stm32.13.3.rel1.win32_1.0.0.202411081344/tools/bin/../lib/gcc/arm-none-eabi/13.3.1/thumb/v7e-m+fp/hard/crti.o
                0x08003000                _fini
 .fini          0x08003004        0x8 C:/ST/STM32CubeIDE_1.19.0/STM32CubeIDE/plugins/com.st.stm32cube.ide.mcu.externaltools.gnu-tools-for-stm32.13.3.rel1.win32_1.0.0.202411081344/tools/bin/../lib/gcc/arm-none-eabi/13.3.1/thumb/v7e-m+fp/hard/crtn.o
                0x0800300c                        . = ALIGN (0x4)
                0x0800300c                        _etext = .

.vfp11_veneer   0x0800300c        0x0
 .vfp11_veneer  0x0800300c        0x0 linker stubs

.v4_bx          0x0800300c        0x0
 .v4_bx         0x0800300c        0x0 linker stubs

.iplt           0x0800300c        0x0
 .iplt          0x0800300c        0x0 C:/ST/STM32CubeIDE_1.19.0/STM32CubeIDE/plugins/com.st.stm32cube.ide.mcu.externaltools.gnu-tools-for-stm32.13.3.rel1.win32_1.0.0.202411081344/tools/bin/../lib/gcc/arm-none-eabi/13.3.1/thumb/v7e-m+fp/hard/crtbegin.o

.rodata         0x0800300c       0xc4
                0x0800300c                        . = ALIGN (0x4)
 *(.rodata)
 .rodata        0x0800300c        0x5 ./Core/Src/main.o
 *(.rodata*)
 *fill*         0x08003011        0x3 
 .rodata.FlashSectors
                0x08003014       0xa0 ./Core/Src/BL_DRIVER/BL_FLASH_DRIVER/BL_flash.o
 .rodata.DRV_UartInstances_arr
                0x080030b4        0x3 ./Core/Src/BL_DRIVER/BL_UART_DRIVER/BL_UART.o
 *fill*         0x080030b7        0x1 
 .rodata.AHBPrescTable
                0x080030b8       0x10 ./Core/Src/system_stm32f4xx.o
                0x080030b8                AHBPrescTable
 .rodata.APBPrescTable
                0x080030c8        0x8 ./Core/Src/system_stm32f4xx.o
                0x080030c8                APBPrescTable
                0x080030d0                        . = ALIGN (0x4)

.ARM.extab      0x080030d0        0x0
                0x080030d0                        . = ALIGN (0x4)
 *(.ARM.extab* .gnu.linkonce.armextab.*)
                0x080030d0                        . = ALIGN (0x4)

.ARM            0x080030d0        0x8
                0x080030d0                        . = ALIGN (0x4)
                0x080030d0                        __exidx_start = .
 *(.ARM.exidx*)
 .ARM.exidx     0x080030d0        0x8 C:/ST/STM32CubeIDE_1.19.0/STM32CubeIDE/plugins/com.st.stm32cube.ide.mcu.externaltools.gnu-tools-for-stm32.13.3.rel1.win32_1.0.0.202411081344/tools/bin/../lib/gcc/arm-none-eabi/13.3.1/thumb/v7e-m+fp/hard\libgcc.a(_udivmoddi4.o)
                0x080030d8                        __exidx_end = .
                0x080030d8                        . = ALIGN (0x4)

.preinit_array  0x080030d8        0x0
                0x080030d8                        . = ALIGN (0x4)
                0x080030d8                        PROVIDE (__preinit_array_start = .)
 *(.preinit_array*)
                0x080030d8                        PROVIDE (__preinit_array_end = .)
                0x080030d8                        . = ALIGN (0x4)

.init_array     0x080030d8        0x4
                0x080030d8                        . = ALIGN (0x4)
                0x080030d8                        PROVIDE (__init_array_start = .)
 *(SORT_BY_NAME(.init_array.*))
 *(.init_array*)
 .init_array    0x080030d8        0x4 C:/ST/STM32CubeIDE_1.19.0/STM32CubeIDE/plugins/com.st.stm32cube.ide.mcu.externaltools.gnu-tools-for-stm32.13.3.rel1.win32_1.0.0.202411081344/tools/bin/../lib/gcc/arm-none-eabi/13.3.1/thumb/v7e-m+fp/hard/crtbegin.o
                0x080030dc                        PROVIDE (__init_array_end = .)
                0x080030dc                        . = ALIGN (0x4)

.fini_array     0x080030dc        0x4
                0x080030dc                        . = ALIGN (0x4)
                [!provide]                        PROVIDE (__fini_array_start = .)
 *(SORT_BY_NAME(.fini_array.*))
 *(.fini_array*)
 .fini_array    0x080030dc        0x4 C:/ST/STM32CubeIDE_1.19.0/STM32CubeIDE/plugins/com.st.stm32cube.ide.mcu.externaltools.gnu-tools-for-stm32.13.3.rel1.win32_1.0.0.202411081344/tools/bin/../lib/gcc/arm-none-eabi/13.3.1/thumb/v7e-m+fp/hard/crtbegin.o
                [!provide]                        PROVIDE (__fini_array_end = .)
                0x080030e0                        . = ALIGN (0x4)
                0x080030e0                        _sidata = LOADADDR (.data)

.rel.dyn        0x080030e0        0x0
 .rel.iplt      0x080030e0        0x0 C:/ST/STM32CubeIDE_1.19.0/STM32CubeIDE/plugins/com.st.stm32cube.ide.mcu.externaltools.gnu-tools-for-stm32.13.3.rel1.win32_1.0.0.202411081344/tools/bin/../lib/gcc/arm-none-eabi/13.3.1/thumb/v7e-m+fp/hard/crtbegin.o

.data           0x20000000       0x2c load address 0x080030e0
                0x20000000                        . = ALIGN (0x4)
                0x20000000                        _sdata = .
 *(.data)
 *(.data*)
 .data.SystemCoreClock
                0x20000000        0x4 ./Core/Src/system_stm32f4xx.o
                0x20000000                SystemCoreClock
 .data.uwTickPrio
                0x20000004        0x4 ./Drivers/STM32F4xx_HAL_Driver/Src/stm32f4xx_hal.o
                0x20000004                uwTickPrio
 .data.uwTickFreq
                0x20000008        0x1 ./Drivers/STM32F4xx_HAL_Driver/Src/stm32f4xx_hal.o
                0x20000008                uwTickFreq
 *fill*         0x20000009        0x3 
 .data.pFlash   0x2000000c       0x20 ./Drivers/STM32F4xx_HAL_Driver/Src/stm32f4xx_hal_flash.o
                0x2000000c                pFlash
 *(.RamFunc)
 *(.RamFunc*)
                0x2000002c                        . = ALIGN (0x4)
                0x2000002c                        _edata = .

.igot.plt       0x2000002c        0x0 load address 0x0800310c
 .igot.plt      0x2000002c        0x0 C:/ST/STM32CubeIDE_1.19.0/STM32CubeIDE/plugins/com.st.stm32cube.ide.mcu.externaltools.gnu-tools-for-stm32.13.3.rel1.win32_1.0.0.202411081344/tools/bin/../lib/gcc/arm-none-eabi/13.3.1/thumb/v7e-m+fp/hard/crtbegin.o
                0x2000002c                        . = ALIGN (0x4)

.bss            0x2000002c      0x100 load address 0x0800310c
                0x2000002c                        _sbss = .
                0x2000002c                        __bss_start__ = _sbss
 *(.bss)
 .bss           0x2000002c       0x1c C:/ST/STM32CubeIDE_1.19.0/STM32CubeIDE/plugins/com.st.stm32cube.ide.mcu.externaltools.gnu-tools-for-stm32.13.3.rel1.win32_1.0.0.202411081344/tools/bin/../lib/gcc/arm-none-eabi/13.3.1/thumb/v7e-m+fp/hard/crtbegin.o
 *(.bss*)
 .bss.huart1    0x20000048       0x48 ./Core/Src/BL_DRIVER/BL_UART_DRIVER/BL_UART.o
                0x20000048                huart1
 .bss.huart2    0x20000090       0x48 ./Core/Src/BL_DRIVER/BL_UART_DRIVER/BL_UART.o
                0x20000090                huart2
 .bss.huart3    0x200000d8       0x48 ./Core/Src/BL_DRIVER/BL_UART_DRIVER/BL_UART.o
                0x200000d8                huart3
 .bss.bytes_written
                0x20000120        0x4 ./Core/Src/main.o
                0x20000120                bytes_written
 .bss.cmd       0x20000124        0x1 ./Core/Src/main.o
                0x20000124                cmd
 *fill*         0x20000125        0x3 
 .bss.uwTick    0x20000128        0x4 ./Drivers/STM32F4xx_HAL_Driver/Src/stm32f4xx_hal.o
                0x20000128                uwTick
 *(COMMON)
                0x2000012c                        . = ALIGN (0x4)
                0x2000012c                        _ebss = .
                0x2000012c                        __bss_end__ = _ebss

._user_heap_stack
                0x2000012c      0x604 load address 0x0800310c
                0x20000130                        . = ALIGN (0x8)
 *fill*         0x2000012c        0x4 
                [!provide]                        PROVIDE (end = .)
                0x20000130                        PROVIDE (_end = .)
                0x20000330                        . = (. + _Min_Heap_Size)
 *fill*         0x20000130      0x200 
                0x20000730                        . = (. + _Min_Stack_Size)
 *fill*         0x20000330      0x400 
                0x20000730                        . = ALIGN (0x8)

/DISCARD/
 libc.a(*)
 libm.a(*)
 libgcc.a(*)

.ARM.attributes
                0x00000000       0x30
 *(.ARM.attributes)
 .ARM.attributes
                0x00000000       0x22 C:/ST/STM32CubeIDE_1.19.0/STM32CubeIDE/plugins/com.st.stm32cube.ide.mcu.externaltools.gnu-tools-for-stm32.13.3.rel1.win32_1.0.0.202411081344/tools/bin/../lib/gcc/arm-none-eabi/13.3.1/thumb/v7e-m+fp/hard/crti.o
 .ARM.attributes
                0x00000022       0x34 C:/ST/STM32CubeIDE_1.19.0/STM32CubeIDE/plugins/com.st.stm32cube.ide.mcu.externaltools.gnu-tools-for-stm32.13.3.rel1.win32_1.0.0.202411081344/tools/bin/../lib/gcc/arm-none-eabi/13.3.1/thumb/v7e-m+fp/hard/crtbegin.o
 .ARM.attributes
                0x00000056       0x34 ./Core/Src/BL_DRIVER/BL_FLASH_DRIVER/BL_flash.o
 .ARM.attributes
                0x0000008a       0x34 ./Core/Src/BL_DRIVER/BL_UART_DRIVER/BL_UART.o
 .ARM.attributes
                0x000000be       0x34 ./Core/Src/main.o
 .ARM.attributes
                0x000000f2       0x34 ./Core/Src/stm32f4xx_hal_msp.o
 .ARM.attributes
                0x00000126       0x34 ./Core/Src/stm32f4xx_it.o
 .ARM.attributes
                0x0000015a       0x34 ./Core/Src/system_stm32f4xx.o
 .ARM.attributes
                0x0000018e       0x21 ./Core/Startup/startup_stm32f446retx.o
 .ARM.attributes
                0x000001af       0x34 ./Drivers/STM32F4xx_HAL_Driver/Src/stm32f4xx_hal.o
 .ARM.attributes
                0x000001e3       0x34 ./Drivers/STM32F4xx_HAL_Driver/Src/stm32f4xx_hal_cortex.o
 .ARM.attributes
                0x00000217       0x34 ./Drivers/STM32F4xx_HAL_Driver/Src/stm32f4xx_hal_flash.o
 .ARM.attributes
                0x0000024b       0x34 ./Drivers/STM32F4xx_HAL_Driver/Src/stm32f4xx_hal_flash_ex.o
 .ARM.attributes
                0x0000027f       0x34 ./Drivers/STM32F4xx_HAL_Driver/Src/stm32f4xx_hal_gpio.o
 .ARM.attributes
                0x000002b3       0x34 ./Drivers/STM32F4xx_HAL_Driver/Src/stm32f4xx_hal_rcc.o
 .ARM.attributes
                0x000002e7       0x34 ./Drivers/STM32F4xx_HAL_Driver/Src/stm32f4xx_hal_rcc_ex.o
 .ARM.attributes
                0x0000031b       0x34 ./Drivers/STM32F4xx_HAL_Driver/Src/stm32f4xx_hal_uart.o
 .ARM.attributes
                0x0000034f       0x34 C:/ST/STM32CubeIDE_1.19.0/STM32CubeIDE/plugins/com.st.stm32cube.ide.mcu.externaltools.gnu-tools-for-stm32.13.3.rel1.win32_1.0.0.202411081344/tools/bin/../lib/gcc/arm-none-eabi/13.3.1/../../../../arm-none-eabi/lib/thumb/v7e-m+fp/hard\libc_nano.a(libc_a-memset.o)
 .ARM.attributes
                0x00000383       0x34 C:/ST/STM32CubeIDE_1.19.0/STM32CubeIDE/plugins/com.st.stm32cube.ide.mcu.externaltools.gnu-tools-for-stm32.13.3.rel1.win32_1.0.0.202411081344/tools/bin/../lib/gcc/arm-none-eabi/13.3.1/../../../../arm-none-eabi/lib/thumb/v7e-m+fp/hard\libc_nano.a(libc_a-init.o)
 .ARM.attributes
                0x000003b7       0x22 C:/ST/STM32CubeIDE_1.19.0/STM32CubeIDE/plugins/com.st.stm32cube.ide.mcu.externaltools.gnu-tools-for-stm32.13.3.rel1.win32_1.0.0.202411081344/tools/bin/../lib/gcc/arm-none-eabi/13.3.1/thumb/v7e-m+fp/hard\libgcc.a(_aeabi_uldivmod.o)
 .ARM.attributes
                0x000003d9       0x34 C:/ST/STM32CubeIDE_1.19.0/STM32CubeIDE/plugins/com.st.stm32cube.ide.mcu.externaltools.gnu-tools-for-stm32.13.3.rel1.win32_1.0.0.202411081344/tools/bin/../lib/gcc/arm-none-eabi/13.3.1/thumb/v7e-m+fp/hard\libgcc.a(_udivmoddi4.o)
 .ARM.attributes
                0x0000040d       0x22 C:/ST/STM32CubeIDE_1.19.0/STM32CubeIDE/plugins/com.st.stm32cube.ide.mcu.externaltools.gnu-tools-for-stm32.13.3.rel1.win32_1.0.0.202411081344/tools/bin/../lib/gcc/arm-none-eabi/13.3.1/thumb/v7e-m+fp/hard\libgcc.a(_dvmd_tls.o)
 .ARM.attributes
                0x0000042f       0x22 C:/ST/STM32CubeIDE_1.19.0/STM32CubeIDE/plugins/com.st.stm32cube.ide.mcu.externaltools.gnu-tools-for-stm32.13.3.rel1.win32_1.0.0.202411081344/tools/bin/../lib/gcc/arm-none-eabi/13.3.1/thumb/v7e-m+fp/hard/crtn.o
OUTPUT(BL_UART.elf elf32-littlearm)
LOAD linker stubs
LOAD C:/ST/STM32CubeIDE_1.19.0/STM32CubeIDE/plugins/com.st.stm32cube.ide.mcu.externaltools.gnu-tools-for-stm32.13.3.rel1.win32_1.0.0.202411081344/tools/bin/../lib/gcc/arm-none-eabi/13.3.1/../../../../arm-none-eabi/lib/thumb/v7e-m+fp/hard\libc.a
LOAD C:/ST/STM32CubeIDE_1.19.0/STM32CubeIDE/plugins/com.st.stm32cube.ide.mcu.externaltools.gnu-tools-for-stm32.13.3.rel1.win32_1.0.0.202411081344/tools/bin/../lib/gcc/arm-none-eabi/13.3.1/../../../../arm-none-eabi/lib/thumb/v7e-m+fp/hard\libm.a
LOAD C:/ST/STM32CubeIDE_1.19.0/STM32CubeIDE/plugins/com.st.stm32cube.ide.mcu.externaltools.gnu-tools-for-stm32.13.3.rel1.win32_1.0.0.202411081344/tools/bin/../lib/gcc/arm-none-eabi/13.3.1/thumb/v7e-m+fp/hard\libgcc.a

.debug_info     0x00000000     0x9ac9
 .debug_info    0x00000000      0x4be ./Core/Src/BL_DRIVER/BL_FLASH_DRIVER/BL_flash.o
 .debug_info    0x000004be      0x856 ./Core/Src/BL_DRIVER/BL_UART_DRIVER/BL_UART.o
 .debug_info    0x00000d14      0xb46 ./Core/Src/main.o
 .debug_info    0x0000185a      0xe8e ./Core/Src/stm32f4xx_hal_msp.o
 .debug_info    0x000026e8      0x112 ./Core/Src/stm32f4xx_it.o
 .debug_info    0x000027fa      0x54a ./Core/Src/system_stm32f4xx.o
 .debug_info    0x00002d44       0x30 ./Core/Startup/startup_stm32f446retx.o
 .debug_info    0x00002d74      0x99a ./Drivers/STM32F4xx_HAL_Driver/Src/stm32f4xx_hal.o
 .debug_info    0x0000370e      0xdaa ./Drivers/STM32F4xx_HAL_Driver/Src/stm32f4xx_hal_cortex.o
 .debug_info    0x000044b8      0x57d ./Drivers/STM32F4xx_HAL_Driver/Src/stm32f4xx_hal_flash.o
 .debug_info    0x00004a35      0x7db ./Drivers/STM32F4xx_HAL_Driver/Src/stm32f4xx_hal_flash_ex.o
 .debug_info    0x00005210      0x70b ./Drivers/STM32F4xx_HAL_Driver/Src/stm32f4xx_hal_gpio.o
 .debug_info    0x0000591b      0x8ff ./Drivers/STM32F4xx_HAL_Driver/Src/stm32f4xx_hal_rcc.o
 .debug_info    0x0000621a      0x960 ./Drivers/STM32F4xx_HAL_Driver/Src/stm32f4xx_hal_rcc_ex.o
 .debug_info    0x00006b7a     0x2f4f ./Drivers/STM32F4xx_HAL_Driver/Src/stm32f4xx_hal_uart.o

.debug_abbrev   0x00000000     0x1df1
 .debug_abbrev  0x00000000      0x16b ./Core/Src/BL_DRIVER/BL_FLASH_DRIVER/BL_flash.o
 .debug_abbrev  0x0000016b      0x1da ./Core/Src/BL_DRIVER/BL_UART_DRIVER/BL_UART.o
 .debug_abbrev  0x00000345      0x337 ./Core/Src/main.o
 .debug_abbrev  0x0000067c      0x1f1 ./Core/Src/stm32f4xx_hal_msp.o
 .debug_abbrev  0x0000086d       0x73 ./Core/Src/stm32f4xx_it.o
 .debug_abbrev  0x000008e0      0x11a ./Core/Src/system_stm32f4xx.o
 .debug_abbrev  0x000009fa       0x24 ./Core/Startup/startup_stm32f446retx.o
 .debug_abbrev  0x00000a1e      0x214 ./Drivers/STM32F4xx_HAL_Driver/Src/stm32f4xx_hal.o
 .debug_abbrev  0x00000c32      0x31d ./Drivers/STM32F4xx_HAL_Driver/Src/stm32f4xx_hal_cortex.o
 .debug_abbrev  0x00000f4f      0x28c ./Drivers/STM32F4xx_HAL_Driver/Src/stm32f4xx_hal_flash.o
 .debug_abbrev  0x000011db      0x26c ./Drivers/STM32F4xx_HAL_Driver/Src/stm32f4xx_hal_flash_ex.o
 .debug_abbrev  0x00001447      0x1d4 ./Drivers/STM32F4xx_HAL_Driver/Src/stm32f4xx_hal_gpio.o
 .debug_abbrev  0x0000161b      0x2b7 ./Drivers/STM32F4xx_HAL_Driver/Src/stm32f4xx_hal_rcc.o
 .debug_abbrev  0x000018d2      0x211 ./Drivers/STM32F4xx_HAL_Driver/Src/stm32f4xx_hal_rcc_ex.o
 .debug_abbrev  0x00001ae3      0x30e ./Drivers/STM32F4xx_HAL_Driver/Src/stm32f4xx_hal_uart.o

.debug_aranges  0x00000000      0x8e0
 .debug_aranges
                0x00000000       0x48 ./Core/Src/BL_DRIVER/BL_FLASH_DRIVER/BL_flash.o
 .debug_aranges
                0x00000048       0x48 ./Core/Src/BL_DRIVER/BL_UART_DRIVER/BL_UART.o
 .debug_aranges
                0x00000090       0x78 ./Core/Src/main.o
 .debug_aranges
                0x00000108       0x40 ./Core/Src/stm32f4xx_hal_msp.o
 .debug_aranges
                0x00000148       0x60 ./Core/Src/stm32f4xx_it.o
 .debug_aranges
                0x000001a8       0x28 ./Core/Src/system_stm32f4xx.o
 .debug_aranges
                0x000001d0       0x28 ./Core/Startup/startup_stm32f446retx.o
 .debug_aranges
                0x000001f8       0xf0 ./Drivers/STM32F4xx_HAL_Driver/Src/stm32f4xx_hal.o
 .debug_aranges
                0x000002e8      0x130 ./Drivers/STM32F4xx_HAL_Driver/Src/stm32f4xx_hal_cortex.o
 .debug_aranges
                0x00000418       0xa0 ./Drivers/STM32F4xx_HAL_Driver/Src/stm32f4xx_hal_flash.o
 .debug_aranges
                0x000004b8       0xc8 ./Drivers/STM32F4xx_HAL_Driver/Src/stm32f4xx_hal_flash_ex.o
 .debug_aranges
                0x00000580       0x58 ./Drivers/STM32F4xx_HAL_Driver/Src/stm32f4xx_hal_gpio.o
 .debug_aranges
                0x000005d8       0x88 ./Drivers/STM32F4xx_HAL_Driver/Src/stm32f4xx_hal_rcc.o
 .debug_aranges
                0x00000660       0x78 ./Drivers/STM32F4xx_HAL_Driver/Src/stm32f4xx_hal_rcc_ex.o
 .debug_aranges
                0x000006d8      0x208 ./Drivers/STM32F4xx_HAL_Driver/Src/stm32f4xx_hal_uart.o

.debug_rnglists
                0x00000000      0x6bd
 .debug_rnglists
                0x00000000       0x34 ./Core/Src/BL_DRIVER/BL_FLASH_DRIVER/BL_flash.o
 .debug_rnglists
                0x00000034       0x34 ./Core/Src/BL_DRIVER/BL_UART_DRIVER/BL_UART.o
 .debug_rnglists
                0x00000068       0x57 ./Core/Src/main.o
 .debug_rnglists
                0x000000bf       0x2c ./Core/Src/stm32f4xx_hal_msp.o
 .debug_rnglists
                0x000000eb       0x43 ./Core/Src/stm32f4xx_it.o
 .debug_rnglists
                0x0000012e       0x1a ./Core/Src/system_stm32f4xx.o
 .debug_rnglists
                0x00000148       0x19 ./Core/Startup/startup_stm32f446retx.o
 .debug_rnglists
                0x00000161       0xaf ./Drivers/STM32F4xx_HAL_Driver/Src/stm32f4xx_hal.o
 .debug_rnglists
                0x00000210       0xe0 ./Drivers/STM32F4xx_HAL_Driver/Src/stm32f4xx_hal_cortex.o
 .debug_rnglists
                0x000002f0       0x78 ./Drivers/STM32F4xx_HAL_Driver/Src/stm32f4xx_hal_flash.o
 .debug_rnglists
                0x00000368       0x96 ./Drivers/STM32F4xx_HAL_Driver/Src/stm32f4xx_hal_flash_ex.o
 .debug_rnglists
                0x000003fe       0x3f ./Drivers/STM32F4xx_HAL_Driver/Src/stm32f4xx_hal_gpio.o
 .debug_rnglists
                0x0000043d       0x66 ./Drivers/STM32F4xx_HAL_Driver/Src/stm32f4xx_hal_rcc.o
 .debug_rnglists
                0x000004a3       0x5e ./Drivers/STM32F4xx_HAL_Driver/Src/stm32f4xx_hal_rcc_ex.o
 .debug_rnglists
                0x00000501      0x1bc ./Drivers/STM32F4xx_HAL_Driver/Src/stm32f4xx_hal_uart.o

.debug_macro    0x00000000    0x2132d
 .debug_macro   0x00000000      0x1e8 ./Core/Src/BL_DRIVER/BL_FLASH_DRIVER/BL_flash.o
 .debug_macro   0x000001e8      0xad8 ./Core/Src/BL_DRIVER/BL_FLASH_DRIVER/BL_flash.o
 .debug_macro   0x00000cc0      0x29b ./Core/Src/BL_DRIVER/BL_FLASH_DRIVER/BL_flash.o
 .debug_macro   0x00000f5b       0x2e ./Core/Src/BL_DRIVER/BL_FLASH_DRIVER/BL_flash.o
 .debug_macro   0x00000f89       0x28 ./Core/Src/BL_DRIVER/BL_FLASH_DRIVER/BL_flash.o
 .debug_macro   0x00000fb1       0x22 ./Core/Src/BL_DRIVER/BL_FLASH_DRIVER/BL_flash.o
 .debug_macro   0x00000fd3       0x8e ./Core/Src/BL_DRIVER/BL_FLASH_DRIVER/BL_flash.o
 .debug_macro   0x00001061       0x51 ./Core/Src/BL_DRIVER/BL_FLASH_DRIVER/BL_flash.o
 .debug_macro   0x000010b2      0x103 ./Core/Src/BL_DRIVER/BL_FLASH_DRIVER/BL_flash.o
 .debug_macro   0x000011b5       0x6a ./Core/Src/BL_DRIVER/BL_FLASH_DRIVER/BL_flash.o
 .debug_macro   0x0000121f      0x1df ./Core/Src/BL_DRIVER/BL_FLASH_DRIVER/BL_flash.o
 .debug_macro   0x000013fe       0x1c ./Core/Src/BL_DRIVER/BL_FLASH_DRIVER/BL_flash.o
 .debug_macro   0x0000141a       0x22 ./Core/Src/BL_DRIVER/BL_FLASH_DRIVER/BL_flash.o
 .debug_macro   0x0000143c       0xfb ./Core/Src/BL_DRIVER/BL_FLASH_DRIVER/BL_flash.o
 .debug_macro   0x00001537     0x1011 ./Core/Src/BL_DRIVER/BL_FLASH_DRIVER/BL_flash.o
 .debug_macro   0x00002548      0x11f ./Core/Src/BL_DRIVER/BL_FLASH_DRIVER/BL_flash.o
 .debug_macro   0x00002667    0x1675e ./Core/Src/BL_DRIVER/BL_FLASH_DRIVER/BL_flash.o
 .debug_macro   0x00018dc5       0x6d ./Core/Src/BL_DRIVER/BL_FLASH_DRIVER/BL_flash.o
 .debug_macro   0x00018e32     0x3693 ./Core/Src/BL_DRIVER/BL_FLASH_DRIVER/BL_flash.o
 .debug_macro   0x0001c4c5      0x190 ./Core/Src/BL_DRIVER/BL_FLASH_DRIVER/BL_flash.o
 .debug_macro   0x0001c655       0x5c ./Core/Src/BL_DRIVER/BL_FLASH_DRIVER/BL_flash.o
 .debug_macro   0x0001c6b1      0xca5 ./Core/Src/BL_DRIVER/BL_FLASH_DRIVER/BL_flash.o
 .debug_macro   0x0001d356      0x9e9 ./Core/Src/BL_DRIVER/BL_FLASH_DRIVER/BL_flash.o
 .debug_macro   0x0001dd3f      0x115 ./Core/Src/BL_DRIVER/BL_FLASH_DRIVER/BL_flash.o
 .debug_macro   0x0001de54      0x1a0 ./Core/Src/BL_DRIVER/BL_FLASH_DRIVER/BL_flash.o
 .debug_macro   0x0001dff4       0xa5 ./Core/Src/BL_DRIVER/BL_FLASH_DRIVER/BL_flash.o
 .debug_macro   0x0001e099      0x16d ./Core/Src/BL_DRIVER/BL_FLASH_DRIVER/BL_flash.o
 .debug_macro   0x0001e206      0x287 ./Core/Src/BL_DRIVER/BL_FLASH_DRIVER/BL_flash.o
 .debug_macro   0x0001e48d       0x5f ./Core/Src/BL_DRIVER/BL_FLASH_DRIVER/BL_flash.o
 .debug_macro   0x0001e4ec      0x236 ./Core/Src/BL_DRIVER/BL_FLASH_DRIVER/BL_flash.o
 .debug_macro   0x0001e722      0x132 ./Core/Src/BL_DRIVER/BL_FLASH_DRIVER/BL_flash.o
 .debug_macro   0x0001e854      0x29c ./Core/Src/BL_DRIVER/BL_FLASH_DRIVER/BL_flash.o
 .debug_macro   0x0001eaf0       0x2e ./Core/Src/BL_DRIVER/BL_FLASH_DRIVER/BL_flash.o
 .debug_macro   0x0001eb1e      0x127 ./Core/Src/BL_DRIVER/BL_FLASH_DRIVER/BL_flash.o
 .debug_macro   0x0001ec45       0xe8 ./Core/Src/BL_DRIVER/BL_FLASH_DRIVER/BL_flash.o
 .debug_macro   0x0001ed2d       0x89 ./Core/Src/BL_DRIVER/BL_FLASH_DRIVER/BL_flash.o
 .debug_macro   0x0001edb6      0x30c ./Core/Src/BL_DRIVER/BL_FLASH_DRIVER/BL_flash.o
 .debug_macro   0x0001f0c2      0x44b ./Core/Src/BL_DRIVER/BL_FLASH_DRIVER/BL_flash.o
 .debug_macro   0x0001f50d       0xeb ./Core/Src/BL_DRIVER/BL_FLASH_DRIVER/BL_flash.o
 .debug_macro   0x0001f5f8      0x2aa ./Core/Src/BL_DRIVER/BL_FLASH_DRIVER/BL_flash.o
 .debug_macro   0x0001f8a2      0x126 ./Core/Src/BL_DRIVER/BL_FLASH_DRIVER/BL_flash.o
 .debug_macro   0x0001f9c8       0x3a ./Core/Src/BL_DRIVER/BL_FLASH_DRIVER/BL_flash.o
 .debug_macro   0x0001fa02      0x1e3 ./Core/Src/BL_DRIVER/BL_UART_DRIVER/BL_UART.o
 .debug_macro   0x0001fbe5      0x1f4 ./Core/Src/main.o
 .debug_macro   0x0001fdd9       0x34 ./Core/Src/main.o
 .debug_macro   0x0001fe0d       0x40 ./Core/Src/main.o
 .debug_macro   0x0001fe4d       0x10 ./Core/Src/main.o
 .debug_macro   0x0001fe5d      0x1e2 ./Core/Src/stm32f4xx_hal_msp.o
 .debug_macro   0x0002003f      0x1ec ./Core/Src/stm32f4xx_it.o
 .debug_macro   0x0002022b      0x1d3 ./Core/Src/system_stm32f4xx.o
 .debug_macro   0x000203fe      0x233 ./Drivers/STM32F4xx_HAL_Driver/Src/stm32f4xx_hal.o
 .debug_macro   0x00020631      0x1d3 ./Drivers/STM32F4xx_HAL_Driver/Src/stm32f4xx_hal_cortex.o
 .debug_macro   0x00020804      0x1d9 ./Drivers/STM32F4xx_HAL_Driver/Src/stm32f4xx_hal_flash.o
 .debug_macro   0x000209dd      0x1d9 ./Drivers/STM32F4xx_HAL_Driver/Src/stm32f4xx_hal_flash_ex.o
 .debug_macro   0x00020bb6      0x1d9 ./Drivers/STM32F4xx_HAL_Driver/Src/stm32f4xx_hal_gpio.o
 .debug_macro   0x00020d8f      0x1f7 ./Drivers/STM32F4xx_HAL_Driver/Src/stm32f4xx_hal_rcc.o
 .debug_macro   0x00020f86      0x1d3 ./Drivers/STM32F4xx_HAL_Driver/Src/stm32f4xx_hal_rcc_ex.o
 .debug_macro   0x00021159      0x1d4 ./Drivers/STM32F4xx_HAL_Driver/Src/stm32f4xx_hal_uart.o

.debug_line     0x00000000     0xb61d
 .debug_line    0x00000000      0x92e ./Core/Src/BL_DRIVER/BL_FLASH_DRIVER/BL_flash.o
 .debug_line    0x0000092e      0x884 ./Core/Src/BL_DRIVER/BL_UART_DRIVER/BL_UART.o
 .debug_line    0x000011b2      0x9f9 ./Core/Src/main.o
 .debug_line    0x00001bab      0x7e3 ./Core/Src/stm32f4xx_hal_msp.o
 .debug_line    0x0000238e      0x7f5 ./Core/Src/stm32f4xx_it.o
 .debug_line    0x00002b83      0x7bc ./Core/Src/system_stm32f4xx.o
 .debug_line    0x0000333f       0x7a ./Core/Startup/startup_stm32f446retx.o
 .debug_line    0x000033b9      0xa38 ./Drivers/STM32F4xx_HAL_Driver/Src/stm32f4xx_hal.o
 .debug_line    0x00003df1      0xd08 ./Drivers/STM32F4xx_HAL_Driver/Src/stm32f4xx_hal_cortex.o
 .debug_line    0x00004af9      0xaeb ./Drivers/STM32F4xx_HAL_Driver/Src/stm32f4xx_hal_flash.o
 .debug_line    0x000055e4      0xbeb ./Drivers/STM32F4xx_HAL_Driver/Src/stm32f4xx_hal_flash_ex.o
 .debug_line    0x000061cf      0xb7c ./Drivers/STM32F4xx_HAL_Driver/Src/stm32f4xx_hal_gpio.o
 .debug_line    0x00006d4b      0xe51 ./Drivers/STM32F4xx_HAL_Driver/Src/stm32f4xx_hal_rcc.o
 .debug_line    0x00007b9c     0x1501 ./Drivers/STM32F4xx_HAL_Driver/Src/stm32f4xx_hal_rcc_ex.o
 .debug_line    0x0000909d     0x2580 ./Drivers/STM32F4xx_HAL_Driver/Src/stm32f4xx_hal_uart.o

.debug_str      0x00000000    0xcb098
 .debug_str     0x00000000    0xcb098 ./Core/Src/BL_DRIVER/BL_FLASH_DRIVER/BL_flash.o
                              0xc8304 (size before relaxing)
 .debug_str     0x000cb098    0xc8625 ./Core/Src/BL_DRIVER/BL_UART_DRIVER/BL_UART.o
 .debug_str     0x000cb098    0xc8755 ./Core/Src/main.o
 .debug_str     0x000cb098    0xc8a8e ./Core/Src/stm32f4xx_hal_msp.o
 .debug_str     0x000cb098    0xc80bd ./Core/Src/stm32f4xx_it.o
 .debug_str     0x000cb098    0xc8147 ./Core/Src/system_stm32f4xx.o
 .debug_str     0x000cb098       0x90 ./Core/Startup/startup_stm32f446retx.o
 .debug_str     0x000cb098    0xc8d0c ./Drivers/STM32F4xx_HAL_Driver/Src/stm32f4xx_hal.o
 .debug_str     0x000cb098    0xc8a63 ./Drivers/STM32F4xx_HAL_Driver/Src/stm32f4xx_hal_cortex.o
 .debug_str     0x000cb098    0xc8312 ./Drivers/STM32F4xx_HAL_Driver/Src/stm32f4xx_hal_flash.o
 .debug_str     0x000cb098    0xc8435 ./Drivers/STM32F4xx_HAL_Driver/Src/stm32f4xx_hal_flash_ex.o
 .debug_str     0x000cb098    0xc82c2 ./Drivers/STM32F4xx_HAL_Driver/Src/stm32f4xx_hal_gpio.o
 .debug_str     0x000cb098    0xc8580 ./Drivers/STM32F4xx_HAL_Driver/Src/stm32f4xx_hal_rcc.o
 .debug_str     0x000cb098    0xc85b3 ./Drivers/STM32F4xx_HAL_Driver/Src/stm32f4xx_hal_rcc_ex.o
 .debug_str     0x000cb098    0xc8b37 ./Drivers/STM32F4xx_HAL_Driver/Src/stm32f4xx_hal_uart.o

.comment        0x00000000       0x43
 .comment       0x00000000       0x43 ./Core/Src/BL_DRIVER/BL_FLASH_DRIVER/BL_flash.o
                                 0x44 (size before relaxing)
 .comment       0x00000043       0x44 ./Core/Src/BL_DRIVER/BL_UART_DRIVER/BL_UART.o
 .comment       0x00000043       0x44 ./Core/Src/main.o
 .comment       0x00000043       0x44 ./Core/Src/stm32f4xx_hal_msp.o
 .comment       0x00000043       0x44 ./Core/Src/stm32f4xx_it.o
 .comment       0x00000043       0x44 ./Core/Src/system_stm32f4xx.o
 .comment       0x00000043       0x44 ./Drivers/STM32F4xx_HAL_Driver/Src/stm32f4xx_hal.o
 .comment       0x00000043       0x44 ./Drivers/STM32F4xx_HAL_Driver/Src/stm32f4xx_hal_cortex.o
 .comment       0x00000043       0x44 ./Drivers/STM32F4xx_HAL_Driver/Src/stm32f4xx_hal_flash.o
 .comment       0x00000043       0x44 ./Drivers/STM32F4xx_HAL_Driver/Src/stm32f4xx_hal_flash_ex.o
 .comment       0x00000043       0x44 ./Drivers/STM32F4xx_HAL_Driver/Src/stm32f4xx_hal_gpio.o
 .comment       0x00000043       0x44 ./Drivers/STM32F4xx_HAL_Driver/Src/stm32f4xx_hal_rcc.o
 .comment       0x00000043       0x44 ./Drivers/STM32F4xx_HAL_Driver/Src/stm32f4xx_hal_rcc_ex.o
 .comment       0x00000043       0x44 ./Drivers/STM32F4xx_HAL_Driver/Src/stm32f4xx_hal_uart.o

.debug_frame    0x00000000     0x22f8
 .debug_frame   0x00000000       0xf8 ./Core/Src/BL_DRIVER/BL_FLASH_DRIVER/BL_flash.o
 .debug_frame   0x000000f8       0xd4 ./Core/Src/BL_DRIVER/BL_UART_DRIVER/BL_UART.o
 .debug_frame   0x000001cc      0x1b8 ./Core/Src/main.o
 .debug_frame   0x00000384       0xcc ./Core/Src/stm32f4xx_hal_msp.o
 .debug_frame   0x00000450      0x104 ./Core/Src/stm32f4xx_it.o
 .debug_frame   0x00000554       0x58 ./Core/Src/system_stm32f4xx.o
 .debug_frame   0x000005ac      0x374 ./Drivers/STM32F4xx_HAL_Driver/Src/stm32f4xx_hal.o
 .debug_frame   0x00000920      0x508 ./Drivers/STM32F4xx_HAL_Driver/Src/stm32f4xx_hal_cortex.o
 .debug_frame   0x00000e28      0x274 ./Drivers/STM32F4xx_HAL_Driver/Src/stm32f4xx_hal_flash.o
 .debug_frame   0x0000109c      0x334 ./Drivers/STM32F4xx_HAL_Driver/Src/stm32f4xx_hal_flash_ex.o
 .debug_frame   0x000013d0      0x14c ./Drivers/STM32F4xx_HAL_Driver/Src/stm32f4xx_hal_gpio.o
 .debug_frame   0x0000151c      0x1f4 ./Drivers/STM32F4xx_HAL_Driver/Src/stm32f4xx_hal_rcc.o
 .debug_frame   0x00001710      0x1e8 ./Drivers/STM32F4xx_HAL_Driver/Src/stm32f4xx_hal_rcc_ex.o
 .debug_frame   0x000018f8      0x954 ./Drivers/STM32F4xx_HAL_Driver/Src/stm32f4xx_hal_uart.o
 .debug_frame   0x0000224c       0x20 C:/ST/STM32CubeIDE_1.19.0/STM32CubeIDE/plugins/com.st.stm32cube.ide.mcu.externaltools.gnu-tools-for-stm32.13.3.rel1.win32_1.0.0.202411081344/tools/bin/../lib/gcc/arm-none-eabi/13.3.1/../../../../arm-none-eabi/lib/thumb/v7e-m+fp/hard\libc_nano.a(libc_a-memset.o)
 .debug_frame   0x0000226c       0x2c C:/ST/STM32CubeIDE_1.19.0/STM32CubeIDE/plugins/com.st.stm32cube.ide.mcu.externaltools.gnu-tools-for-stm32.13.3.rel1.win32_1.0.0.202411081344/tools/bin/../lib/gcc/arm-none-eabi/13.3.1/../../../../arm-none-eabi/lib/thumb/v7e-m+fp/hard\libc_nano.a(libc_a-init.o)
 .debug_frame   0x00002298       0x2c C:/ST/STM32CubeIDE_1.19.0/STM32CubeIDE/plugins/com.st.stm32cube.ide.mcu.externaltools.gnu-tools-for-stm32.13.3.rel1.win32_1.0.0.202411081344/tools/bin/../lib/gcc/arm-none-eabi/13.3.1/thumb/v7e-m+fp/hard\libgcc.a(_aeabi_uldivmod.o)
 .debug_frame   0x000022c4       0x34 C:/ST/STM32CubeIDE_1.19.0/STM32CubeIDE/plugins/com.st.stm32cube.ide.mcu.externaltools.gnu-tools-for-stm32.13.3.rel1.win32_1.0.0.202411081344/tools/bin/../lib/gcc/arm-none-eabi/13.3.1/thumb/v7e-m+fp/hard\libgcc.a(_udivmoddi4.o)

.debug_line_str
                0x00000000       0x74
 .debug_line_str
                0x00000000       0x74 ./Core/Startup/startup_stm32f446retx.o
