Archive member included to satisfy reference by file (symbol)

c:/nxp/s32ds_arm_v2.2/s32ds/build_tools/gcc_v6.3/gcc-6.3-arm32-eabi/bin/../lib/gcc/arm-none-eabi/6.3.1/thumb/v7e-m/fpv4-sp/hard\libgcc.a(_aeabi_uldivmod.o)
                              ./SDK/platform/drivers/src/lpit/lpit_driver.o (__aeabi_uldivmod)
c:/nxp/s32ds_arm_v2.2/s32ds/build_tools/gcc_v6.3/gcc-6.3-arm32-eabi/bin/../lib/gcc/arm-none-eabi/6.3.1/thumb/v7e-m/fpv4-sp/hard\libgcc.a(_udivmoddi4.o)
                              c:/nxp/s32ds_arm_v2.2/s32ds/build_tools/gcc_v6.3/gcc-6.3-arm32-eabi/bin/../lib/gcc/arm-none-eabi/6.3.1/thumb/v7e-m/fpv4-sp/hard\libgcc.a(_aeabi_uldivmod.o) (__udivmoddi4)
c:/nxp/s32ds_arm_v2.2/s32ds/build_tools/gcc_v6.3/gcc-6.3-arm32-eabi/bin/../lib/gcc/arm-none-eabi/6.3.1/thumb/v7e-m/fpv4-sp/hard\libgcc.a(_dvmd_tls.o)
                              c:/nxp/s32ds_arm_v2.2/s32ds/build_tools/gcc_v6.3/gcc-6.3-arm32-eabi/bin/../lib/gcc/arm-none-eabi/6.3.1/thumb/v7e-m/fpv4-sp/hard\libgcc.a(_aeabi_uldivmod.o) (__aeabi_ldiv0)
C:/NXP/S32DS_ARM_v2.2/S32DS/build_tools/gcc_v6.3/gcc-6.3-arm32-eabi/arm-none-eabi/newlib/lib/thumb/v7e-m/fpv4-sp/hard\libc_nano.a(lib_a-exit.o)
                              C:/NXP/S32DS_ARM_v2.2/S32DS/build_tools/gcc_v6.3/gcc-6.3-arm32-eabi/arm-none-eabi/newlib/lib/thumb/v7e-m/fpv4-sp/hard/crt0.o (exit)
C:/NXP/S32DS_ARM_v2.2/S32DS/build_tools/gcc_v6.3/gcc-6.3-arm32-eabi/arm-none-eabi/newlib/lib/thumb/v7e-m/fpv4-sp/hard\libc_nano.a(lib_a-impure.o)
                              C:/NXP/S32DS_ARM_v2.2/S32DS/build_tools/gcc_v6.3/gcc-6.3-arm32-eabi/arm-none-eabi/newlib/lib/thumb/v7e-m/fpv4-sp/hard\libc_nano.a(lib_a-exit.o) (_global_impure_ptr)
C:/NXP/S32DS_ARM_v2.2/S32DS/build_tools/gcc_v6.3/gcc-6.3-arm32-eabi/arm-none-eabi/newlib/lib/thumb/v7e-m/fpv4-sp/hard\libc_nano.a(lib_a-init.o)
                              C:/NXP/S32DS_ARM_v2.2/S32DS/build_tools/gcc_v6.3/gcc-6.3-arm32-eabi/arm-none-eabi/newlib/lib/thumb/v7e-m/fpv4-sp/hard/crt0.o (__libc_init_array)
C:/NXP/S32DS_ARM_v2.2/S32DS/build_tools/gcc_v6.3/gcc-6.3-arm32-eabi/arm-none-eabi/newlib/lib/thumb/v7e-m/fpv4-sp/hard\libc_nano.a(lib_a-memset.o)
                              C:/NXP/S32DS_ARM_v2.2/S32DS/build_tools/gcc_v6.3/gcc-6.3-arm32-eabi/arm-none-eabi/newlib/lib/thumb/v7e-m/fpv4-sp/hard/crt0.o (memset)
C:/NXP/S32DS_ARM_v2.2/S32DS/build_tools/gcc_v6.3/gcc-6.3-arm32-eabi/arm-none-eabi/newlib/lib/thumb/v7e-m/fpv4-sp/hard\libnosys.a(_exit.o)
                              C:/NXP/S32DS_ARM_v2.2/S32DS/build_tools/gcc_v6.3/gcc-6.3-arm32-eabi/arm-none-eabi/newlib/lib/thumb/v7e-m/fpv4-sp/hard\libc_nano.a(lib_a-exit.o) (_exit)

Discarded input sections

 .text          0x00000000        0x0 c:/nxp/s32ds_arm_v2.2/s32ds/build_tools/gcc_v6.3/gcc-6.3-arm32-eabi/bin/../lib/gcc/arm-none-eabi/6.3.1/thumb/v7e-m/fpv4-sp/hard/crti.o
 .data          0x00000000        0x0 c:/nxp/s32ds_arm_v2.2/s32ds/build_tools/gcc_v6.3/gcc-6.3-arm32-eabi/bin/../lib/gcc/arm-none-eabi/6.3.1/thumb/v7e-m/fpv4-sp/hard/crti.o
 .bss           0x00000000        0x0 c:/nxp/s32ds_arm_v2.2/s32ds/build_tools/gcc_v6.3/gcc-6.3-arm32-eabi/bin/../lib/gcc/arm-none-eabi/6.3.1/thumb/v7e-m/fpv4-sp/hard/crti.o
 .text          0x00000000       0xa4 c:/nxp/s32ds_arm_v2.2/s32ds/build_tools/gcc_v6.3/gcc-6.3-arm32-eabi/bin/../lib/gcc/arm-none-eabi/6.3.1/thumb/v7e-m/fpv4-sp/hard/crtbegin.o
 .data          0x00000000        0x4 c:/nxp/s32ds_arm_v2.2/s32ds/build_tools/gcc_v6.3/gcc-6.3-arm32-eabi/bin/../lib/gcc/arm-none-eabi/6.3.1/thumb/v7e-m/fpv4-sp/hard/crtbegin.o
 .bss           0x00000000       0x1c c:/nxp/s32ds_arm_v2.2/s32ds/build_tools/gcc_v6.3/gcc-6.3-arm32-eabi/bin/../lib/gcc/arm-none-eabi/6.3.1/thumb/v7e-m/fpv4-sp/hard/crtbegin.o
 .init_array    0x00000000        0x4 c:/nxp/s32ds_arm_v2.2/s32ds/build_tools/gcc_v6.3/gcc-6.3-arm32-eabi/bin/../lib/gcc/arm-none-eabi/6.3.1/thumb/v7e-m/fpv4-sp/hard/crtbegin.o
 .fini_array    0x00000000        0x4 c:/nxp/s32ds_arm_v2.2/s32ds/build_tools/gcc_v6.3/gcc-6.3-arm32-eabi/bin/../lib/gcc/arm-none-eabi/6.3.1/thumb/v7e-m/fpv4-sp/hard/crtbegin.o
 .eh_frame      0x00000000        0x0 c:/nxp/s32ds_arm_v2.2/s32ds/build_tools/gcc_v6.3/gcc-6.3-arm32-eabi/bin/../lib/gcc/arm-none-eabi/6.3.1/thumb/v7e-m/fpv4-sp/hard/crtbegin.o
 .jcr           0x00000000        0x0 c:/nxp/s32ds_arm_v2.2/s32ds/build_tools/gcc_v6.3/gcc-6.3-arm32-eabi/bin/../lib/gcc/arm-none-eabi/6.3.1/thumb/v7e-m/fpv4-sp/hard/crtbegin.o
 .tm_clone_table
                0x00000000        0x0 c:/nxp/s32ds_arm_v2.2/s32ds/build_tools/gcc_v6.3/gcc-6.3-arm32-eabi/bin/../lib/gcc/arm-none-eabi/6.3.1/thumb/v7e-m/fpv4-sp/hard/crtbegin.o
 .comment       0x00000000       0xa1 c:/nxp/s32ds_arm_v2.2/s32ds/build_tools/gcc_v6.3/gcc-6.3-arm32-eabi/bin/../lib/gcc/arm-none-eabi/6.3.1/thumb/v7e-m/fpv4-sp/hard/crtbegin.o
 .ARM.attributes
                0x00000000       0x34 c:/nxp/s32ds_arm_v2.2/s32ds/build_tools/gcc_v6.3/gcc-6.3-arm32-eabi/bin/../lib/gcc/arm-none-eabi/6.3.1/thumb/v7e-m/fpv4-sp/hard/crtbegin.o
[...]
Memory Configuration

Name             Origin             Length             Attributes
m_interrupts     0x00000000         0x00000400         xr
m_flash_config   0x00000400         0x00000010         xr
m_text           0x00000410         0x00007bf0         xr
m_data           0x1fff8000         0x00008000         rw
m_data_2         0x20000000         0x00007000         rw
*default*        0x00000000         0xffffffff

Linker script and memory map

LOAD c:/nxp/s32ds_arm_v2.2/s32ds/build_tools/gcc_v6.3/gcc-6.3-arm32-eabi/bin/../lib/gcc/arm-none-eabi/6.3.1/thumb/v7e-m/fpv4-sp/hard/crti.o
LOAD c:/nxp/s32ds_arm_v2.2/s32ds/build_tools/gcc_v6.3/gcc-6.3-arm32-eabi/bin/../lib/gcc/arm-none-eabi/6.3.1/thumb/v7e-m/fpv4-sp/hard/crtbegin.o
LOAD C:/NXP/S32DS_ARM_v2.2/S32DS/build_tools/gcc_v6.3/gcc-6.3-arm32-eabi/arm-none-eabi/newlib/lib/thumb/v7e-m/fpv4-sp/hard/crt0.o
LOAD ./Generated_Code/Cpu.o
LOAD ./Generated_Code/Flash.o
LOAD ./Generated_Code/canCom1.o
LOAD ./Generated_Code/clockMan1.o
LOAD ./Generated_Code/dmaController1.o
LOAD ./Generated_Code/lpit1.o
LOAD ./Generated_Code/lpuart1.o
LOAD ./Generated_Code/pin_mux.o
LOAD ./Generated_Code/wdg_pal1.o
LOAD ./Project_Settings/Startup_Code/startup_S32K144.o
LOAD ./SDK/platform/devices/S32K144/startup/system_S32K144.o
LOAD ./SDK/platform/devices/startup.o
LOAD ./SDK/platform/drivers/src/adc/adc_driver.o
LOAD ./SDK/platform/drivers/src/clock/S32K1xx/clock_S32K1xx.o
LOAD ./SDK/platform/drivers/src/edma/edma_driver.o
LOAD ./SDK/platform/drivers/src/edma/edma_hw_access.o
LOAD ./SDK/platform/drivers/src/edma/edma_irq.o
LOAD ./SDK/platform/drivers/src/flash/flash_driver.o
LOAD ./SDK/platform/drivers/src/flexcan/flexcan_driver.o
LOAD ./SDK/platform/drivers/src/flexcan/flexcan_hw_access.o
LOAD ./SDK/platform/drivers/src/flexcan/flexcan_irq.o
LOAD ./SDK/platform/drivers/src/flexio/flexio_common.o
LOAD ./SDK/platform/drivers/src/flexio/flexio_i2c_driver.o
LOAD ./SDK/platform/drivers/src/ftm/ftm_common.o
LOAD ./SDK/platform/drivers/src/ftm/ftm_hw_access.o
LOAD ./SDK/platform/drivers/src/ftm/ftm_pwm_driver.o
LOAD ./SDK/platform/drivers/src/interrupt/interrupt_manager.o
LOAD ./SDK/platform/drivers/src/lpi2c/lpi2c_driver.o
LOAD ./SDK/platform/drivers/src/lpi2c/lpi2c_hw_access.o
LOAD ./SDK/platform/drivers/src/lpi2c/lpi2c_irq.o
LOAD ./SDK/platform/drivers/src/lpit/lpit_driver.o
LOAD ./SDK/platform/drivers/src/lpuart/lpuart_driver.o
LOAD ./SDK/platform/drivers/src/lpuart/lpuart_hw_access.o
LOAD ./SDK/platform/drivers/src/lpuart/lpuart_irq.o
LOAD ./SDK/platform/drivers/src/pdb/pdb_driver.o
LOAD ./SDK/platform/drivers/src/pdb/pdb_hw_access.o
LOAD ./SDK/platform/drivers/src/pins/pins_driver.o
LOAD ./SDK/platform/drivers/src/pins/pins_port_hw_access.o
LOAD ./SDK/platform/drivers/src/trgmux/trgmux_driver.o
LOAD ./SDK/platform/drivers/src/trgmux/trgmux_hw_access.o
LOAD ./SDK/platform/drivers/src/wdog/wdog_driver.o
LOAD ./SDK/platform/drivers/src/wdog/wdog_hw_access.o
LOAD ./SDK/platform/pal/src/wdg/wdg_pal.o
LOAD ./SDK/rtos/osif/osif_baremetal.o
LOAD ./Sources/CAN_Communication/CAN_Communication.o
LOAD ./Sources/application/application.o
LOAD ./Sources/board_config/bsp.o
LOAD ./Sources/drivers/common.o
LOAD ./Sources/drivers/drv_can .o
LOAD ./Sources/drivers/drv_flash.o
LOAD ./Sources/drivers/drv_nvic.o
LOAD ./Sources/drivers/drv_timer.o
LOAD ./Sources/drivers/drv_uart.o
LOAD ./Sources/drivers/drv_wdg.o
LOAD ./Sources/main.o
START GROUP
LOAD c:/nxp/s32ds_arm_v2.2/s32ds/build_tools/gcc_v6.3/gcc-6.3-arm32-eabi/bin/../lib/gcc/arm-none-eabi/6.3.1/thumb/v7e-m/fpv4-sp/hard\libgcc.a
LOAD C:/NXP/S32DS_ARM_v2.2/S32DS/build_tools/gcc_v6.3/gcc-6.3-arm32-eabi/arm-none-eabi/newlib/lib/thumb/v7e-m/fpv4-sp/hard\libc_nano.a
END GROUP
START GROUP
LOAD c:/nxp/s32ds_arm_v2.2/s32ds/build_tools/gcc_v6.3/gcc-6.3-arm32-eabi/bin/../lib/gcc/arm-none-eabi/6.3.1/thumb/v7e-m/fpv4-sp/hard\libgcc.a
LOAD C:/NXP/S32DS_ARM_v2.2/S32DS/build_tools/gcc_v6.3/gcc-6.3-arm32-eabi/arm-none-eabi/newlib/lib/thumb/v7e-m/fpv4-sp/hard\libc_nano.a
LOAD C:/NXP/S32DS_ARM_v2.2/S32DS/build_tools/gcc_v6.3/gcc-6.3-arm32-eabi/arm-none-eabi/newlib/lib/thumb/v7e-m/fpv4-sp/hard\libnosys.a
END GROUP
START GROUP
LOAD c:/nxp/s32ds_arm_v2.2/s32ds/build_tools/gcc_v6.3/gcc-6.3-arm32-eabi/bin/../lib/gcc/arm-none-eabi/6.3.1/thumb/v7e-m/fpv4-sp/hard\libgcc.a
LOAD C:/NXP/S32DS_ARM_v2.2/S32DS/build_tools/gcc_v6.3/gcc-6.3-arm32-eabi/arm-none-eabi/newlib/lib/thumb/v7e-m/fpv4-sp/hard\libc_nano.a
LOAD C:/NXP/S32DS_ARM_v2.2/S32DS/build_tools/gcc_v6.3/gcc-6.3-arm32-eabi/arm-none-eabi/newlib/lib/thumb/v7e-m/fpv4-sp/hard\libnosys.a
END GROUP
LOAD c:/nxp/s32ds_arm_v2.2/s32ds/build_tools/gcc_v6.3/gcc-6.3-arm32-eabi/bin/../lib/gcc/arm-none-eabi/6.3.1/thumb/v7e-m/fpv4-sp/hard/crtend.o
LOAD c:/nxp/s32ds_arm_v2.2/s32ds/build_tools/gcc_v6.3/gcc-6.3-arm32-eabi/bin/../lib/gcc/arm-none-eabi/6.3.1/thumb/v7e-m/fpv4-sp/hard/crtn.o
                0x00000400                HEAP_SIZE = DEFINED (__heap_size__)?__heap_size__:0x400
                0x00000400                STACK_SIZE = DEFINED (__stack_size__)?__stack_size__:0x400
                0x00000400                M_VECTOR_RAM_SIZE = DEFINED (__flash_vector_table__)?0x0:0x400

.interrupts     0x00000000      0x400
                0x00000000                __VECTOR_TABLE = .
                0x00000000                __interrupts_start__ = .
                0x00000000                . = ALIGN (0x4)
 *(.isr_vector)
 .isr_vector    0x00000000      0x400 ./Project_Settings/Startup_Code/startup_S32K144.o
                0x00000000                __isr_vector
                0x00000400                __interrupts_end__ = .
                0x00000400                . = ALIGN (0x4)

.flash_config   0x00000400       0x10
                0x00000400                . = ALIGN (0x4)
 *(.FlashConfig)
 .FlashConfig   0x00000400       0x10 ./Project_Settings/Startup_Code/startup_S32K144.o
                0x00000410                . = ALIGN (0x4)

.text           0x00000410     0x56f8
                0x00000410                . = ALIGN (0x4)
 *(.text)
 .text          0x00000410       0x4c ./Project_Settings/Startup_Code/startup_S32K144.o
                0x00000410                Reset_Handler
                0x00000458                DebugMon_Handler
                0x00000458                Reserved88_IRQHandler
                0x00000458                HardFault_Handler
                0x00000458                Reserved86_IRQHandler
                0x00000458                Reserved103_IRQHandler
                0x00000458                FTM2_Ovf_Reload_IRQHandler
                0x00000458                Reserved50_IRQHandler
                0x00000458                FTFC_Fault_IRQHandler
                0x00000458                FTM0_Ch6_Ch7_IRQHandler
                0x00000458                Reserved114_IRQHandler
                0x00000458                PendSV_Handler
                0x00000458                NMI_Handler
                0x00000458                Reserved89_IRQHandler
                0x00000458                ERM_double_fault_IRQHandler
                0x00000458                Reserved59_IRQHandler
                0x00000458                LPIT0_Ch0_IRQHandler
                0x00000458                Reserved99_IRQHandler
                0x00000458                FTM3_Ch6_Ch7_IRQHandler
                0x00000458                LPIT0_Ch3_IRQHandler
                0x00000458                Reserved92_IRQHandler
                0x00000458                FTM0_Ch4_Ch5_IRQHandler
                0x00000458                FTM3_Ch0_Ch1_IRQHandler
                0x00000458                SWI_IRQHandler
                0x00000458                ADC0_IRQHandler
                0x00000458                FTM2_Ch4_Ch5_IRQHandler
                0x00000458                UsageFault_Handler
                0x00000458                FTM0_Ovf_Reload_IRQHandler
                0x00000458                DefaultISR
                0x00000458                Reserved58_IRQHandler
                0x00000458                FTM1_Ch2_Ch3_IRQHandler
                0x00000458                Reserved82_IRQHandler
                0x00000458                Reserved71_IRQHandler
                0x00000458                PORTD_IRQHandler
                0x00000458                Reserved69_IRQHandler
                0x00000458                PORTB_IRQHandler
                0x00000458                Reserved70_IRQHandler
                0x00000458                ADC1_IRQHandler
                0x00000458                FTM2_Ch2_Ch3_IRQHandler
                0x00000458                Reserved53_IRQHandler
                0x00000458                RTC_IRQHandler
                0x00000458                PDB0_IRQHandler
                0x00000458                Reserved54_IRQHandler
                0x00000458                FTM2_Ch6_Ch7_IRQHandler
                0x00000458                FTM3_Ch2_Ch3_IRQHandler
                0x00000458                FTM2_Ch0_Ch1_IRQHandler
                0x00000458                LPSPI1_IRQHandler
                0x00000458                LPUART1_RxTx_IRQHandler
                0x00000458                RTC_Seconds_IRQHandler
                0x00000458                Reserved72_IRQHandler
                0x00000458                Reserved110_IRQHandler
                0x00000458                Reserved107_IRQHandler
                0x00000458                Read_Collision_IRQHandler
                0x00000458                FTFC_IRQHandler
                0x00000458                FTM1_Ch6_Ch7_IRQHandler
                0x00000458                Reserved105_IRQHandler
                0x00000458                LPIT0_Ch1_IRQHandler
                0x00000458                FTM1_Ch4_Ch5_IRQHandler
                0x00000458                FTM3_Ovf_Reload_IRQHandler
                0x00000458                LPUART2_RxTx_IRQHandler
                0x00000458                LPSPI0_IRQHandler
                0x00000458                WDOG_EWM_IRQHandler
                0x00000458                MemManage_Handler
                0x00000458                Reserved90_IRQHandler
                0x00000458                Reserved83_IRQHandler
                0x00000458                FTM0_Fault_IRQHandler
                0x00000458                Reserved48_IRQHandler
                0x00000458                SVC_Handler
                0x00000458                ERM_single_fault_IRQHandler
                0x00000458                FTM2_Fault_IRQHandler
                0x00000458                FTM0_Ch2_Ch3_IRQHandler
                0x00000458                FTM0_Ch0_Ch1_IRQHandler
                0x00000458                FTM3_Fault_IRQHandler
                0x00000458                RCM_IRQHandler
                0x00000458                Reserved100_IRQHandler
                0x00000458                Reserved91_IRQHandler
                0x00000458                SCG_IRQHandler
                0x00000458                PDB1_IRQHandler
                0x00000458                Reserved81_IRQHandler
                0x00000458                Reserved46_IRQHandler
                0x00000458                Reserved45_IRQHandler
                0x00000458                Reserved112_IRQHandler
                0x00000458                FTM1_Fault_IRQHandler
                0x00000458                Reserved106_IRQHandler
                0x00000458                LVD_LVW_IRQHandler
                0x00000458                LPIT0_Ch2_IRQHandler
                0x00000458                PORTA_IRQHandler
                0x00000458                MCM_IRQHandler
                0x00000458                LPSPI2_IRQHandler
                0x00000458                FTM3_Ch4_Ch5_IRQHandler
                0x00000458                PORTE_IRQHandler
                0x00000458                LPUART0_RxTx_IRQHandler
                0x00000458                LPTMR0_IRQHandler
                0x00000458                BusFault_Handler
                0x00000458                Reserved87_IRQHandler
                0x00000458                FTM1_Ovf_Reload_IRQHandler
                0x00000458                Reserved93_IRQHandler
                0x00000458                CMP0_IRQHandler
                0x00000458                Reserved52_IRQHandler
                0x00000458                PORTC_IRQHandler
                0x00000458                FTM1_Ch0_Ch1_IRQHandler
                0x00000458                Reserved113_IRQHandler
 .text          0x0000045c       0x30 c:/nxp/s32ds_arm_v2.2/s32ds/build_tools/gcc_v6.3/gcc-6.3-arm32-eabi/bin/../lib/gcc/arm-none-eabi/6.3.1/thumb/v7e-m/fpv4-sp/hard\libgcc.a(_aeabi_uldivmod.o)
                0x0000045c                __aeabi_uldivmod
 .text          0x0000048c      0x2e4 c:/nxp/s32ds_arm_v2.2/s32ds/build_tools/gcc_v6.3/gcc-6.3-arm32-eabi/bin/../lib/gcc/arm-none-eabi/6.3.1/thumb/v7e-m/fpv4-sp/hard\libgcc.a(_udivmoddi4.o)
                0x0000048c                __udivmoddi4
 .text          0x00000770        0x4 c:/nxp/s32ds_arm_v2.2/s32ds/build_tools/gcc_v6.3/gcc-6.3-arm32-eabi/bin/../lib/gcc/arm-none-eabi/6.3.1/thumb/v7e-m/fpv4-sp/hard\libgcc.a(_dvmd_tls.o)
                0x00000770                __aeabi_idiv0
                0x00000770                __aeabi_ldiv0
 *(.text*)
 .text.SystemInit
                0x00000774       0x3c ./SDK/platform/devices/S32K144/startup/system_S32K144.o
                0x00000774                SystemInit
 .text.SystemSoftwareReset
                0x000007b0       0x18 ./SDK/platform/devices/S32K144/startup/system_S32K144.o
                0x000007b0                SystemSoftwareReset
 .text.init_data_bss
                0x000007c8       0xd8 ./SDK/platform/devices/startup.o
                0x000007c8                init_data_bss
 .text.CLOCK_SYS_GetCurrentRunMode
                0x000008a0       0x24 ./SDK/platform/drivers/src/clock/S32K1xx/clock_S32K1xx.o
 .text.CLOCK_SYS_GetSysOscFreq
                0x000008c4       0x1c ./SDK/platform/drivers/src/clock/S32K1xx/clock_S32K1xx.o
 .text.CLOCK_SYS_ConfigureSOSC
                0x000008e0      0x12c ./SDK/platform/drivers/src/clock/S32K1xx/clock_S32K1xx.o
 .text.CLOCK_SYS_GetSircFreq
                0x00000a0c       0x2c ./SDK/platform/drivers/src/clock/S32K1xx/clock_S32K1xx.o
 .text.CLOCK_SYS_ConfigureSIRC
                0x00000a38       0xc4 ./SDK/platform/drivers/src/clock/S32K1xx/clock_S32K1xx.o
 .text.CLOCK_SYS_GetFircFreq
                0x00000afc       0x20 ./SDK/platform/drivers/src/clock/S32K1xx/clock_S32K1xx.o
 .text.CLOCK_SYS_ConfigureFIRC
                0x00000b1c       0xb4 ./SDK/platform/drivers/src/clock/S32K1xx/clock_S32K1xx.o
 .text.CLOCK_SYS_GetSysPllFreq
                0x00000bd0       0x44 ./SDK/platform/drivers/src/clock/S32K1xx/clock_S32K1xx.o
 .text.CLOCK_SYS_ConfigureSPLL
                0x00000c14      0x104 ./SDK/platform/drivers/src/clock/S32K1xx/clock_S32K1xx.o
 .text.CLOCK_SYS_SetSystemClockConfig
                0x00000d18      0x1e4 ./SDK/platform/drivers/src/clock/S32K1xx/clock_S32K1xx.o
 .text.CLOCK_SYS_TransitionSystemClock
                0x00000efc       0x3c ./SDK/platform/drivers/src/clock/S32K1xx/clock_S32K1xx.o
 .text.CLOCK_SYS_GetSystemClockFreq
                0x00000f38       0x78 ./SDK/platform/drivers/src/clock/S32K1xx/clock_S32K1xx.o
 .text.CLOCK_SYS_GetScgClkOutFreq
                0x00000fb0       0x44 ./SDK/platform/drivers/src/clock/S32K1xx/clock_S32K1xx.o
 .text.CLOCK_SYS_GetSysAsyncFreq
                0x00000ff4       0xd4 ./SDK/platform/drivers/src/clock/S32K1xx/clock_S32K1xx.o
 .text.CLOCK_SYS_GetSimRtcClkFreq
                0x000010c8       0x50 ./SDK/platform/drivers/src/clock/S32K1xx/clock_S32K1xx.o
 .text.CLOCK_SYS_GetPeripheralClock
                0x00001118       0x78 ./SDK/platform/drivers/src/clock/S32K1xx/clock_S32K1xx.o
 .text.CLOCK_SYS_GetLpoFreq
                0x00001190       0x44 ./SDK/platform/drivers/src/clock/S32K1xx/clock_S32K1xx.o
 .text.CLOCK_SYS_GetSimClkOutFreq
                0x000011d4       0x98 ./SDK/platform/drivers/src/clock/S32K1xx/clock_S32K1xx.o
 .text.CLOCK_DRV_Init
                0x0000126c      0x598 ./SDK/platform/drivers/src/clock/S32K1xx/clock_S32K1xx.o
                0x0000126c                CLOCK_DRV_Init
 .text.CLOCK_DRV_GetFreq
                0x00001804      0x3a0 ./SDK/platform/drivers/src/clock/S32K1xx/clock_S32K1xx.o
                0x00001804                CLOCK_DRV_GetFreq
 .text.CLOCK_SYS_GetFreq
                0x00001ba4        0x8 ./SDK/platform/drivers/src/clock/S32K1xx/clock_S32K1xx.o
                0x00001ba4                CLOCK_SYS_GetFreq
 .text.EDMA_DRV_InstallCallback
                0x00001bac       0x20 ./SDK/platform/drivers/src/edma/edma_driver.o
                0x00001bac                EDMA_DRV_InstallCallback
 .text.EDMA_DRV_IRQHandler
                0x00001bcc       0x2c ./SDK/platform/drivers/src/edma/edma_driver.o
                0x00001bcc                EDMA_DRV_IRQHandler
 .text.EDMA_DRV_ErrorIRQHandler
                0x00001bf8       0x3c ./SDK/platform/drivers/src/edma/edma_driver.o
                0x00001bf8                EDMA_DRV_ErrorIRQHandler
 .text.EDMA_DRV_ConfigSingleBlockTransfer
                0x00001c34      0x148 ./SDK/platform/drivers/src/edma/edma_driver.o
                0x00001c34                EDMA_DRV_ConfigSingleBlockTransfer
 .text.EDMA_DRV_ConfigMultiBlockTransfer
                0x00001d7c       0x64 ./SDK/platform/drivers/src/edma/edma_driver.o
                0x00001d7c                EDMA_DRV_ConfigMultiBlockTransfer
 .text.EDMA_DRV_StartChannel
                0x00001de0       0x18 ./SDK/platform/drivers/src/edma/edma_driver.o
                0x00001de0                EDMA_DRV_StartChannel
 .text.EDMA_DRV_StopChannel
                0x00001df8       0x18 ./SDK/platform/drivers/src/edma/edma_driver.o
                0x00001df8                EDMA_DRV_StopChannel
 .text.EDMA_DRV_SetChannelRequestAndTrigger
                0x00001e10       0x44 ./SDK/platform/drivers/src/edma/edma_driver.o
                0x00001e10                EDMA_DRV_SetChannelRequestAndTrigger
 .text.EDMA_DRV_SetSrcAddr
                0x00001e54       0x14 ./SDK/platform/drivers/src/edma/edma_driver.o
                0x00001e54                EDMA_DRV_SetSrcAddr
 .text.EDMA_DRV_SetSrcLastAddrAdjustment
                0x00001e68       0x16 ./SDK/platform/drivers/src/edma/edma_driver.o
                0x00001e68                EDMA_DRV_SetSrcLastAddrAdjustment
 .text.EDMA_DRV_SetDestAddr
                0x00001e7e       0x16 ./SDK/platform/drivers/src/edma/edma_driver.o
                0x00001e7e                EDMA_DRV_SetDestAddr
 .text.EDMA_DRV_SetMajorLoopIterationCount
                0x00001e94       0x14 ./SDK/platform/drivers/src/edma/edma_driver.o
                0x00001e94                EDMA_DRV_SetMajorLoopIterationCount
 .text.EDMA_DRV_GetDmaRegBaseAddr
                0x00001ea8        0x8 ./SDK/platform/drivers/src/edma/edma_driver.o
                0x00001ea8                EDMA_DRV_GetDmaRegBaseAddr
 .text.EDMA_SetDmaRequestCmd
                0x00001eb0        0xa ./SDK/platform/drivers/src/edma/edma_hw_access.o
                0x00001eb0                EDMA_SetDmaRequestCmd
 .text.EDMA_TCDClearReg
                0x00001eba       0x4a ./SDK/platform/drivers/src/edma/edma_hw_access.o
                0x00001eba                EDMA_TCDClearReg
 .text.EDMA_TCDSetAttribute
                0x00001f04       0x30 ./SDK/platform/drivers/src/edma/edma_hw_access.o
                0x00001f04                EDMA_TCDSetAttribute
 .text.EDMA_TCDSetNbytes
                0x00001f34       0x5c ./SDK/platform/drivers/src/edma/edma_hw_access.o
                0x00001f34                EDMA_TCDSetNbytes
 .text.EDMA_TCDSetMajorCount
                0x00001f90       0x5e ./SDK/platform/drivers/src/edma/edma_hw_access.o
                0x00001f90                EDMA_TCDSetMajorCount
 .text.DMA0_IRQHandler
                0x00001fee        0xa ./SDK/platform/drivers/src/edma/edma_irq.o
                0x00001fee                DMA0_IRQHandler
 .text.DMA1_IRQHandler
                0x00001ff8        0xa ./SDK/platform/drivers/src/edma/edma_irq.o
                0x00001ff8                DMA1_IRQHandler
 .text.DMA2_IRQHandler
                0x00002002        0xa ./SDK/platform/drivers/src/edma/edma_irq.o
                0x00002002                DMA2_IRQHandler
 .text.DMA3_IRQHandler
                0x0000200c        0xa ./SDK/platform/drivers/src/edma/edma_irq.o
                0x0000200c                DMA3_IRQHandler
 .text.DMA4_IRQHandler
                0x00002016        0xa ./SDK/platform/drivers/src/edma/edma_irq.o
                0x00002016                DMA4_IRQHandler
 .text.DMA5_IRQHandler
                0x00002020        0xa ./SDK/platform/drivers/src/edma/edma_irq.o
                0x00002020                DMA5_IRQHandler
 .text.DMA6_IRQHandler
                0x0000202a        0xa ./SDK/platform/drivers/src/edma/edma_irq.o
                0x0000202a                DMA6_IRQHandler
 .text.DMA7_IRQHandler
                0x00002034        0xa ./SDK/platform/drivers/src/edma/edma_irq.o
                0x00002034                DMA7_IRQHandler
 .text.DMA8_IRQHandler
                0x0000203e        0xa ./SDK/platform/drivers/src/edma/edma_irq.o
                0x0000203e                DMA8_IRQHandler
 .text.DMA9_IRQHandler
                0x00002048        0xa ./SDK/platform/drivers/src/edma/edma_irq.o
                0x00002048                DMA9_IRQHandler
 .text.DMA10_IRQHandler
                0x00002052        0xa ./SDK/platform/drivers/src/edma/edma_irq.o
                0x00002052                DMA10_IRQHandler
 .text.DMA11_IRQHandler
                0x0000205c        0xa ./SDK/platform/drivers/src/edma/edma_irq.o
                0x0000205c                DMA11_IRQHandler
 .text.DMA12_IRQHandler
                0x00002066        0xa ./SDK/platform/drivers/src/edma/edma_irq.o
                0x00002066                DMA12_IRQHandler
 .text.DMA13_IRQHandler
                0x00002070        0xa ./SDK/platform/drivers/src/edma/edma_irq.o
                0x00002070                DMA13_IRQHandler
 .text.DMA14_IRQHandler
                0x0000207a        0xa ./SDK/platform/drivers/src/edma/edma_irq.o
                0x0000207a                DMA14_IRQHandler
 .text.DMA15_IRQHandler
                0x00002084        0xa ./SDK/platform/drivers/src/edma/edma_irq.o
                0x00002084                DMA15_IRQHandler
 .text.DMA_Error_IRQHandler
                0x0000208e       0x28 ./SDK/platform/drivers/src/edma/edma_irq.o
                0x0000208e                DMA_Error_IRQHandler
 *fill*         0x000020b6        0x2 
 .text.FLASH_DRV_Init
                0x000020b8       0xcc ./SDK/platform/drivers/src/flash/flash_driver.o
                0x000020b8                FLASH_DRV_Init
 .text.FLASH_DRV_EraseSector
                0x00002184       0x98 ./SDK/platform/drivers/src/flash/flash_driver.o
                0x00002184                FLASH_DRV_EraseSector
 .text.FLASH_DRV_Program
                0x0000221c       0xb8 ./SDK/platform/drivers/src/flash/flash_driver.o
                0x0000221c                FLASH_DRV_Program
 .text.FLEXCAN_StartSendData
                0x000022d4       0xa4 ./SDK/platform/drivers/src/flexcan/flexcan_driver.o
 .text.FLEXCAN_StartRxMessageBufferData
                0x00002378       0x80 ./SDK/platform/drivers/src/flexcan/flexcan_driver.o
 .text.FLEXCAN_CompleteRxMessageFifoData
                0x000023f8       0xa0 ./SDK/platform/drivers/src/flexcan/flexcan_driver.o
 .text.FLEXCAN_CompleteTransfer
                0x00002498       0x38 ./SDK/platform/drivers/src/flexcan/flexcan_driver.o
 .text.FLEXCAN_DRV_Init
                0x000024d0      0x2c4 ./SDK/platform/drivers/src/flexcan/flexcan_driver.o
                0x000024d0                FLEXCAN_DRV_Init
 .text.FLEXCAN_DRV_ConfigTxMb
                0x00002794       0x40 ./SDK/platform/drivers/src/flexcan/flexcan_driver.o
                0x00002794                FLEXCAN_DRV_ConfigTxMb
 .text.FLEXCAN_DRV_Send
                0x000027d4       0x34 ./SDK/platform/drivers/src/flexcan/flexcan_driver.o
                0x000027d4                FLEXCAN_DRV_Send
 .text.FLEXCAN_DRV_ConfigRxMb
                0x00002808       0x68 ./SDK/platform/drivers/src/flexcan/flexcan_driver.o
                0x00002808                FLEXCAN_DRV_ConfigRxMb
 .text.FLEXCAN_DRV_ReceiveBlocking
                0x00002870       0x80 ./SDK/platform/drivers/src/flexcan/flexcan_driver.o
                0x00002870                FLEXCAN_DRV_ReceiveBlocking
 .text.FLEXCAN_DRV_Deinit
                0x000028f0       0xe0 ./SDK/platform/drivers/src/flexcan/flexcan_driver.o
                0x000028f0                FLEXCAN_DRV_Deinit
 .text.FLEXCAN_Error_IRQHandler
                0x000029d0       0x28 ./SDK/platform/drivers/src/flexcan/flexcan_driver.o
                0x000029d0                FLEXCAN_Error_IRQHandler
 .text.FLEXCAN_WakeUpHandler
                0x000029f8       0x6c ./SDK/platform/drivers/src/flexcan/flexcan_driver.o
                0x000029f8                FLEXCAN_WakeUpHandler
 .text.FLEXCAN_IRQHandler
                0x00002a64      0x1b8 ./SDK/platform/drivers/src/flexcan/flexcan_driver.o
                0x00002a64                FLEXCAN_IRQHandler
 .text.FLEXCAN_DRV_InstallEventCallback
                0x00002c1c       0x14 ./SDK/platform/drivers/src/flexcan/flexcan_driver.o
                0x00002c1c                FLEXCAN_DRV_InstallEventCallback
 .text.FLEXCAN_ComputePayloadSize
                0x00002c30       0x36 ./SDK/platform/drivers/src/flexcan/flexcan_hw_access.o
 *fill*         0x00002c66        0x2 
 .text.FLEXCAN_GetMaxMbNum
                0x00002c68       0x2c ./SDK/platform/drivers/src/flexcan/flexcan_hw_access.o
                0x00002c68                FLEXCAN_GetMaxMbNum
 .text.FLEXCAN_Enable
                0x00002c94       0x2a ./SDK/platform/drivers/src/flexcan/flexcan_hw_access.o
                0x00002c94                FLEXCAN_Enable
 .text.FLEXCAN_Disable
                0x00002cbe       0x18 ./SDK/platform/drivers/src/flexcan/flexcan_hw_access.o
                0x00002cbe                FLEXCAN_Disable
 *fill*         0x00002cd6        0x2 
 .text.FLEXCAN_Init
                0x00002cd8       0x68 ./SDK/platform/drivers/src/flexcan/flexcan_hw_access.o
                0x00002cd8                FLEXCAN_Init
 .text.FLEXCAN_EnableRxFifo
                0x00002d40       0x54 ./SDK/platform/drivers/src/flexcan/flexcan_hw_access.o
                0x00002d40                FLEXCAN_EnableRxFifo
 .text.FLEXCAN_SetMsgBuffIntCmd
                0x00002d94       0x3c ./SDK/platform/drivers/src/flexcan/flexcan_hw_access.o
                0x00002d94                FLEXCAN_SetMsgBuffIntCmd
 .text.FLEXCAN_SetErrIntCmd
                0x00002dd0       0x5a ./SDK/platform/drivers/src/flexcan/flexcan_hw_access.o
                0x00002dd0                FLEXCAN_SetErrIntCmd
 .text.FLEXCAN_ExitFreezeMode
                0x00002e2a       0x1a ./SDK/platform/drivers/src/flexcan/flexcan_hw_access.o
                0x00002e2a                FLEXCAN_ExitFreezeMode
 .text.FLEXCAN_EnterFreezeMode
                0x00002e44       0x40 ./SDK/platform/drivers/src/flexcan/flexcan_hw_access.o
                0x00002e44                FLEXCAN_EnterFreezeMode
 .text.FLEXCAN_ClearErrIntStatusFlag
                0x00002e84       0x14 ./SDK/platform/drivers/src/flexcan/flexcan_hw_access.o
                0x00002e84                FLEXCAN_ClearErrIntStatusFlag
 .text.FLEXCAN_ReadRxFifo
                0x00002e98       0x56 ./SDK/platform/drivers/src/flexcan/flexcan_hw_access.o
                0x00002e98                FLEXCAN_ReadRxFifo
 .text.FLEXCAN_SetOperationMode
                0x00002eee       0x5e ./SDK/platform/drivers/src/flexcan/flexcan_hw_access.o
                0x00002eee                FLEXCAN_SetOperationMode
 .text.FLEXCAN_SetPayloadSize
                0x00002f4c       0x1a ./SDK/platform/drivers/src/flexcan/flexcan_hw_access.o
                0x00002f4c                FLEXCAN_SetPayloadSize
 .text.FLEXCAN_GetPayloadSize
                0x00002f66       0x20 ./SDK/platform/drivers/src/flexcan/flexcan_hw_access.o
                0x00002f66                FLEXCAN_GetPayloadSize
 .text.FLEXCAN_GetMsgBuffRegion
                0x00002f86       0x30 ./SDK/platform/drivers/src/flexcan/flexcan_hw_access.o
                0x00002f86                FLEXCAN_GetMsgBuffRegion
 *fill*         0x00002fb6        0x2 
 .text.FLEXCAN_SetTxMsgBuff
                0x00002fb8      0x180 ./SDK/platform/drivers/src/flexcan/flexcan_hw_access.o
                0x00002fb8                FLEXCAN_SetTxMsgBuff
 .text.FLEXCAN_SetRxMsgBuff
                0x00003138       0xc8 ./SDK/platform/drivers/src/flexcan/flexcan_hw_access.o
                0x00003138                FLEXCAN_SetRxMsgBuff
 .text.FLEXCAN_GetMsgBuff
                0x00003200       0x96 ./SDK/platform/drivers/src/flexcan/flexcan_hw_access.o
                0x00003200                FLEXCAN_GetMsgBuff
 .text.FLEXCAN_LockRxMsgBuff
                0x00003296        0xa ./SDK/platform/drivers/src/flexcan/flexcan_hw_access.o
                0x00003296                FLEXCAN_LockRxMsgBuff
 .text.FLEXCAN_SetMaxMsgBuffNum
                0x000032a0       0x9c ./SDK/platform/drivers/src/flexcan/flexcan_hw_access.o
                0x000032a0                FLEXCAN_SetMaxMsgBuffNum
 .text.CAN0_ORed_IRQHandler
                0x0000333c        0xa ./SDK/platform/drivers/src/flexcan/flexcan_irq.o
                0x0000333c                CAN0_ORed_IRQHandler
 .text.CAN0_Error_IRQHandler
                0x00003346        0xa ./SDK/platform/drivers/src/flexcan/flexcan_irq.o
                0x00003346                CAN0_Error_IRQHandler
 .text.CAN0_Wake_Up_IRQHandler
                0x00003350        0xa ./SDK/platform/drivers/src/flexcan/flexcan_irq.o
                0x00003350                CAN0_Wake_Up_IRQHandler
 .text.CAN0_ORed_0_15_MB_IRQHandler
                0x0000335a        0xa ./SDK/platform/drivers/src/flexcan/flexcan_irq.o
                0x0000335a                CAN0_ORed_0_15_MB_IRQHandler
 .text.CAN0_ORed_16_31_MB_IRQHandler
                0x00003364        0xa ./SDK/platform/drivers/src/flexcan/flexcan_irq.o
                0x00003364                CAN0_ORed_16_31_MB_IRQHandler
 .text.CAN1_ORed_IRQHandler
                0x0000336e        0xa ./SDK/platform/drivers/src/flexcan/flexcan_irq.o
                0x0000336e                CAN1_ORed_IRQHandler
 .text.CAN1_Error_IRQHandler
                0x00003378        0xa ./SDK/platform/drivers/src/flexcan/flexcan_irq.o
                0x00003378                CAN1_Error_IRQHandler
 .text.CAN1_ORed_0_15_MB_IRQHandler
                0x00003382        0xa ./SDK/platform/drivers/src/flexcan/flexcan_irq.o
                0x00003382                CAN1_ORed_0_15_MB_IRQHandler
 .text.CAN2_ORed_IRQHandler
                0x0000338c        0xa ./SDK/platform/drivers/src/flexcan/flexcan_irq.o
                0x0000338c                CAN2_ORed_IRQHandler
 .text.CAN2_Error_IRQHandler
                0x00003396        0xa ./SDK/platform/drivers/src/flexcan/flexcan_irq.o
                0x00003396                CAN2_Error_IRQHandler
 .text.CAN2_ORed_0_15_MB_IRQHandler
                0x000033a0        0xa ./SDK/platform/drivers/src/flexcan/flexcan_irq.o
                0x000033a0                CAN2_ORed_0_15_MB_IRQHandler
 *fill*         0x000033aa        0x2 
 .text.FLEXIO_IRQHandler
                0x000033ac       0x58 ./SDK/platform/drivers/src/flexio/flexio_common.o
                0x000033ac                FLEXIO_IRQHandler
 .text.INT_SYS_InstallHandler
                0x00003404       0x30 ./SDK/platform/drivers/src/interrupt/interrupt_manager.o
                0x00003404                INT_SYS_InstallHandler
 .text.INT_SYS_EnableIRQ
                0x00003434       0x18 ./SDK/platform/drivers/src/interrupt/interrupt_manager.o
                0x00003434                INT_SYS_EnableIRQ
 .text.INT_SYS_DisableIRQ
                0x0000344c       0x1c ./SDK/platform/drivers/src/interrupt/interrupt_manager.o
                0x0000344c                INT_SYS_DisableIRQ
 .text.INT_SYS_EnableIRQGlobal
                0x00003468       0x1c ./SDK/platform/drivers/src/interrupt/interrupt_manager.o
                0x00003468                INT_SYS_EnableIRQGlobal
 .text.INT_SYS_DisableIRQGlobal
                0x00003484       0x10 ./SDK/platform/drivers/src/interrupt/interrupt_manager.o
                0x00003484                INT_SYS_DisableIRQGlobal
 .text.LPI2C_DRV_MasterQueueData
                0x00003494       0x4c ./SDK/platform/drivers/src/lpi2c/lpi2c_driver.o
 .text.LPI2C_DRV_SlaveEndTransfer
                0x000034e0       0x4e ./SDK/platform/drivers/src/lpi2c/lpi2c_driver.o
 .text.LPI2C_DRV_MasterEndTransfer
                0x0000352e       0x68 ./SDK/platform/drivers/src/lpi2c/lpi2c_driver.o
 .text.LPI2C_DRV_SlaveEndTransferHandler
                0x00003596       0x3a ./SDK/platform/drivers/src/lpi2c/lpi2c_driver.o
 .text.LPI2C_DRV_ConfigureDmaTransfer
                0x000035d0       0x60 ./SDK/platform/drivers/src/lpi2c/lpi2c_driver.o
 .text.LPI2C_DRV_SlaveStartDmaTransfer
                0x00003630       0x9c ./SDK/platform/drivers/src/lpi2c/lpi2c_driver.o
 .text.LPI2C_DRV_MasterSetBaudRate
                0x000036cc      0x138 ./SDK/platform/drivers/src/lpi2c/lpi2c_driver.o
                0x000036cc                LPI2C_DRV_MasterSetBaudRate
 .text.LPI2C_DRV_MasterReinit
                0x00003804       0x5c ./SDK/platform/drivers/src/lpi2c/lpi2c_driver.o
 .text.LPI2C_DRV_MasterIRQHandler
                0x00003860      0x248 ./SDK/platform/drivers/src/lpi2c/lpi2c_driver.o
                0x00003860                LPI2C_DRV_MasterIRQHandler
 .text.LPI2C_DRV_SlaveIRQHandler
                0x00003aa8      0x1d8 ./SDK/platform/drivers/src/lpi2c/lpi2c_driver.o
                0x00003aa8                LPI2C_DRV_SlaveIRQHandler
 .text.LPI2C_Init
                0x00003c80       0x1e ./SDK/platform/drivers/src/lpi2c/lpi2c_hw_access.o
                0x00003c80                LPI2C_Init
 .text.LPI2C0_Master_IRQHandler
                0x00003c9e        0xa ./SDK/platform/drivers/src/lpi2c/lpi2c_irq.o
                0x00003c9e                LPI2C0_Master_IRQHandler
 .text.LPI2C0_Slave_IRQHandler
                0x00003ca8        0xa ./SDK/platform/drivers/src/lpi2c/lpi2c_irq.o
                0x00003ca8                LPI2C0_Slave_IRQHandler
 *fill*         0x00003cb2        0x2 
 .text.LPIT_DRV_Init
                0x00003cb4       0xac ./SDK/platform/drivers/src/lpit/lpit_driver.o
                0x00003cb4                LPIT_DRV_Init
 .text.LPIT_DRV_Deinit
                0x00003d60       0x10 ./SDK/platform/drivers/src/lpit/lpit_driver.o
                0x00003d60                LPIT_DRV_Deinit
 .text.LPIT_DRV_SetTimerPeriodByUs
                0x00003d70       0xac ./SDK/platform/drivers/src/lpit/lpit_driver.o
                0x00003d70                LPIT_DRV_SetTimerPeriodByUs
 .text.LPIT_DRV_InitChannel
                0x00003e1c      0x188 ./SDK/platform/drivers/src/lpit/lpit_driver.o
                0x00003e1c                LPIT_DRV_InitChannel
 .text.LPIT_DRV_GetInterruptFlagTimerChannels
                0x00003fa4        0xc ./SDK/platform/drivers/src/lpit/lpit_driver.o
                0x00003fa4                LPIT_DRV_GetInterruptFlagTimerChannels
 .text.LPIT_DRV_ClearInterruptFlagTimerChannels
                0x00003fb0        0xc ./SDK/platform/drivers/src/lpit/lpit_driver.o
                0x00003fb0                LPIT_DRV_ClearInterruptFlagTimerChannels
 .text.LPUART_DRV_StartSendDataUsingInt
                0x00003fbc       0x4c ./SDK/platform/drivers/src/lpuart/lpuart_driver.o
 .text.LPUART_DRV_StartSendDataUsingDma
                0x00004008       0x80 ./SDK/platform/drivers/src/lpuart/lpuart_driver.o
 .text.LPUART_DRV_CompleteSendDataUsingInt
                0x00004088       0x64 ./SDK/platform/drivers/src/lpuart/lpuart_driver.o
 .text.LPUART_DRV_StopTxDma
                0x000040ec       0x64 ./SDK/platform/drivers/src/lpuart/lpuart_driver.o
 .text.LPUART_DRV_TxDmaCallback
                0x00004150       0x74 ./SDK/platform/drivers/src/lpuart/lpuart_driver.o
 .text.LPUART_DRV_PutData
                0x000041c4       0x44 ./SDK/platform/drivers/src/lpuart/lpuart_driver.o
 .text.LPUART_DRV_StartReceiveDataUsingInt
                0x00004208       0x54 ./SDK/platform/drivers/src/lpuart/lpuart_driver.o
 .text.LPUART_DRV_StartReceiveDataUsingDma
                0x0000425c       0x9c ./SDK/platform/drivers/src/lpuart/lpuart_driver.o
 .text.LPUART_DRV_CompleteReceiveDataUsingInt
                0x000042f8       0x64 ./SDK/platform/drivers/src/lpuart/lpuart_driver.o
 .text.LPUART_DRV_StopRxDma
                0x0000435c       0x64 ./SDK/platform/drivers/src/lpuart/lpuart_driver.o
 .text.LPUART_DRV_RxDmaCallback
                0x000043c0       0xa4 ./SDK/platform/drivers/src/lpuart/lpuart_driver.o
 .text.LPUART_DRV_GetData
                0x00004464       0x5c ./SDK/platform/drivers/src/lpuart/lpuart_driver.o
 .text.LPUART_DRV_Deinit
                0x000044c0       0x74 ./SDK/platform/drivers/src/lpuart/lpuart_driver.o
                0x000044c0                LPUART_DRV_Deinit
 .text.LPUART_DRV_SendDataBlocking
                0x00004534       0x5c ./SDK/platform/drivers/src/lpuart/lpuart_driver.o
                0x00004534                LPUART_DRV_SendDataBlocking
 .text.LPUART_DRV_ReceiveDataBlocking
                0x00004590       0x5c ./SDK/platform/drivers/src/lpuart/lpuart_driver.o
                0x00004590                LPUART_DRV_ReceiveDataBlocking
 .text.LPUART_DRV_ReceiveData
                0x000045ec       0x24 ./SDK/platform/drivers/src/lpuart/lpuart_driver.o
                0x000045ec                LPUART_DRV_ReceiveData
 .text.LPUART_DRV_SetBaudRate
                0x00004610       0xd4 ./SDK/platform/drivers/src/lpuart/lpuart_driver.o
                0x00004610                LPUART_DRV_SetBaudRate
 .text.LPUART_DRV_Init
                0x000046e4       0xe0 ./SDK/platform/drivers/src/lpuart/lpuart_driver.o
                0x000046e4                LPUART_DRV_Init
 .text.LPUART_DRV_SetRxBuffer
                0x000047c4       0x14 ./SDK/platform/drivers/src/lpuart/lpuart_driver.o
                0x000047c4                LPUART_DRV_SetRxBuffer
 .text.LPUART_DRV_IRQHandler
                0x000047d8      0x2a8 ./SDK/platform/drivers/src/lpuart/lpuart_driver.o
                0x000047d8                LPUART_DRV_IRQHandler
 .text.LPUART_Init
                0x00004a80       0x24 ./SDK/platform/drivers/src/lpuart/lpuart_hw_access.o
                0x00004a80                LPUART_Init
 .text.LPUART_SetBitCountPerChar
                0x00004aa4       0x30 ./SDK/platform/drivers/src/lpuart/lpuart_hw_access.o
                0x00004aa4                LPUART_SetBitCountPerChar
 .text.LPUART_SetParityMode
                0x00004ad4       0x1e ./SDK/platform/drivers/src/lpuart/lpuart_hw_access.o
                0x00004ad4                LPUART_SetParityMode
 .text.LPUART_Putchar9
                0x00004af2       0x16 ./SDK/platform/drivers/src/lpuart/lpuart_hw_access.o
                0x00004af2                LPUART_Putchar9
 .text.LPUART_Putchar10
                0x00004b08       0x22 ./SDK/platform/drivers/src/lpuart/lpuart_hw_access.o
                0x00004b08                LPUART_Putchar10
 .text.LPUART_Getchar9
                0x00004b2a       0x12 ./SDK/platform/drivers/src/lpuart/lpuart_hw_access.o
                0x00004b2a                LPUART_Getchar9
 .text.LPUART_Getchar10
                0x00004b3c       0x1e ./SDK/platform/drivers/src/lpuart/lpuart_hw_access.o
                0x00004b3c                LPUART_Getchar10
 .text.LPUART_SetIntMode
                0x00004b5a       0x70 ./SDK/platform/drivers/src/lpuart/lpuart_hw_access.o
                0x00004b5a                LPUART_SetIntMode
 .text.LPUART_GetIntMode
                0x00004bca       0x4a ./SDK/platform/drivers/src/lpuart/lpuart_hw_access.o
                0x00004bca                LPUART_GetIntMode
 .text.LPUART_GetStatusFlag
                0x00004c14       0x48 ./SDK/platform/drivers/src/lpuart/lpuart_hw_access.o
                0x00004c14                LPUART_GetStatusFlag
 .text.LPUART_SetErrorInterrupts
                0x00004c5c       0x40 ./SDK/platform/drivers/src/lpuart/lpuart_hw_access.o
                0x00004c5c                LPUART_SetErrorInterrupts
 .text.LPUART0_IrqHandler
                0x00004c9c        0xa ./SDK/platform/drivers/src/lpuart/lpuart_irq.o
                0x00004c9c                LPUART0_IrqHandler
 .text.LPUART1_IrqHandler
                0x00004ca6        0xa ./SDK/platform/drivers/src/lpuart/lpuart_irq.o
                0x00004ca6                LPUART1_IrqHandler
 .text.LPUART2_IrqHandler
                0x00004cb0        0xa ./SDK/platform/drivers/src/lpuart/lpuart_irq.o
                0x00004cb0                LPUART2_IrqHandler
 .text.PINS_DRV_Init
                0x00004cba       0x20 ./SDK/platform/drivers/src/pins/pins_driver.o
                0x00004cba                PINS_DRV_Init
 *fill*         0x00004cda        0x2 
 .text.PINS_GetAdcInterleaveVal
                0x00004cdc       0x70 ./SDK/platform/drivers/src/pins/pins_port_hw_access.o
 .text.PINS_Init
                0x00004d4c      0x114 ./SDK/platform/drivers/src/pins/pins_port_hw_access.o
                0x00004d4c                PINS_Init
 .text.SysTick_Handler
                0x00004e60       0x10 ./SDK/rtos/osif/osif_baremetal.o
                0x00004e60                SysTick_Handler
 .text.OSIF_SemaWait
                0x00004e70       0x74 ./SDK/rtos/osif/osif_baremetal.o
                0x00004e70                OSIF_SemaWait
 .text.OSIF_SemaPost
                0x00004ee4       0x26 ./SDK/rtos/osif/osif_baremetal.o
                0x00004ee4                OSIF_SemaPost
 .text.OSIF_SemaCreate
                0x00004f0a       0x14 ./SDK/rtos/osif/osif_baremetal.o
                0x00004f0a                OSIF_SemaCreate
 .text.OSIF_SemaDestroy
                0x00004f1e        0x4 ./SDK/rtos/osif/osif_baremetal.o
                0x00004f1e                OSIF_SemaDestroy
 *fill*         0x00004f22        0x2 
 .text.CAN_ID_0x1A0_mv
                0x00004f24       0x44 ./Sources/CAN_Communication/CAN_Communication.o
                0x00004f24                CAN_ID_0x1A0_mv
 .text.CAN_Rx_0x1B0_mv
                0x00004f68       0x30 ./Sources/CAN_Communication/CAN_Communication.o
                0x00004f68                CAN_Rx_0x1B0_mv
 .text.CAN_Callback
                0x00004f98        0x2 ./Sources/CAN_Communication/CAN_Communication.o
                0x00004f98                CAN_Callback
 *fill*         0x00004f9a        0x2 
 .text.APP_Timer0_Callback
                0x00004f9c       0x34 ./Sources/application/application.o
                0x00004f9c                APP_Timer0_Callback
 .text.BSP_CRCFlash_mu32
                0x00004fd0       0x4c ./Sources/board_config/bsp.o
 .text.BSP_UpdateAppStatus_men
                0x0000501c       0x54 ./Sources/board_config/bsp.o
 .text.BSP_HandleUartComm_mv
                0x00005070      0x114 ./Sources/board_config/bsp.o
 .text.BSP_HandleCanComm_mv
                0x00005184      0x104 ./Sources/board_config/bsp.o
 .text.BSP_Init
                0x00005288      0x114 ./Sources/board_config/bsp.o
                0x00005288                BSP_Init
 .text.Common_Memcpy_gv
                0x0000539c       0x22 ./Sources/drivers/common.o
                0x0000539c                Common_Memcpy_gv
 *fill*         0x000053be        0x2 
 .text.DRV_CAN_Init_gen
                0x000053c0       0x40 ./Sources/drivers/drv_can .o
                0x000053c0                DRV_CAN_Init_gen
 .text.DRV_CAN_ConfigRxBuffer_gen
                0x00005400       0x34 ./Sources/drivers/drv_can .o
                0x00005400                DRV_CAN_ConfigRxBuffer_gen
 .text.DRV_CAN_ConfigTxBuffer_gen
                0x00005434       0x48 ./Sources/drivers/drv_can .o
                0x00005434                DRV_CAN_ConfigTxBuffer_gen
 .text.DRV_CAN_Transmit_gen
                0x0000547c       0x50 ./Sources/drivers/drv_can .o
                0x0000547c                DRV_CAN_Transmit_gen
 .text.DRV_CAN_ReceiveBlocking_gen
                0x000054cc       0x68 ./Sources/drivers/drv_can .o
                0x000054cc                DRV_CAN_ReceiveBlocking_gen
 .text.DRV_CAN_Deinit_gen
                0x00005534       0x18 ./Sources/drivers/drv_can .o
                0x00005534                DRV_CAN_Deinit_gen
 .text.CCIF_Handler
                0x0000554c       0x10 ./Sources/drivers/drv_flash.o
                0x0000554c                CCIF_Handler
 .text.DRV_FLASH_Init_gen
                0x0000555c       0x2c ./Sources/drivers/drv_flash.o
                0x0000555c                DRV_FLASH_Init_gen
 .text.DRV_FLASH_SectorErase_gen
                0x00005588       0x2c ./Sources/drivers/drv_flash.o
                0x00005588                DRV_FLASH_SectorErase_gen
 .text.DRV_FLASH_Write_gen
                0x000055b4       0x64 ./Sources/drivers/drv_flash.o
                0x000055b4                DRV_FLASH_Write_gen
 .text.DRV_Timer_Ch3_IRQHandler
                0x00005618       0x18 ./Sources/drivers/drv_timer.o
 .text.DRV_Timer_Ch2_IRQHandler
                0x00005630       0x18 ./Sources/drivers/drv_timer.o
 .text.DRV_Timer_Ch1_IRQHandler
                0x00005648       0x18 ./Sources/drivers/drv_timer.o
 .text.DRV_Timer_Ch0_IRQHandler
                0x00005660       0x1c ./Sources/drivers/drv_timer.o
 .text.DRV_Timer_Init_gv
                0x0000567c       0x70 ./Sources/drivers/drv_timer.o
                0x0000567c                DRV_Timer_Init_gv
 .text.DRV_Timer_DeInit_gv
                0x000056ec       0x14 ./Sources/drivers/drv_timer.o
                0x000056ec                DRV_Timer_DeInit_gv
 .text.DRV_UART_Init
                0x00005700       0x24 ./Sources/drivers/drv_uart.o
                0x00005700                DRV_UART_Init
 .text.DRV_UART_SendDataBlocking
                0x00005724       0x36 ./Sources/drivers/drv_uart.o
                0x00005724                DRV_UART_SendDataBlocking
 .text.DRV_UART_ReceiveDataBlocking
                0x0000575a       0x36 ./Sources/drivers/drv_uart.o
                0x0000575a                DRV_UART_ReceiveDataBlocking
 .text.DRV_UART_ReceiveData
                0x00005790       0x2a ./Sources/drivers/drv_uart.o
                0x00005790                DRV_UART_ReceiveData
 .text.DRV_UART_SetRxBuffer
                0x000057ba       0x1e ./Sources/drivers/drv_uart.o
                0x000057ba                DRV_UART_SetRxBuffer
 .text.DRV_UART_Deinit
                0x000057d8       0x16 ./Sources/drivers/drv_uart.o
                0x000057d8                DRV_UART_Deinit
 *fill*         0x000057ee        0x2 
 .text.main     0x000057f0       0x18 ./Sources/main.o
                0x000057f0                main
 *(.rodata)
 .rodata        0x00005808        0x8 ./Sources/board_config/bsp.o
 *(.rodata*)
 .rodata.Flash_InitConfig0
                0x00005810       0x14 ./Generated_Code/Flash.o
                0x00005810                Flash_InitConfig0
 .rodata.canCom1_InitConfig0
                0x00005824       0x38 ./Generated_Code/canCom1.o
                0x00005824                canCom1_InitConfig0
 .rodata.lpit1_InitConfig
                0x0000585c        0x2 ./Generated_Code/lpit1.o
                0x0000585c                lpit1_InitConfig
 *fill*         0x0000585e        0x2 
 .rodata.lpuart1_InitConfig0
                0x00005860        0xc ./Generated_Code/lpuart1.o
                0x00005860                lpuart1_InitConfig0
 .rodata.clockNameMappings
                0x0000586c       0x9e ./SDK/platform/drivers/src/clock/S32K1xx/clock_S32K1xx.o
                0x0000586c                clockNameMappings
 *fill*         0x0000590a        0x2 
 .rodata.maxSysClksInHSRUN.7598
                0x0000590c       0x54 ./SDK/platform/drivers/src/clock/S32K1xx/clock_S32K1xx.o
 .rodata.maxSysClksInRUN.7597
                0x00005960       0x54 ./SDK/platform/drivers/src/clock/S32K1xx/clock_S32K1xx.o
 .rodata.maxSysClksInVLPR.7596
                0x000059b4       0x54 ./SDK/platform/drivers/src/clock/S32K1xx/clock_S32K1xx.o
 .rodata.peripheralFeaturesList
                0x00005a08       0x4f ./SDK/platform/drivers/src/clock/S32K1xx/clock_S32K1xx.o
                0x00005a08                peripheralFeaturesList
 *fill*         0x00005a57        0x1 
 .rodata.g_flexcanBase
                0x00005a58        0xc ./SDK/platform/drivers/src/flexcan/flexcan_driver.o
 .rodata.g_flexcanBusOffIrqId
                0x00005a64        0x3 ./SDK/platform/drivers/src/flexcan/flexcan_driver.o
 *fill*         0x00005a67        0x1 
 .rodata.g_flexcanErrorIrqId
                0x00005a68        0x3 ./SDK/platform/drivers/src/flexcan/flexcan_driver.o
 *fill*         0x00005a6b        0x1 
 .rodata.g_flexcanOredMessageBufferIrqId
                0x00005a6c        0x6 ./SDK/platform/drivers/src/flexcan/flexcan_driver.o
 *fill*         0x00005a72        0x2 
 .rodata.g_flexcanWakeUpIrqId
                0x00005a74        0x3 ./SDK/platform/drivers/src/flexcan/flexcan_driver.o
 *fill*         0x00005a77        0x1 
 .rodata.payload_code.7337
                0x00005a78       0x41 ./SDK/platform/drivers/src/flexcan/flexcan_hw_access.o
 *fill*         0x00005ab9        0x3 
 .rodata.g_lpi2cDMASrc
                0x00005abc        0x2 ./SDK/platform/drivers/src/lpi2c/lpi2c_driver.o
 *fill*         0x00005abe        0x2 
 .rodata.s_lpuartBase
                0x00005ac0        0xc ./SDK/platform/drivers/src/lpuart/lpuart_driver.o
 .rodata.s_lpuartClkNames
                0x00005acc        0x3 ./SDK/platform/drivers/src/lpuart/lpuart_driver.o
 *fill*         0x00005acf        0x1 
 .rodata.s_lpuartRxTxIrqId
                0x00005ad0        0x3 ./SDK/platform/drivers/src/lpuart/lpuart_driver.o
 *fill*         0x00005ad3        0x1 
 .rodata.BSP_HandleUartComm_mv.str1.4
                0x00005ad4       0x14 ./Sources/board_config/bsp.o
                                 0x13 (size before relaxing)
 .rodata.DRV_CanConfig_arrst
                0x00005ae8        0xc ./Sources/drivers/drv_can .o
 .rodata.DRV_CanInstances_arrst
                0x00005af4        0x3 ./Sources/drivers/drv_can .o
 *(.init)
 *fill*         0x00005af7        0x1 
 .init          0x00005af8        0x4 c:/nxp/s32ds_arm_v2.2/s32ds/build_tools/gcc_v6.3/gcc-6.3-arm32-eabi/bin/../lib/gcc/arm-none-eabi/6.3.1/thumb/v7e-m/fpv4-sp/hard/crti.o
                0x00005af8                _init
 *(.fini)
 .fini          0x00005afc        0x4 c:/nxp/s32ds_arm_v2.2/s32ds/build_tools/gcc_v6.3/gcc-6.3-arm32-eabi/bin/../lib/gcc/arm-none-eabi/6.3.1/thumb/v7e-m/fpv4-sp/hard/crti.o
                0x00005afc                _fini
 .fini.__stub   0x00005b00        0x8 linker stubs
 *(.eh_frame)
                0x00005b08                . = ALIGN (0x4)

.glue_7         0x00005b08        0x0
 .glue_7        0x00005b08        0x0 linker stubs

.glue_7t        0x00005b08        0x0
 .glue_7t       0x00005b08        0x0 linker stubs

.vfp11_veneer   0x00005b08        0x0
 .vfp11_veneer  0x00005b08        0x0 linker stubs

.v4_bx          0x00005b08        0x0
 .v4_bx         0x00005b08        0x0 linker stubs

.iplt           0x00005b08        0x0
 .iplt          0x00005b08        0x0 c:/nxp/s32ds_arm_v2.2/s32ds/build_tools/gcc_v6.3/gcc-6.3-arm32-eabi/bin/../lib/gcc/arm-none-eabi/6.3.1/thumb/v7e-m/fpv4-sp/hard/crtbegin.o

.ARM            0x00005b08        0x8
                0x00005b08                __exidx_start = .
 *(.ARM.exidx*)
 .ARM.exidx     0x00005b08        0x8 c:/nxp/s32ds_arm_v2.2/s32ds/build_tools/gcc_v6.3/gcc-6.3-arm32-eabi/bin/../lib/gcc/arm-none-eabi/6.3.1/thumb/v7e-m/fpv4-sp/hard\libgcc.a(_udivmoddi4.o)
                0x00005b10                __exidx_end = .
                0x00005b10                __etext = .
                0x00005b10                __DATA_ROM = .

.interrupts_ram
                0x1fff8000      0x400
                0x1fff8000                . = ALIGN (0x4)
                0x1fff8000                __VECTOR_RAM__ = .
                0x1fff8000                __RAM_START = .
                0x1fff8000                __interrupts_ram_start__ = .
 *(.m_interrupts_ram)
                0x1fff8400                . = (. + M_VECTOR_RAM_SIZE)
 *fill*         0x1fff8000      0x400 
                0x1fff8400                . = ALIGN (0x4)
                0x1fff8400                __interrupts_ram_end__ = .
                0x1fff8000                __VECTOR_RAM = DEFINED (__flash_vector_table__)?ORIGIN (m_interrupts):__VECTOR_RAM__
                0x00000400                __RAM_VECTOR_TABLE_SIZE = DEFINED (__flash_vector_table__)?0x0:(__interrupts_ram_end__ - __interrupts_ram_start__)

.data           0x1fff8400      0x3d8 load address 0x00005b10
                0x1fff8400                . = ALIGN (0x4)
                0x1fff8400                __DATA_RAM = .
                0x1fff8400                __data_start__ = .
 *(.data)
 *(.data*)
 .data.clockMan1_InitConfig0
                0x1fff8400       0x78 ./Generated_Code/clockMan1.o
                0x1fff8400                clockMan1_InitConfig0
 .data.peripheralClockConfig0
                0x1fff8478       0x8c ./Generated_Code/clockMan1.o
                0x1fff8478                peripheralClockConfig0
 .data.lpit1_ChnConfig0
                0x1fff8504       0x18 ./Generated_Code/lpit1.o
                0x1fff8504                lpit1_ChnConfig0
 .data.g_pin_mux_InitConfigArr
                0x1fff851c      0x1e0 ./Generated_Code/pin_mux.o
                0x1fff851c                g_pin_mux_InitConfigArr
 .data.peripheralClockConfig.7360
                0x1fff86fc       0xa0 ./SDK/platform/drivers/src/clock/S32K1xx/clock_S32K1xx.o
 .data.g_lpuartIsr
                0x1fff879c        0xc ./SDK/platform/drivers/src/lpuart/lpuart_irq.o
                0x1fff879c                g_lpuartIsr
 .data.CAN_DataFrame_St
                0x1fff87a8       0x28 ./Sources/CAN_Communication/CAN_Communication.o
                0x1fff87a8                CAN_DataFrame_St
 .data.DRV_timerChannelConfig
                0x1fff87d0        0x4 ./Sources/drivers/drv_timer.o
                0x1fff87d0                DRV_timerChannelConfig
 .data.DRV_timerConfig
                0x1fff87d4        0x4 ./Sources/drivers/drv_timer.o
                0x1fff87d4                DRV_timerConfig
                0x1fff87d8                . = ALIGN (0x4)
                0x1fff87d8                __data_end__ = .
                0x00005ee8                __DATA_END = (__DATA_ROM + (__data_end__ - __data_start__))
                0x00005ee8                __CODE_ROM = __DATA_END

.igot.plt       0x1fff87d8        0x0 load address 0x00005ee8
 .igot.plt      0x1fff87d8        0x0 c:/nxp/s32ds_arm_v2.2/s32ds/build_tools/gcc_v6.3/gcc-6.3-arm32-eabi/bin/../lib/gcc/arm-none-eabi/6.3.1/thumb/v7e-m/fpv4-sp/hard/crtbegin.o

.code           0x1fff87d8       0x38 load address 0x00005ee8
                0x1fff87d8                . = ALIGN (0x4)
                0x1fff87d8                __CODE_RAM = .
                0x1fff87d8                __code_start__ = .
                0x1fff87d8                __code_ram_start__ = .
 *(.code_ram)
 .code_ram      0x1fff87d8       0x38 ./SDK/platform/drivers/src/flash/flash_driver.o
                0x1fff8810                . = ALIGN (0x4)
                0x1fff8810                __code_end__ = .
                0x1fff8810                __code_ram_end__ = .
                0x00005f20                __CODE_END = (__CODE_ROM + (__code_end__ - __code_start__))
                0x00005f20                __CUSTOM_ROM = __CODE_END

.rel.dyn        0x1fff8810        0x0 load address 0x00005f20
 .rel.iplt      0x1fff8810        0x0 c:/nxp/s32ds_arm_v2.2/s32ds/build_tools/gcc_v6.3/gcc-6.3-arm32-eabi/bin/../lib/gcc/arm-none-eabi/6.3.1/thumb/v7e-m/fpv4-sp/hard/crtbegin.o

.customSectionBlock
                0x20000000        0x0 load address 0x00005f20
                0x20000000                __customSection_start__ = .
 *(.customSection)
                0x20000000                __customSection_end__ = .
                0x00005f20                __CUSTOM_END = (__CUSTOM_ROM + (__customSection_end__ - __customSection_start__))

.bss            0x20000000      0x6f4
                0x20000000                . = ALIGN (0x4)
                0x20000000                __BSS_START = .
                0x20000000                __bss_start__ = .
 *(.bss)
 *(.bss*)
 .bss.g_RtcClkInFreq
                0x20000000        0x4 ./SDK/platform/drivers/src/clock/S32K1xx/clock_S32K1xx.o
                0x20000000                g_RtcClkInFreq
 .bss.g_TClkFreq
                0x20000004        0xc ./SDK/platform/drivers/src/clock/S32K1xx/clock_S32K1xx.o
                0x20000004                g_TClkFreq
 .bss.g_xtal0ClkFreq
                0x20000010        0x4 ./SDK/platform/drivers/src/clock/S32K1xx/clock_S32K1xx.o
                0x20000010                g_xtal0ClkFreq
 .bss.s_virtEdmaState
                0x20000014        0x4 ./SDK/platform/drivers/src/edma/edma_driver.o
 .bss.g_flexcanStatePtr
                0x20000018        0xc ./SDK/platform/drivers/src/flexcan/flexcan_driver.o
 .bss.g_flexioDeviceStatePtr
                0x20000024        0x4 ./SDK/platform/drivers/src/flexio/flexio_common.o
                0x20000024                g_flexioDeviceStatePtr
 .bss.g_interruptDisableCount
                0x20000028        0x4 ./SDK/platform/drivers/src/interrupt/interrupt_manager.o
 .bss.g_lpi2cMasterStatePtr
                0x2000002c        0x4 ./SDK/platform/drivers/src/lpi2c/lpi2c_driver.o
 .bss.g_lpi2cSlaveStatePtr
                0x20000030        0x4 ./SDK/platform/drivers/src/lpi2c/lpi2c_driver.o
 .bss.s_lpitSourceClockFrequency
                0x20000034        0x4 ./SDK/platform/drivers/src/lpit/lpit_driver.o
 .bss.s_lpuartStatePtr
                0x20000038        0xc ./SDK/platform/drivers/src/lpuart/lpuart_driver.o
 .bss.s_osif_tick_cnt
                0x20000044        0x4 ./SDK/rtos/osif/osif_baremetal.o
 .bss.CAN_Transmition_counter_u32
                0x20000048        0x4 ./Sources/application/application.o
 .bss.can_tx_b  0x2000004c        0x1 ./Sources/application/application.o
                0x2000004c                can_tx_b
 *fill*         0x2000004d        0x3 
 .bss.BytesWritten_garg8
                0x20000050        0x4 ./Sources/board_config/bsp.o
                0x20000050                BytesWritten_garg8
 .bss.DRV_TimerConfigTable_gst
                0x20000054        0x2 ./Sources/board_config/bsp.o
                0x20000054                DRV_TimerConfigTable_gst
 .bss.FlashWriteFlag_garg8
                0x20000056        0x1 ./Sources/board_config/bsp.o
                0x20000056                FlashWriteFlag_garg8
 *fill*         0x20000057        0x1 
 .bss.UART_RXbuff_garg8
                0x20000058        0x8 ./Sources/board_config/bsp.o
                0x20000058                UART_RXbuff_garg8
 .bss.command_garg8
                0x20000060        0x1 ./Sources/board_config/bsp.o
                0x20000060                command_garg8
 *fill*         0x20000061        0x3 
 .bss.rxBuffer_garg8
                0x20000064        0x8 ./Sources/board_config/bsp.o
                0x20000064                rxBuffer_garg8
 .bss.DRV_RecvBuff
                0x2000006c      0x2f8 ./Sources/drivers/drv_can .o
 .bss.DRV_flexcanState
                0x20000364      0x33c ./Sources/drivers/drv_can .o
                0x20000364                DRV_flexcanState
 .bss.flashSSDConfig
                0x200006a0       0x1c ./Sources/drivers/drv_flash.o
                0x200006a0                flashSSDConfig
 .bss.uartConfig_arrst
                0x200006bc       0x34 ./Sources/drivers/drv_uart.o
 .bss.exit_code
                0x200006f0        0x4 ./Sources/main.o
                0x200006f0                exit_code
 *(COMMON)
                0x200006f4                . = ALIGN (0x4)
                0x200006f4                __bss_end__ = .
                0x200006f4                __BSS_END = .

.heap           0x200006f4      0x404
                0x200006f8                . = ALIGN (0x8)
 *fill*         0x200006f4        0x4 
                0x200006f8                __end__ = .
                0x200006f8                __heap_start__ = .
                [!provide]                PROVIDE (end, .)
                [!provide]                PROVIDE (_end, .)
                [!provide]                PROVIDE (__end, .)
                0x200006f8                __HeapBase = .
                0x20000af8                . = (. + HEAP_SIZE)
 *fill*         0x200006f8      0x400 
                0x20000af8                __HeapLimit = .
                0x20000af8                __heap_limit = .
                0x20000af8                __heap_end__ = .
                0x20007000                __StackTop = (ORIGIN (m_data_2) + LENGTH (m_data_2))
                0x20006c00                __StackLimit = (__StackTop - STACK_SIZE)
                0x20007000                PROVIDE (__stack, __StackTop)
                0x20007000                __RAM_END = __StackTop

.stack          0x20006c00      0x400
                0x20006c00                . = ALIGN (0x8)
                0x20006c00                __stack_start__ = .
                0x20007000                . = (. + STACK_SIZE)
 *fill*         0x20006c00      0x400 
                0x20007000                __stack_end__ = .

.ARM.attributes
                0x00000000       0x30
 *(.ARM.attributes)
 .ARM.attributes
                0x00000000       0x22 c:/nxp/s32ds_arm_v2.2/s32ds/build_tools/gcc_v6.3/gcc-6.3-arm32-eabi/bin/../lib/gcc/arm-none-eabi/6.3.1/thumb/v7e-m/fpv4-sp/hard/crti.o
 .ARM.attributes
                0x00000022       0x39 ./Generated_Code/Flash.o
 .ARM.attributes
                0x0000005b       0x39 ./Generated_Code/canCom1.o
 .ARM.attributes
                0x00000094       0x39 ./Generated_Code/clockMan1.o
 .ARM.attributes
                0x000000cd       0x39 ./Generated_Code/lpit1.o
 .ARM.attributes
                0x00000106       0x39 ./Generated_Code/lpuart1.o
 .ARM.attributes
                0x0000013f       0x39 ./Generated_Code/pin_mux.o
 .ARM.attributes
                0x00000178       0x1f ./Project_Settings/Startup_Code/startup_S32K144.o
 .ARM.attributes
                0x00000197       0x39 ./SDK/platform/devices/S32K144/startup/system_S32K144.o
 .ARM.attributes
                0x000001d0       0x39 ./SDK/platform/devices/startup.o
 .ARM.attributes
                0x00000209       0x39 ./SDK/platform/drivers/src/clock/S32K1xx/clock_S32K1xx.o
 .ARM.attributes
                0x00000242       0x39 ./SDK/platform/drivers/src/edma/edma_driver.o
 .ARM.attributes
                0x0000027b       0x39 ./SDK/platform/drivers/src/edma/edma_hw_access.o
 .ARM.attributes
                0x000002b4       0x39 ./SDK/platform/drivers/src/edma/edma_irq.o
 .ARM.attributes
                0x000002ed       0x39 ./SDK/platform/drivers/src/flash/flash_driver.o
 .ARM.attributes
                0x00000326       0x39 ./SDK/platform/drivers/src/flexcan/flexcan_driver.o
 .ARM.attributes
                0x0000035f       0x39 ./SDK/platform/drivers/src/flexcan/flexcan_hw_access.o
 .ARM.attributes
                0x00000398       0x39 ./SDK/platform/drivers/src/flexcan/flexcan_irq.o
 .ARM.attributes
                0x000003d1       0x39 ./SDK/platform/drivers/src/flexio/flexio_common.o
 .ARM.attributes
                0x0000040a       0x39 ./SDK/platform/drivers/src/interrupt/interrupt_manager.o
 .ARM.attributes
                0x00000443       0x39 ./SDK/platform/drivers/src/lpi2c/lpi2c_driver.o
 .ARM.attributes
                0x0000047c       0x39 ./SDK/platform/drivers/src/lpi2c/lpi2c_hw_access.o
 .ARM.attributes
                0x000004b5       0x39 ./SDK/platform/drivers/src/lpi2c/lpi2c_irq.o
 .ARM.attributes
                0x000004ee       0x39 ./SDK/platform/drivers/src/lpit/lpit_driver.o
 .ARM.attributes
                0x00000527       0x39 ./SDK/platform/drivers/src/lpuart/lpuart_driver.o
 .ARM.attributes
                0x00000560       0x39 ./SDK/platform/drivers/src/lpuart/lpuart_hw_access.o
 .ARM.attributes
                0x00000599       0x39 ./SDK/platform/drivers/src/lpuart/lpuart_irq.o
 .ARM.attributes
                0x000005d2       0x39 ./SDK/platform/drivers/src/pins/pins_driver.o
 .ARM.attributes
                0x0000060b       0x39 ./SDK/platform/drivers/src/pins/pins_port_hw_access.o
 .ARM.attributes
                0x00000644       0x39 ./SDK/rtos/osif/osif_baremetal.o
 .ARM.attributes
                0x0000067d       0x39 ./Sources/CAN_Communication/CAN_Communication.o
 .ARM.attributes
                0x000006b6       0x39 ./Sources/application/application.o
 .ARM.attributes
                0x000006ef       0x39 ./Sources/board_config/bsp.o
 .ARM.attributes
                0x00000728       0x39 ./Sources/drivers/common.o
 .ARM.attributes
                0x00000761       0x39 ./Sources/drivers/drv_can .o
 .ARM.attributes
                0x0000079a       0x39 ./Sources/drivers/drv_flash.o
 .ARM.attributes
                0x000007d3       0x39 ./Sources/drivers/drv_timer.o
 .ARM.attributes
                0x0000080c       0x39 ./Sources/drivers/drv_uart.o
 .ARM.attributes
                0x00000845       0x39 ./Sources/main.o
 .ARM.attributes
                0x0000087e       0x22 c:/nxp/s32ds_arm_v2.2/s32ds/build_tools/gcc_v6.3/gcc-6.3-arm32-eabi/bin/../lib/gcc/arm-none-eabi/6.3.1/thumb/v7e-m/fpv4-sp/hard\libgcc.a(_aeabi_uldivmod.o)
 .ARM.attributes
                0x000008a0       0x34 c:/nxp/s32ds_arm_v2.2/s32ds/build_tools/gcc_v6.3/gcc-6.3-arm32-eabi/bin/../lib/gcc/arm-none-eabi/6.3.1/thumb/v7e-m/fpv4-sp/hard\libgcc.a(_udivmoddi4.o)
 .ARM.attributes
                0x000008d4       0x22 c:/nxp/s32ds_arm_v2.2/s32ds/build_tools/gcc_v6.3/gcc-6.3-arm32-eabi/bin/../lib/gcc/arm-none-eabi/6.3.1/thumb/v7e-m/fpv4-sp/hard\libgcc.a(_dvmd_tls.o)
                0x00000001                ASSERT ((__StackLimit >= __HeapLimit), region m_data_2 overflowed with stack and heap)
OUTPUT(BMS_BootLoader_Firmware_V_0_1.elf elf32-littlearm)

.debug_info     0x00000000    0x43002
 .debug_info    0x00000000     0x2289 ./Generated_Code/Flash.o
 .debug_info    0x00002289     0x2296 ./Generated_Code/canCom1.o
 .debug_info    0x0000451f     0x23bf ./Generated_Code/clockMan1.o
 .debug_info    0x000068de     0x22a3 ./Generated_Code/lpit1.o
 .debug_info    0x00008b81     0x2296 ./Generated_Code/lpuart1.o
 .debug_info    0x0000ae17      0x406 ./Generated_Code/pin_mux.o
 .debug_info    0x0000b21d       0x26 ./Project_Settings/Startup_Code/startup_S32K144.o
 .debug_info    0x0000b243      0x521 ./SDK/platform/devices/S32K144/startup/system_S32K144.o
 .debug_info    0x0000b764      0x2ad ./SDK/platform/devices/startup.o
 .debug_info    0x0000ba11     0x5aaa ./SDK/platform/drivers/src/clock/S32K1xx/clock_S32K1xx.o
 .debug_info    0x000114bb     0x3771 ./SDK/platform/drivers/src/edma/edma_driver.o
 .debug_info    0x00014c2c      0x960 ./SDK/platform/drivers/src/edma/edma_hw_access.o
 .debug_info    0x0001558c      0x6db ./SDK/platform/drivers/src/edma/edma_irq.o
 .debug_info    0x00015c67     0x188f ./SDK/platform/drivers/src/flash/flash_driver.o
 .debug_info    0x000174f6     0x4fe1 ./SDK/platform/drivers/src/flexcan/flexcan_driver.o
 .debug_info    0x0001c4d7     0x1d43 ./SDK/platform/drivers/src/flexcan/flexcan_hw_access.o
 .debug_info    0x0001e21a      0x275 ./SDK/platform/drivers/src/flexcan/flexcan_irq.o
 .debug_info    0x0001e48f     0x193e ./SDK/platform/drivers/src/flexio/flexio_common.o
 .debug_info    0x0001fdcd      0x8bd ./SDK/platform/drivers/src/interrupt/interrupt_manager.o
 .debug_info    0x0002068a     0x562f ./SDK/platform/drivers/src/lpi2c/lpi2c_driver.o
 .debug_info    0x00025cb9      0x433 ./SDK/platform/drivers/src/lpi2c/lpi2c_hw_access.o
 .debug_info    0x000260ec       0xdc ./SDK/platform/drivers/src/lpi2c/lpi2c_irq.o
 .debug_info    0x000261c8     0x1c87 ./SDK/platform/drivers/src/lpit/lpit_driver.o
 .debug_info    0x00027e4f     0x2fe8 ./SDK/platform/drivers/src/lpuart/lpuart_driver.o
 .debug_info    0x0002ae37      0x96c ./SDK/platform/drivers/src/lpuart/lpuart_hw_access.o
 .debug_info    0x0002b7a3      0x127 ./SDK/platform/drivers/src/lpuart/lpuart_irq.o
 .debug_info    0x0002b8ca     0x13d8 ./SDK/platform/drivers/src/pins/pins_driver.o
 .debug_info    0x0002cca2      0x8a8 ./SDK/platform/drivers/src/pins/pins_port_hw_access.o
 .debug_info    0x0002d54a      0xa9e ./SDK/rtos/osif/osif_baremetal.o
 .debug_info    0x0002dfe8     0x2e78 ./Sources/CAN_Communication/CAN_Communication.o
 .debug_info    0x00030e60       0xee ./Sources/application/application.o
 .debug_info    0x00030f4e     0x39b7 ./Sources/board_config/bsp.o
 .debug_info    0x00034905      0x23a ./Sources/drivers/common.o
 .debug_info    0x00034b3f     0x3296 ./Sources/drivers/drv_can .o
 .debug_info    0x00037dd5     0x28f3 ./Sources/drivers/drv_flash.o
 .debug_info    0x0003a6c8     0x376b ./Sources/drivers/drv_timer.o
 .debug_info    0x0003de33     0x2603 ./Sources/drivers/drv_uart.o
 .debug_info    0x00040436     0x2bcc ./Sources/main.o

.debug_abbrev   0x00000000     0x5111
 .debug_abbrev  0x00000000      0x16a ./Generated_Code/Flash.o
 .debug_abbrev  0x0000016a      0x16a ./Generated_Code/canCom1.o
 .debug_abbrev  0x000002d4      0x177 ./Generated_Code/clockMan1.o
 .debug_abbrev  0x0000044b      0x16a ./Generated_Code/lpit1.o
 .debug_abbrev  0x000005b5      0x16a ./Generated_Code/lpuart1.o
 .debug_abbrev  0x0000071f       0xca ./Generated_Code/pin_mux.o
 .debug_abbrev  0x000007e9       0x14 ./Project_Settings/Startup_Code/startup_S32K144.o
 .debug_abbrev  0x000007fd      0x140 ./SDK/platform/devices/S32K144/startup/system_S32K144.o
 .debug_abbrev  0x0000093d       0xe0 ./SDK/platform/devices/startup.o
 .debug_abbrev  0x00000a1d      0x3e3 ./SDK/platform/drivers/src/clock/S32K1xx/clock_S32K1xx.o
 .debug_abbrev  0x00000e00      0x422 ./SDK/platform/drivers/src/edma/edma_driver.o
 .debug_abbrev  0x00001222      0x205 ./SDK/platform/drivers/src/edma/edma_hw_access.o
 .debug_abbrev  0x00001427      0x1b8 ./SDK/platform/drivers/src/edma/edma_irq.o
 .debug_abbrev  0x000015df      0x2bf ./SDK/platform/drivers/src/flash/flash_driver.o
 .debug_abbrev  0x0000189e      0x428 ./SDK/platform/drivers/src/flexcan/flexcan_driver.o
 .debug_abbrev  0x00001cc6      0x38a ./SDK/platform/drivers/src/flexcan/flexcan_hw_access.o
 .debug_abbrev  0x00002050       0x6c ./SDK/platform/drivers/src/flexcan/flexcan_irq.o
 .debug_abbrev  0x000020bc      0x374 ./SDK/platform/drivers/src/flexio/flexio_common.o
 .debug_abbrev  0x00002430      0x1ce ./SDK/platform/drivers/src/interrupt/interrupt_manager.o
 .debug_abbrev  0x000025fe      0x43e ./SDK/platform/drivers/src/lpi2c/lpi2c_driver.o
 .debug_abbrev  0x00002a3c      0x161 ./SDK/platform/drivers/src/lpi2c/lpi2c_hw_access.o
 .debug_abbrev  0x00002b9d       0x6c ./SDK/platform/drivers/src/lpi2c/lpi2c_irq.o
 .debug_abbrev  0x00002c09      0x3c4 ./SDK/platform/drivers/src/lpit/lpit_driver.o
 .debug_abbrev  0x00002fcd      0x3a4 ./SDK/platform/drivers/src/lpuart/lpuart_driver.o
 .debug_abbrev  0x00003371      0x1d0 ./SDK/platform/drivers/src/lpuart/lpuart_hw_access.o
 .debug_abbrev  0x00003541       0xb9 ./SDK/platform/drivers/src/lpuart/lpuart_irq.o
 .debug_abbrev  0x000035fa      0x2db ./SDK/platform/drivers/src/pins/pins_driver.o
 .debug_abbrev  0x000038d5      0x1f5 ./SDK/platform/drivers/src/pins/pins_port_hw_access.o
 .debug_abbrev  0x00003aca      0x2c6 ./SDK/rtos/osif/osif_baremetal.o
 .debug_abbrev  0x00003d90      0x26e ./Sources/CAN_Communication/CAN_Communication.o
 .debug_abbrev  0x00003ffe       0x89 ./Sources/application/application.o
 .debug_abbrev  0x00004087      0x44b ./Sources/board_config/bsp.o
 .debug_abbrev  0x000044d2       0xed ./Sources/drivers/common.o
 .debug_abbrev  0x000045bf      0x294 ./Sources/drivers/drv_can .o
 .debug_abbrev  0x00004853      0x234 ./Sources/drivers/drv_flash.o
 .debug_abbrev  0x00004a87      0x2ad ./Sources/drivers/drv_timer.o
 .debug_abbrev  0x00004d34      0x1f2 ./Sources/drivers/drv_uart.o
 .debug_abbrev  0x00004f26      0x1eb ./Sources/main.o

.debug_aranges  0x00000000     0x1100
 .debug_aranges
                0x00000000       0x18 ./Generated_Code/Flash.o
 .debug_aranges
                0x00000018       0x18 ./Generated_Code/canCom1.o
 .debug_aranges
                0x00000030       0x18 ./Generated_Code/clockMan1.o
 .debug_aranges
                0x00000048       0x18 ./Generated_Code/lpit1.o
 .debug_aranges
                0x00000060       0x18 ./Generated_Code/lpuart1.o
 .debug_aranges
                0x00000078       0x18 ./Generated_Code/pin_mux.o
 .debug_aranges
                0x00000090       0x20 ./Project_Settings/Startup_Code/startup_S32K144.o
 .debug_aranges
                0x000000b0       0x30 ./SDK/platform/devices/S32K144/startup/system_S32K144.o
 .debug_aranges
                0x000000e0       0x20 ./SDK/platform/devices/startup.o
 .debug_aranges
                0x00000100      0x120 ./SDK/platform/drivers/src/clock/S32K1xx/clock_S32K1xx.o
 .debug_aranges
                0x00000220      0x138 ./SDK/platform/drivers/src/edma/edma_driver.o
 .debug_aranges
                0x00000358       0x88 ./SDK/platform/drivers/src/edma/edma_hw_access.o
 .debug_aranges
                0x000003e0       0xa0 ./SDK/platform/drivers/src/edma/edma_irq.o
 .debug_aranges
                0x00000480      0x130 ./SDK/platform/drivers/src/flash/flash_driver.o
 .debug_aranges
                0x000005b0      0x170 ./SDK/platform/drivers/src/flexcan/flexcan_driver.o
 .debug_aranges
                0x00000720       0xe8 ./SDK/platform/drivers/src/flexcan/flexcan_hw_access.o
 .debug_aranges
                0x00000808       0x80 ./SDK/platform/drivers/src/flexcan/flexcan_irq.o
 .debug_aranges
                0x00000888       0x48 ./SDK/platform/drivers/src/flexio/flexio_common.o
 .debug_aranges
                0x000008d0       0x70 ./SDK/platform/drivers/src/interrupt/interrupt_manager.o
 .debug_aranges
                0x00000940      0x140 ./SDK/platform/drivers/src/lpi2c/lpi2c_driver.o
 .debug_aranges
                0x00000a80       0x20 ./SDK/platform/drivers/src/lpi2c/lpi2c_hw_access.o
 .debug_aranges
                0x00000aa0       0x28 ./SDK/platform/drivers/src/lpi2c/lpi2c_irq.o
 .debug_aranges
                0x00000ac8       0xb0 ./SDK/platform/drivers/src/lpit/lpit_driver.o
 .debug_aranges
                0x00000b78      0x118 ./SDK/platform/drivers/src/lpuart/lpuart_driver.o
 .debug_aranges
                0x00000c90       0x78 ./SDK/platform/drivers/src/lpuart/lpuart_hw_access.o
 .debug_aranges
                0x00000d08       0x30 ./SDK/platform/drivers/src/lpuart/lpuart_irq.o
 .debug_aranges
                0x00000d38       0xe0 ./SDK/platform/drivers/src/pins/pins_driver.o
 .debug_aranges
                0x00000e18       0x40 ./SDK/platform/drivers/src/pins/pins_port_hw_access.o
 .debug_aranges
                0x00000e58       0x70 ./SDK/rtos/osif/osif_baremetal.o
 .debug_aranges
                0x00000ec8       0x30 ./Sources/CAN_Communication/CAN_Communication.o
 .debug_aranges
                0x00000ef8       0x20 ./Sources/application/application.o
 .debug_aranges
                0x00000f18       0x48 ./Sources/board_config/bsp.o
 .debug_aranges
                0x00000f60       0x30 ./Sources/drivers/common.o
 .debug_aranges
                0x00000f90       0x58 ./Sources/drivers/drv_can .o
 .debug_aranges
                0x00000fe8       0x40 ./Sources/drivers/drv_flash.o
 .debug_aranges
                0x00001028       0x68 ./Sources/drivers/drv_timer.o
 .debug_aranges
                0x00001090       0x50 ./Sources/drivers/drv_uart.o
 .debug_aranges
                0x000010e0       0x20 ./Sources/main.o

.debug_line     0x00000000     0xd9c5
 .debug_line    0x00000000      0x54e ./Generated_Code/Flash.o
 .debug_line    0x0000054e      0x550 ./Generated_Code/canCom1.o
 .debug_line    0x00000a9e      0x552 ./Generated_Code/clockMan1.o
 .debug_line    0x00000ff0      0x54e ./Generated_Code/lpit1.o
 .debug_line    0x0000153e      0x550 ./Generated_Code/lpuart1.o
 .debug_line    0x00001a8e      0x21a ./Generated_Code/pin_mux.o
 .debug_line    0x00001ca8       0x82 ./Project_Settings/Startup_Code/startup_S32K144.o
 .debug_line    0x00001d2a      0x21c ./SDK/platform/devices/S32K144/startup/system_S32K144.o
 .debug_line    0x00001f46      0x177 ./SDK/platform/devices/startup.o
 .debug_line    0x000020bd     0x1159 ./SDK/platform/drivers/src/clock/S32K1xx/clock_S32K1xx.o
 .debug_line    0x00003216      0x923 ./SDK/platform/drivers/src/edma/edma_driver.o
 .debug_line    0x00003b39      0x3af ./SDK/platform/drivers/src/edma/edma_hw_access.o
 .debug_line    0x00003ee8      0x300 ./SDK/platform/drivers/src/edma/edma_irq.o
 .debug_line    0x000041e8      0x814 ./SDK/platform/drivers/src/flash/flash_driver.o
 .debug_line    0x000049fc      0xd99 ./SDK/platform/drivers/src/flexcan/flexcan_driver.o
 .debug_line    0x00005795      0x7f2 ./SDK/platform/drivers/src/flexcan/flexcan_hw_access.o
 .debug_line    0x00005f87      0x140 ./SDK/platform/drivers/src/flexcan/flexcan_irq.o
 .debug_line    0x000060c7      0x4c2 ./SDK/platform/drivers/src/flexio/flexio_common.o
 .debug_line    0x00006589      0x349 ./SDK/platform/drivers/src/interrupt/interrupt_manager.o
 .debug_line    0x000068d2      0xea9 ./SDK/platform/drivers/src/lpi2c/lpi2c_driver.o
 .debug_line    0x0000777b      0x1ea ./SDK/platform/drivers/src/lpi2c/lpi2c_hw_access.o
 .debug_line    0x00007965       0xe5 ./SDK/platform/drivers/src/lpi2c/lpi2c_irq.o
 .debug_line    0x00007a4a      0x67a ./SDK/platform/drivers/src/lpit/lpit_driver.o
 .debug_line    0x000080c4      0xa30 ./SDK/platform/drivers/src/lpuart/lpuart_driver.o
 .debug_line    0x00008af4      0x427 ./SDK/platform/drivers/src/lpuart/lpuart_hw_access.o
 .debug_line    0x00008f1b      0x10a ./SDK/platform/drivers/src/lpuart/lpuart_irq.o
 .debug_line    0x00009025      0x51e ./SDK/platform/drivers/src/pins/pins_driver.o
 .debug_line    0x00009543      0x32b ./SDK/platform/drivers/src/pins/pins_port_hw_access.o
 .debug_line    0x0000986e      0x460 ./SDK/rtos/osif/osif_baremetal.o
 .debug_line    0x00009cce      0x8c1 ./Sources/CAN_Communication/CAN_Communication.o
 .debug_line    0x0000a58f      0x219 ./Sources/application/application.o
 .debug_line    0x0000a7a8      0x8fb ./Sources/board_config/bsp.o
 .debug_line    0x0000b0a3      0x284 ./Sources/drivers/common.o
 .debug_line    0x0000b327      0x8ac ./Sources/drivers/drv_can .o
 .debug_line    0x0000bbd3      0x6c1 ./Sources/drivers/drv_flash.o
 .debug_line    0x0000c294      0x910 ./Sources/drivers/drv_timer.o
 .debug_line    0x0000cba4      0x705 ./Sources/drivers/drv_uart.o
 .debug_line    0x0000d2a9      0x71c ./Sources/main.o

.debug_str      0x00000000     0xdf1a
 .debug_str     0x00000000     0x36f7 ./Generated_Code/Flash.o
                               0x3807 (size before relaxing)
 .debug_str     0x000036f7       0x1c ./Generated_Code/canCom1.o
                               0x3809 (size before relaxing)
 .debug_str     0x00003713      0x4b6 ./Generated_Code/clockMan1.o
                               0x3ca3 (size before relaxing)
 .debug_str     0x00003bc9       0x1a ./Generated_Code/lpit1.o
                               0x3807 (size before relaxing)
 .debug_str     0x00003be3       0x1c ./Generated_Code/lpuart1.o
                               0x3809 (size before relaxing)
 .debug_str     0x00003bff       0x1c ./Generated_Code/pin_mux.o
                                0x60e (size before relaxing)
 .debug_str     0x00003c1b       0x3f ./Project_Settings/Startup_Code/startup_S32K144.o
                                 0x95 (size before relaxing)
 .debug_str     0x00003c5a      0x1e2 ./SDK/platform/devices/S32K144/startup/system_S32K144.o
                                0x44f (size before relaxing)
 .debug_str     0x00003e3c      0x20c ./SDK/platform/devices/startup.o
                                0x43e (size before relaxing)
 .debug_str     0x00004048     0x1556 ./SDK/platform/drivers/src/clock/S32K1xx/clock_S32K1xx.o
                               0x394e (size before relaxing)
 .debug_str     0x0000559e     0x173e ./SDK/platform/drivers/src/edma/edma_driver.o
                               0x2a3c (size before relaxing)
 .debug_str     0x00006cdc       0x46 ./SDK/platform/drivers/src/edma/edma_hw_access.o
                                0x800 (size before relaxing)
 .debug_str     0x00006d22      0x162 ./SDK/platform/drivers/src/edma/edma_irq.o
                                0x515 (size before relaxing)
 .debug_str     0x00006e84      0x6f6 ./SDK/platform/drivers/src/flash/flash_driver.o
                               0x18f5 (size before relaxing)
 .debug_str     0x0000757a     0x1406 ./SDK/platform/drivers/src/flexcan/flexcan_driver.o
                               0x3225 (size before relaxing)
 .debug_str     0x00008980      0x33e ./SDK/platform/drivers/src/flexcan/flexcan_hw_access.o
                               0x1828 (size before relaxing)
 .debug_str     0x00008cbe      0x17c ./SDK/platform/drivers/src/flexcan/flexcan_irq.o
                                0x3ca (size before relaxing)
 .debug_str     0x00008e3a      0x686 ./SDK/platform/drivers/src/flexio/flexio_common.o
                               0x2015 (size before relaxing)
 .debug_str     0x000094c0      0x150 ./SDK/platform/drivers/src/interrupt/interrupt_manager.o
                                0xa95 (size before relaxing)
 .debug_str     0x00009610     0x174c ./SDK/platform/drivers/src/lpi2c/lpi2c_driver.o
                               0x33ec (size before relaxing)
 .debug_str     0x0000ad5c       0x6f ./SDK/platform/drivers/src/lpi2c/lpi2c_hw_access.o
                                0x3e4 (size before relaxing)
 .debug_str     0x0000adcb       0x5f ./SDK/platform/drivers/src/lpi2c/lpi2c_irq.o
                                0x2a6 (size before relaxing)
 .debug_str     0x0000ae2a      0x63e ./SDK/platform/drivers/src/lpit/lpit_driver.o
                               0x1d60 (size before relaxing)
 .debug_str     0x0000b468      0xa83 ./SDK/platform/drivers/src/lpuart/lpuart_driver.o
                               0x250f (size before relaxing)
 .debug_str     0x0000beeb       0xc4 ./SDK/platform/drivers/src/lpuart/lpuart_hw_access.o
                               0x1093 (size before relaxing)
 .debug_str     0x0000bfaf       0x69 ./SDK/platform/drivers/src/lpuart/lpuart_irq.o
                                0x29d (size before relaxing)
 .debug_str     0x0000c018      0x5da ./SDK/platform/drivers/src/pins/pins_driver.o
                               0x145a (size before relaxing)
 .debug_str     0x0000c5f2      0x19d ./SDK/platform/drivers/src/pins/pins_port_hw_access.o
                                0x942 (size before relaxing)
 .debug_str     0x0000c78f      0x137 ./SDK/rtos/osif/osif_baremetal.o
                               0x10eb (size before relaxing)
 .debug_str     0x0000c8c6      0x7d6 ./Sources/CAN_Communication/CAN_Communication.o
                               0x402e (size before relaxing)
 .debug_str     0x0000d09c       0x55 ./Sources/application/application.o
                                0x28d (size before relaxing)
 .debug_str     0x0000d0f1      0x4f8 ./Sources/board_config/bsp.o
                               0x4575 (size before relaxing)
 .debug_str     0x0000d5e9       0xf0 ./Sources/drivers/common.o
                                0x33d (size before relaxing)
 .debug_str     0x0000d6d9      0x196 ./Sources/drivers/drv_can .o
                               0x42d2 (size before relaxing)
 .debug_str     0x0000d86f       0x68 ./Sources/drivers/drv_flash.o
                               0x3fe9 (size before relaxing)
 .debug_str     0x0000d8d7      0x594 ./Sources/drivers/drv_timer.o
                               0x49f8 (size before relaxing)
 .debug_str     0x0000de6b       0x85 ./Sources/drivers/drv_uart.o
                               0x3a43 (size before relaxing)
 .debug_str     0x0000def0       0x2a ./Sources/main.o
                               0x3d60 (size before relaxing)

.comment        0x00000000       0xa0
 .comment       0x00000000       0xa0 ./Generated_Code/Flash.o
                                 0xa1 (size before relaxing)
 .comment       0x000000a0       0xa1 ./Generated_Code/canCom1.o
 .comment       0x000000a0       0xa1 ./Generated_Code/clockMan1.o
 .comment       0x000000a0       0xa1 ./Generated_Code/lpit1.o
 .comment       0x000000a0       0xa1 ./Generated_Code/lpuart1.o
 .comment       0x000000a0       0xa1 ./Generated_Code/pin_mux.o
 .comment       0x000000a0       0xa1 ./SDK/platform/devices/S32K144/startup/system_S32K144.o
 .comment       0x000000a0       0xa1 ./SDK/platform/devices/startup.o
 .comment       0x000000a0       0xa1 ./SDK/platform/drivers/src/clock/S32K1xx/clock_S32K1xx.o
 .comment       0x000000a0       0xa1 ./SDK/platform/drivers/src/edma/edma_driver.o
 .comment       0x000000a0       0xa1 ./SDK/platform/drivers/src/edma/edma_hw_access.o
 .comment       0x000000a0       0xa1 ./SDK/platform/drivers/src/edma/edma_irq.o
 .comment       0x000000a0       0xa1 ./SDK/platform/drivers/src/flash/flash_driver.o
 .comment       0x000000a0       0xa1 ./SDK/platform/drivers/src/flexcan/flexcan_driver.o
 .comment       0x000000a0       0xa1 ./SDK/platform/drivers/src/flexcan/flexcan_hw_access.o
 .comment       0x000000a0       0xa1 ./SDK/platform/drivers/src/flexcan/flexcan_irq.o
 .comment       0x000000a0       0xa1 ./SDK/platform/drivers/src/flexio/flexio_common.o
 .comment       0x000000a0       0xa1 ./SDK/platform/drivers/src/interrupt/interrupt_manager.o
 .comment       0x000000a0       0xa1 ./SDK/platform/drivers/src/lpi2c/lpi2c_driver.o
 .comment       0x000000a0       0xa1 ./SDK/platform/drivers/src/lpi2c/lpi2c_hw_access.o
 .comment       0x000000a0       0xa1 ./SDK/platform/drivers/src/lpi2c/lpi2c_irq.o
 .comment       0x000000a0       0xa1 ./SDK/platform/drivers/src/lpit/lpit_driver.o
 .comment       0x000000a0       0xa1 ./SDK/platform/drivers/src/lpuart/lpuart_driver.o
 .comment       0x000000a0       0xa1 ./SDK/platform/drivers/src/lpuart/lpuart_hw_access.o
 .comment       0x000000a0       0xa1 ./SDK/platform/drivers/src/lpuart/lpuart_irq.o
 .comment       0x000000a0       0xa1 ./SDK/platform/drivers/src/pins/pins_driver.o
 .comment       0x000000a0       0xa1 ./SDK/platform/drivers/src/pins/pins_port_hw_access.o
 .comment       0x000000a0       0xa1 ./SDK/rtos/osif/osif_baremetal.o
 .comment       0x000000a0       0xa1 ./Sources/CAN_Communication/CAN_Communication.o
 .comment       0x000000a0       0xa1 ./Sources/application/application.o
 .comment       0x000000a0       0xa1 ./Sources/board_config/bsp.o
 .comment       0x000000a0       0xa1 ./Sources/drivers/common.o
 .comment       0x000000a0       0xa1 ./Sources/drivers/drv_can .o
 .comment       0x000000a0       0xa1 ./Sources/drivers/drv_flash.o
 .comment       0x000000a0       0xa1 ./Sources/drivers/drv_timer.o
 .comment       0x000000a0       0xa1 ./Sources/drivers/drv_uart.o
 .comment       0x000000a0       0xa1 ./Sources/main.o

.debug_loc      0x00000000    0x18da7
 .debug_loc     0x00000000       0xeb ./SDK/platform/devices/S32K144/startup/system_S32K144.o
 .debug_loc     0x000000eb       0xec ./SDK/platform/devices/startup.o
 .debug_loc     0x000001d7     0x4da8 ./SDK/platform/drivers/src/clock/S32K1xx/clock_S32K1xx.o
 .debug_loc     0x00004f7f     0x28ae ./SDK/platform/drivers/src/edma/edma_driver.o
 .debug_loc     0x0000782d      0x6fa ./SDK/platform/drivers/src/edma/edma_hw_access.o
 .debug_loc     0x00007f27       0x50 ./SDK/platform/drivers/src/edma/edma_irq.o
 .debug_loc     0x00007f77     0x1e38 ./SDK/platform/drivers/src/flash/flash_driver.o
 .debug_loc     0x00009daf     0x33c8 ./SDK/platform/drivers/src/flexcan/flexcan_driver.o
 .debug_loc     0x0000d177     0x1b4e ./SDK/platform/drivers/src/flexcan/flexcan_hw_access.o
 .debug_loc     0x0000ecc5      0xa0a ./SDK/platform/drivers/src/flexio/flexio_common.o
 .debug_loc     0x0000f6cf      0x297 ./SDK/platform/drivers/src/interrupt/interrupt_manager.o
 .debug_loc     0x0000f966     0x39ae ./SDK/platform/drivers/src/lpi2c/lpi2c_driver.o
 .debug_loc     0x00013314       0x94 ./SDK/platform/drivers/src/lpi2c/lpi2c_hw_access.o
 .debug_loc     0x000133a8      0xecb ./SDK/platform/drivers/src/lpit/lpit_driver.o
 .debug_loc     0x00014273     0x2126 ./SDK/platform/drivers/src/lpuart/lpuart_driver.o
 .debug_loc     0x00016399      0x712 ./SDK/platform/drivers/src/lpuart/lpuart_hw_access.o
 .debug_loc     0x00016aab      0x77f ./SDK/platform/drivers/src/pins/pins_driver.o
 .debug_loc     0x0001722a      0x56a ./SDK/platform/drivers/src/pins/pins_port_hw_access.o
 .debug_loc     0x00017794      0x275 ./SDK/rtos/osif/osif_baremetal.o
 .debug_loc     0x00017a09      0x128 ./Sources/CAN_Communication/CAN_Communication.o
 .debug_loc     0x00017b31      0x2bf ./Sources/board_config/bsp.o
 .debug_loc     0x00017df0      0x1f7 ./Sources/drivers/common.o
 .debug_loc     0x00017fe7      0x3d8 ./Sources/drivers/drv_can .o
 .debug_loc     0x000183bf      0x299 ./Sources/drivers/drv_flash.o
 .debug_loc     0x00018658      0x1e3 ./Sources/drivers/drv_timer.o
 .debug_loc     0x0001883b      0x56c ./Sources/drivers/drv_uart.o

.debug_ranges   0x00000000     0x1690
 .debug_ranges  0x00000000       0x20 ./SDK/platform/devices/S32K144/startup/system_S32K144.o
 .debug_ranges  0x00000020       0x10 ./SDK/platform/devices/startup.o
 .debug_ranges  0x00000030      0x388 ./SDK/platform/drivers/src/clock/S32K1xx/clock_S32K1xx.o
 .debug_ranges  0x000003b8      0x158 ./SDK/platform/drivers/src/edma/edma_driver.o
 .debug_ranges  0x00000510       0x90 ./SDK/platform/drivers/src/edma/edma_hw_access.o
 .debug_ranges  0x000005a0       0x90 ./SDK/platform/drivers/src/edma/edma_irq.o
 .debug_ranges  0x00000630      0x190 ./SDK/platform/drivers/src/flash/flash_driver.o
 .debug_ranges  0x000007c0      0x278 ./SDK/platform/drivers/src/flexcan/flexcan_driver.o
 .debug_ranges  0x00000a38      0x110 ./SDK/platform/drivers/src/flexcan/flexcan_hw_access.o
 .debug_ranges  0x00000b48       0x70 ./SDK/platform/drivers/src/flexcan/flexcan_irq.o
 .debug_ranges  0x00000bb8       0x68 ./SDK/platform/drivers/src/flexio/flexio_common.o
 .debug_ranges  0x00000c20       0x98 ./SDK/platform/drivers/src/interrupt/interrupt_manager.o
 .debug_ranges  0x00000cb8      0x310 ./SDK/platform/drivers/src/lpi2c/lpi2c_driver.o
 .debug_ranges  0x00000fc8       0x10 ./SDK/platform/drivers/src/lpi2c/lpi2c_hw_access.o
 .debug_ranges  0x00000fd8       0x18 ./SDK/platform/drivers/src/lpi2c/lpi2c_irq.o
 .debug_ranges  0x00000ff0       0xe8 ./SDK/platform/drivers/src/lpit/lpit_driver.o
 .debug_ranges  0x000010d8      0x150 ./SDK/platform/drivers/src/lpuart/lpuart_driver.o
 .debug_ranges  0x00001228       0x68 ./SDK/platform/drivers/src/lpuart/lpuart_hw_access.o
 .debug_ranges  0x00001290       0x20 ./SDK/platform/drivers/src/lpuart/lpuart_irq.o
 .debug_ranges  0x000012b0       0xd0 ./SDK/platform/drivers/src/pins/pins_driver.o
 .debug_ranges  0x00001380       0x30 ./SDK/platform/drivers/src/pins/pins_port_hw_access.o
 .debug_ranges  0x000013b0       0x90 ./SDK/rtos/osif/osif_baremetal.o
 .debug_ranges  0x00001440       0x20 ./Sources/CAN_Communication/CAN_Communication.o
 .debug_ranges  0x00001460       0x10 ./Sources/application/application.o
 .debug_ranges  0x00001470       0xb0 ./Sources/board_config/bsp.o
 .debug_ranges  0x00001520       0x38 ./Sources/drivers/common.o
 .debug_ranges  0x00001558       0x48 ./Sources/drivers/drv_can .o
 .debug_ranges  0x000015a0       0x48 ./Sources/drivers/drv_flash.o
 .debug_ranges  0x000015e8       0x58 ./Sources/drivers/drv_timer.o
 .debug_ranges  0x00001640       0x40 ./Sources/drivers/drv_uart.o
 .debug_ranges  0x00001680       0x10 ./Sources/main.o

.debug_frame    0x00000000     0x2c7c
 .debug_frame   0x00000000       0x40 ./SDK/platform/devices/S32K144/startup/system_S32K144.o
 .debug_frame   0x00000040       0x2c ./SDK/platform/devices/startup.o
 .debug_frame   0x0000006c      0x37c ./SDK/platform/drivers/src/clock/S32K1xx/clock_S32K1xx.o
 .debug_frame   0x000003e8      0x388 ./SDK/platform/drivers/src/edma/edma_driver.o
 .debug_frame   0x00000770      0x144 ./SDK/platform/drivers/src/edma/edma_hw_access.o
 .debug_frame   0x000008b4      0x1ac ./SDK/platform/drivers/src/edma/edma_irq.o
 .debug_frame   0x00000a60      0x39c ./SDK/platform/drivers/src/flash/flash_driver.o
 .debug_frame   0x00000dfc      0x4e4 ./SDK/platform/drivers/src/flexcan/flexcan_driver.o
 .debug_frame   0x000012e0      0x274 ./SDK/platform/drivers/src/flexcan/flexcan_hw_access.o
 .debug_frame   0x00001554      0x148 ./SDK/platform/drivers/src/flexcan/flexcan_irq.o
 .debug_frame   0x0000169c       0xbc ./SDK/platform/drivers/src/flexio/flexio_common.o
 .debug_frame   0x00001758       0xd8 ./SDK/platform/drivers/src/interrupt/interrupt_manager.o
 .debug_frame   0x00001830      0x410 ./SDK/platform/drivers/src/lpi2c/lpi2c_driver.o
 .debug_frame   0x00001c40       0x20 ./SDK/platform/drivers/src/lpi2c/lpi2c_hw_access.o
 .debug_frame   0x00001c60       0x40 ./SDK/platform/drivers/src/lpi2c/lpi2c_irq.o
 .debug_frame   0x00001ca0      0x1ac ./SDK/platform/drivers/src/lpit/lpit_driver.o
 .debug_frame   0x00001e4c      0x394 ./SDK/platform/drivers/src/lpuart/lpuart_driver.o
 .debug_frame   0x000021e0       0xf4 ./SDK/platform/drivers/src/lpuart/lpuart_hw_access.o
 .debug_frame   0x000022d4       0x58 ./SDK/platform/drivers/src/lpuart/lpuart_irq.o
 .debug_frame   0x0000232c      0x1e4 ./SDK/platform/drivers/src/pins/pins_driver.o
 .debug_frame   0x00002510       0x98 ./SDK/platform/drivers/src/pins/pins_port_hw_access.o
 .debug_frame   0x000025a8       0xf8 ./SDK/rtos/osif/osif_baremetal.o
 .debug_frame   0x000026a0       0x58 ./Sources/CAN_Communication/CAN_Communication.o
 .debug_frame   0x000026f8       0x20 ./Sources/application/application.o
 .debug_frame   0x00002718       0xc4 ./Sources/board_config/bsp.o
 .debug_frame   0x000027dc       0x70 ./Sources/drivers/common.o