Archive member included to satisfy reference by file (symbol)

c:/nxp/s32ds_arm_v2.2/s32ds/build_tools/gcc_v6.3/gcc-6.3-arm32-eabi/bin/../lib/gcc/arm-none-eabi/6.3.1/thumb/v7e-m/fpv4-sp/hard\libgcc.a(_arm_addsubdf3.o)
                              ./Sources/nvm_management/nvm.o (__aeabi_dsub)
c:/nxp/s32ds_arm_v2.2/s32ds/build_tools/gcc_v6.3/gcc-6.3-arm32-eabi/bin/../lib/gcc/arm-none-eabi/6.3.1/thumb/v7e-m/fpv4-sp/hard\libgcc.a(_arm_muldivdf3.o)
                              ./Sources/nvm_management/nvm.o (__aeabi_dmul)
c:/nxp/s32ds_arm_v2.2/s32ds/build_tools/gcc_v6.3/gcc-6.3-arm32-eabi/bin/../lib/gcc/arm-none-eabi/6.3.1/thumb/v7e-m/fpv4-sp/hard\libgcc.a(_arm_cmpdf2.o)
                              ./Sources/nvm_management/nvm.o (__aeabi_dcmplt)
c:/nxp/s32ds_arm_v2.2/s32ds/build_tools/gcc_v6.3/gcc-6.3-arm32-eabi/bin/../lib/gcc/arm-none-eabi/6.3.1/thumb/v7e-m/fpv4-sp/hard\libgcc.a(_arm_fixunsdfsi.o)
                              ./Sources/nvm_management/nvm.o (__aeabi_d2uiz)
c:/nxp/s32ds_arm_v2.2/s32ds/build_tools/gcc_v6.3/gcc-6.3-arm32-eabi/bin/../lib/gcc/arm-none-eabi/6.3.1/thumb/v7e-m/fpv4-sp/hard\libgcc.a(_aeabi_uldivmod.o)
                              ./SDK/platform/drivers/src/lpit/lpit_driver.o (__aeabi_uldivmod)
c:/nxp/s32ds_arm_v2.2/s32ds/build_tools/gcc_v6.3/gcc-6.3-arm32-eabi/bin/../lib/gcc/arm-none-eabi/6.3.1/thumb/v7e-m/fpv4-sp/hard\libgcc.a(_udivmoddi4.o)
                              c:/nxp/s32ds_arm_v2.2/s32ds/build_tools/gcc_v6.3/gcc-6.3-arm32-eabi/bin/../lib/gcc/arm-none-eabi/6.3.1/thumb/v7e-m/fpv4-sp/hard\libgcc.a(_aeabi_uldivmod.o) (__udivmoddi4)
c:/nxp/s32ds_arm_v2.2/s32ds/build_tools/gcc_v6.3/gcc-6.3-arm32-eabi/bin/../lib/gcc/arm-none-eabi/6.3.1/thumb/v7e-m/fpv4-sp/hard\libgcc.a(_dvmd_tls.o)
                              c:/nxp/s32ds_arm_v2.2/s32ds/build_tools/gcc_v6.3/gcc-6.3-arm32-eabi/bin/../lib/gcc/arm-none-eabi/6.3.1/thumb/v7e-m/fpv4-sp/hard\libgcc.a(_aeabi_uldivmod.o) (__aeabi_ldiv0)
C:/NXP/S32DS_ARM_v2.2/S32DS/build_tools/gcc_v6.3/gcc-6.3-arm32-eabi/arm-none-eabi/newlib/lib/thumb/v7e-m/fpv4-sp/hard\libc_nano.a(lib_a-exit.o)
                              C:/NXP/S32DS_ARM_v2.2/S32DS/build_tools/gcc_v6.3/gcc-6.3-arm32-eabi/arm-none-eabi/newlib/lib/thumb/v7e-m/fpv4-sp/hard/crt0.o (exit)
C:/NXP/S32DS_ARM_v2.2/S32DS/build_tools/gcc_v6.3/gcc-6.3-arm32-eabi/arm-none-eabi/newlib/lib/thumb/v7e-m/fpv4-sp/hard\libc_nano.a(lib_a-impure.o)
                              C:/NXP/S32DS_ARM_v2.2/S32DS/build_tools/gcc_v6.3/gcc-6.3-arm32-eabi/arm-none-eabi/newlib/lib/thumb/v7e-m/fpv4-sp/hard\libc_nano.a(lib_a-exit.o) (_global_impure_ptr)
C:/NXP/S32DS_ARM_v2.2/S32DS/build_tools/gcc_v6.3/gcc-6.3-arm32-eabi/arm-none-eabi/newlib/lib/thumb/v7e-m/fpv4-sp/hard\libc_nano.a(lib_a-init.o)
                              C:/NXP/S32DS_ARM_v2.2/S32DS/build_tools/gcc_v6.3/gcc-6.3-arm32-eabi/arm-none-eabi/newlib/lib/thumb/v7e-m/fpv4-sp/hard/crt0.o (__libc_init_array)
C:/NXP/S32DS_ARM_v2.2/S32DS/build_tools/gcc_v6.3/gcc-6.3-arm32-eabi/arm-none-eabi/newlib/lib/thumb/v7e-m/fpv4-sp/hard\libc_nano.a(lib_a-memset.o)
                              C:/NXP/S32DS_ARM_v2.2/S32DS/build_tools/gcc_v6.3/gcc-6.3-arm32-eabi/arm-none-eabi/newlib/lib/thumb/v7e-m/fpv4-sp/hard/crt0.o (memset)
C:/NXP/S32DS_ARM_v2.2/S32DS/build_tools/gcc_v6.3/gcc-6.3-arm32-eabi/arm-none-eabi/newlib/lib/thumb/v7e-m/fpv4-sp/hard\libnosys.a(_exit.o)
                              C:/NXP/S32DS_ARM_v2.2/S32DS/build_tools/gcc_v6.3/gcc-6.3-arm32-eabi/arm-none-eabi/newlib/lib/thumb/v7e-m/fpv4-sp/hard\libc_nano.a(lib_a-exit.o) (_exit)

Discarded input sections

 .text          0x00000000        0x0 c:/nxp/s32ds_arm_v2.2/s32ds/build_tools/gcc_v6.3/gcc-6.3-arm32-eabi/bin/../lib/gcc/arm-none-eabi/6.3.1/thumb/v7e-m/fpv4-sp/hard/crti.o
 .data          0x00000000        0x0 c:/nxp/s32ds_arm_v2.2/s32ds/build_tools/gcc_v6.3/gcc-6.3-arm32-eabi/bin/../lib/gcc/arm-none-eabi/6.3.1/thumb/v7e-m/fpv4-sp/hard/crti.o
 .bss           0x00000000        0x0 c:/nxp/s32ds_arm_v2.2/s32ds/build_tools/gcc_v6.3/gcc-6.3-arm32-eabi/bin/../lib/gcc/arm-none-eabi/6.3.1/thumb/v7e-m/fpv4-sp/hard/crti.o
 .text          0x00000000       0xa4 c:/nxp/s32ds_arm_v2.2/s32ds/build_tools/gcc_v6.3/gcc-6.3-arm32-eabi/bin/../lib/gcc/arm-none-eabi/6.3.1/thumb/v7e-m/fpv4-sp/hard/crtbegin.o
 .data          0x00000000        0x4 c:/nxp/s32ds_arm_v2.2/s32ds/build_tools/gcc_v6.3/gcc-6.3-arm32-eabi/bin/../lib/gcc/arm-none-eabi/6.3.1/thumb/v7e-m/fpv4-sp/hard/crtbegin.o
 .bss           0x00000000       0x1c c:/nxp/s32ds_arm_v2.2/s32ds/build_tools/gcc_v6.3/gcc-6.3-arm32-eabi/bin/../lib/gcc/arm-none-eabi/6.3.1/thumb/v7e-m/fpv4-sp/hard/crtbegin.o
 .init_array    0x00000000        0x4 c:/nxp/s32ds_arm_v2.2/s32ds/build_tools/gcc_v6.3/gcc-6.3-arm32-eabi/bin/../lib/gcc/arm-none-eabi/6.3.1/thumb/v7e-m/fpv4-sp/hard/crtbegin.o
 .fini_array    0x00000000        0x4 c:/nxp/s32ds_arm_v2.2/s32ds/build_tools/gcc_v6.3/gcc-6.3-arm32-eabi/bin/../lib/gcc/arm-none-eabi/6.3.1/thumb/v7e-m/fpv4-sp/hard/crtbegin.o
[...]
Memory Configuration

Name             Origin             Length             Attributes
m_interrupts     0x00000000         0x00000400         xr
m_flash_config   0x00000400         0x00000010         xr
m_text           0x00000410         0x00007bf0         xr
m_data           0x1fff8000         0x00008000         rw
m_data_2         0x20000000         0x00007000         rw
*default*        0x00000000         0xffffffff

Linker script and memory map

LOAD c:/nxp/s32ds_arm_v2.2/s32ds/build_tools/gcc_v6.3/gcc-6.3-arm32-eabi/bin/../lib/gcc/arm-none-eabi/6.3.1/thumb/v7e-m/fpv4-sp/hard/crti.o
LOAD c:/nxp/s32ds_arm_v2.2/s32ds/build_tools/gcc_v6.3/gcc-6.3-arm32-eabi/bin/../lib/gcc/arm-none-eabi/6.3.1/thumb/v7e-m/fpv4-sp/hard/crtbegin.o
LOAD C:/NXP/S32DS_ARM_v2.2/S32DS/build_tools/gcc_v6.3/gcc-6.3-arm32-eabi/arm-none-eabi/newlib/lib/thumb/v7e-m/fpv4-sp/hard/crt0.o
LOAD ./Generated_Code/Cpu.o
LOAD ./Generated_Code/Flash1.o
LOAD ./Generated_Code/canCom1.o
LOAD ./Generated_Code/clockMan1.o
LOAD ./Generated_Code/dmaController1.o
LOAD ./Generated_Code/lpit1.o
LOAD ./Generated_Code/lpuart1.o
LOAD ./Generated_Code/pin_mux.o
LOAD ./Generated_Code/wdg_pal1.o
LOAD ./Project_Settings/Startup_Code/startup_S32K144.o
LOAD ./SDK/platform/devices/S32K144/startup/system_S32K144.o
LOAD ./SDK/platform/devices/startup.o
LOAD ./SDK/platform/drivers/src/adc/adc_driver.o
LOAD ./SDK/platform/drivers/src/clock/S32K1xx/clock_S32K1xx.o
LOAD ./SDK/platform/drivers/src/edma/edma_driver.o
LOAD ./SDK/platform/drivers/src/edma/edma_hw_access.o
LOAD ./SDK/platform/drivers/src/edma/edma_irq.o
LOAD ./SDK/platform/drivers/src/flash/flash_driver.o
LOAD ./SDK/platform/drivers/src/flexcan/flexcan_driver.o
LOAD ./SDK/platform/drivers/src/flexcan/flexcan_hw_access.o
LOAD ./SDK/platform/drivers/src/flexcan/flexcan_irq.o
LOAD ./SDK/platform/drivers/src/flexio/flexio_common.o
LOAD ./SDK/platform/drivers/src/flexio/flexio_i2c_driver.o
LOAD ./SDK/platform/drivers/src/ftm/ftm_common.o
LOAD ./SDK/platform/drivers/src/ftm/ftm_hw_access.o
LOAD ./SDK/platform/drivers/src/ftm/ftm_pwm_driver.o
LOAD ./SDK/platform/drivers/src/interrupt/interrupt_manager.o
LOAD ./SDK/platform/drivers/src/lpi2c/lpi2c_driver.o
LOAD ./SDK/platform/drivers/src/lpi2c/lpi2c_hw_access.o
LOAD ./SDK/platform/drivers/src/lpi2c/lpi2c_irq.o
LOAD ./SDK/platform/drivers/src/lpit/lpit_driver.o
LOAD ./SDK/platform/drivers/src/lpuart/lpuart_driver.o
LOAD ./SDK/platform/drivers/src/lpuart/lpuart_hw_access.o
LOAD ./SDK/platform/drivers/src/lpuart/lpuart_irq.o
LOAD ./SDK/platform/drivers/src/pdb/pdb_driver.o
LOAD ./SDK/platform/drivers/src/pdb/pdb_hw_access.o
LOAD ./SDK/platform/drivers/src/pins/pins_driver.o
LOAD ./SDK/platform/drivers/src/pins/pins_port_hw_access.o
LOAD ./SDK/platform/drivers/src/trgmux/trgmux_driver.o
LOAD ./SDK/platform/drivers/src/trgmux/trgmux_hw_access.o
LOAD ./SDK/platform/drivers/src/wdog/wdog_driver.o
LOAD ./SDK/platform/drivers/src/wdog/wdog_hw_access.o
LOAD ./SDK/platform/pal/src/wdg/wdg_pal.o
LOAD ./SDK/rtos/osif/osif_baremetal.o
LOAD ./Sources/board_config/bsp_config.o
LOAD ./Sources/bootloader/can_bootloader.o
LOAD ./Sources/bootloader/ota_bootloader.o
LOAD ./Sources/can_communication/can_communication.o
LOAD ./Sources/drivers/common.o
LOAD ./Sources/drivers/drv_can .o
LOAD ./Sources/drivers/drv_flash.o
LOAD ./Sources/drivers/drv_nvic.o
LOAD ./Sources/drivers/drv_timer.o
LOAD ./Sources/drivers/drv_uart.o
LOAD ./Sources/drivers/drv_wdg.o
LOAD ./Sources/main.o
LOAD ./Sources/nvm_management/nvm.o
START GROUP
LOAD c:/nxp/s32ds_arm_v2.2/s32ds/build_tools/gcc_v6.3/gcc-6.3-arm32-eabi/bin/../lib/gcc/arm-none-eabi/6.3.1/thumb/v7e-m/fpv4-sp/hard\libgcc.a
LOAD C:/NXP/S32DS_ARM_v2.2/S32DS/build_tools/gcc_v6.3/gcc-6.3-arm32-eabi/arm-none-eabi/newlib/lib/thumb/v7e-m/fpv4-sp/hard\libc_nano.a
END GROUP
START GROUP
LOAD c:/nxp/s32ds_arm_v2.2/s32ds/build_tools/gcc_v6.3/gcc-6.3-arm32-eabi/bin/../lib/gcc/arm-none-eabi/6.3.1/thumb/v7e-m/fpv4-sp/hard\libgcc.a
LOAD C:/NXP/S32DS_ARM_v2.2/S32DS/build_tools/gcc_v6.3/gcc-6.3-arm32-eabi/arm-none-eabi/newlib/lib/thumb/v7e-m/fpv4-sp/hard\libc_nano.a
LOAD C:/NXP/S32DS_ARM_v2.2/S32DS/build_tools/gcc_v6.3/gcc-6.3-arm32-eabi/arm-none-eabi/newlib/lib/thumb/v7e-m/fpv4-sp/hard\libnosys.a
END GROUP
START GROUP
LOAD c:/nxp/s32ds_arm_v2.2/s32ds/build_tools/gcc_v6.3/gcc-6.3-arm32-eabi/bin/../lib/gcc/arm-none-eabi/6.3.1/thumb/v7e-m/fpv4-sp/hard\libgcc.a
LOAD C:/NXP/S32DS_ARM_v2.2/S32DS/build_tools/gcc_v6.3/gcc-6.3-arm32-eabi/arm-none-eabi/newlib/lib/thumb/v7e-m/fpv4-sp/hard\libc_nano.a
LOAD C:/NXP/S32DS_ARM_v2.2/S32DS/build_tools/gcc_v6.3/gcc-6.3-arm32-eabi/arm-none-eabi/newlib/lib/thumb/v7e-m/fpv4-sp/hard\libnosys.a
END GROUP
LOAD c:/nxp/s32ds_arm_v2.2/s32ds/build_tools/gcc_v6.3/gcc-6.3-arm32-eabi/bin/../lib/gcc/arm-none-eabi/6.3.1/thumb/v7e-m/fpv4-sp/hard/crtend.o
LOAD c:/nxp/s32ds_arm_v2.2/s32ds/build_tools/gcc_v6.3/gcc-6.3-arm32-eabi/bin/../lib/gcc/arm-none-eabi/6.3.1/thumb/v7e-m/fpv4-sp/hard/crtn.o
                0x00000400                HEAP_SIZE = DEFINED (__heap_size__)?__heap_size__:0x400
                0x00000400                STACK_SIZE = DEFINED (__stack_size__)?__stack_size__:0x400
                0x00000400                M_VECTOR_RAM_SIZE = DEFINED (__flash_vector_table__)?0x0:0x400

.interrupts     0x00000000      0x400
                0x00000000                __VECTOR_TABLE = .
                0x00000000                __interrupts_start__ = .
                0x00000000                . = ALIGN (0x4)
 *(.isr_vector)
 .isr_vector    0x00000000      0x400 ./Project_Settings/Startup_Code/startup_S32K144.o
                0x00000000                __isr_vector
                0x00000400                __interrupts_end__ = .
                0x00000400                . = ALIGN (0x4)

.flash_config   0x00000400       0x10
                0x00000400                . = ALIGN (0x4)
 *(.FlashConfig)
 .FlashConfig   0x00000400       0x10 ./Project_Settings/Startup_Code/startup_S32K144.o
                0x00000410                . = ALIGN (0x4)

.text           0x00000410     0x7568
                0x00000410                . = ALIGN (0x4)
 *(.text)
 .text          0x00000410       0x4c ./Project_Settings/Startup_Code/startup_S32K144.o
                0x00000410                Reset_Handler
                0x00000458                DebugMon_Handler
                0x00000458                Reserved88_IRQHandler
                0x00000458                HardFault_Handler
                0x00000458                Reserved86_IRQHandler
                0x00000458                Reserved103_IRQHandler
                0x00000458                FTM2_Ovf_Reload_IRQHandler
                0x00000458                Reserved50_IRQHandler
                0x00000458                FTFC_Fault_IRQHandler
                0x00000458                FTM0_Ch6_Ch7_IRQHandler
                0x00000458                Reserved114_IRQHandler
                0x00000458                PendSV_Handler
                0x00000458                NMI_Handler
                0x00000458                Reserved89_IRQHandler
                0x00000458                ERM_double_fault_IRQHandler
                0x00000458                Reserved59_IRQHandler
                0x00000458                LPIT0_Ch0_IRQHandler
                0x00000458                Reserved99_IRQHandler
                0x00000458                FTM3_Ch6_Ch7_IRQHandler
                0x00000458                LPIT0_Ch3_IRQHandler
                0x00000458                Reserved92_IRQHandler
                0x00000458                FTM0_Ch4_Ch5_IRQHandler
                0x00000458                FTM3_Ch0_Ch1_IRQHandler
                0x00000458                SWI_IRQHandler
                0x00000458                ADC0_IRQHandler
                0x00000458                FTM2_Ch4_Ch5_IRQHandler
                0x00000458                UsageFault_Handler
                0x00000458                FTM0_Ovf_Reload_IRQHandler
                0x00000458                DefaultISR
                0x00000458                Reserved58_IRQHandler
                0x00000458                FTM1_Ch2_Ch3_IRQHandler
                0x00000458                Reserved82_IRQHandler
                0x00000458                Reserved71_IRQHandler
                0x00000458                PORTD_IRQHandler
                0x00000458                Reserved69_IRQHandler
                0x00000458                PORTB_IRQHandler
                0x00000458                Reserved70_IRQHandler
                0x00000458                ADC1_IRQHandler
                0x00000458                FTM2_Ch2_Ch3_IRQHandler
                0x00000458                Reserved53_IRQHandler
                0x00000458                RTC_IRQHandler
                0x00000458                PDB0_IRQHandler
                0x00000458                Reserved54_IRQHandler
                0x00000458                FTM2_Ch6_Ch7_IRQHandler
                0x00000458                FTM3_Ch2_Ch3_IRQHandler
                0x00000458                FTM2_Ch0_Ch1_IRQHandler
                0x00000458                LPSPI1_IRQHandler
                0x00000458                LPUART1_RxTx_IRQHandler
                0x00000458                RTC_Seconds_IRQHandler
                0x00000458                Reserved72_IRQHandler
                0x00000458                Reserved110_IRQHandler
                0x00000458                Reserved107_IRQHandler
                0x00000458                Read_Collision_IRQHandler
                0x00000458                FTFC_IRQHandler
                0x00000458                FTM1_Ch6_Ch7_IRQHandler
                0x00000458                Reserved105_IRQHandler
                0x00000458                LPIT0_Ch1_IRQHandler
                0x00000458                FTM1_Ch4_Ch5_IRQHandler
                0x00000458                FTM3_Ovf_Reload_IRQHandler
                0x00000458                LPUART2_RxTx_IRQHandler
                0x00000458                LPSPI0_IRQHandler
                0x00000458                WDOG_EWM_IRQHandler
                0x00000458                MemManage_Handler
                0x00000458                Reserved90_IRQHandler
                0x00000458                Reserved83_IRQHandler
                0x00000458                FTM0_Fault_IRQHandler
                0x00000458                Reserved48_IRQHandler
                0x00000458                SVC_Handler
                0x00000458                ERM_single_fault_IRQHandler
                0x00000458                FTM2_Fault_IRQHandler
                0x00000458                FTM0_Ch2_Ch3_IRQHandler
                0x00000458                FTM0_Ch0_Ch1_IRQHandler
                0x00000458                FTM3_Fault_IRQHandler
                0x00000458                RCM_IRQHandler
                0x00000458                Reserved100_IRQHandler
                0x00000458                Reserved91_IRQHandler
                0x00000458                SCG_IRQHandler
                0x00000458                PDB1_IRQHandler
                0x00000458                Reserved81_IRQHandler
                0x00000458                Reserved46_IRQHandler
                0x00000458                Reserved45_IRQHandler
                0x00000458                Reserved112_IRQHandler
                0x00000458                FTM1_Fault_IRQHandler
                0x00000458                Reserved106_IRQHandler
                0x00000458                LVD_LVW_IRQHandler
                0x00000458                LPIT0_Ch2_IRQHandler
                0x00000458                PORTA_IRQHandler
                0x00000458                MCM_IRQHandler
                0x00000458                LPSPI2_IRQHandler
                0x00000458                FTM3_Ch4_Ch5_IRQHandler
                0x00000458                PORTE_IRQHandler
                0x00000458                LPUART0_RxTx_IRQHandler
                0x00000458                LPTMR0_IRQHandler
                0x00000458                BusFault_Handler
                0x00000458                Reserved87_IRQHandler
                0x00000458                FTM1_Ovf_Reload_IRQHandler
                0x00000458                Reserved93_IRQHandler
                0x00000458                CMP0_IRQHandler
                0x00000458                Reserved52_IRQHandler
                0x00000458                PORTC_IRQHandler
                0x00000458                FTM1_Ch0_Ch1_IRQHandler
                0x00000458                Reserved113_IRQHandler
 .text          0x0000045c      0x378 c:/nxp/s32ds_arm_v2.2/s32ds/build_tools/gcc_v6.3/gcc-6.3-arm32-eabi/bin/../lib/gcc/arm-none-eabi/6.3.1/thumb/v7e-m/fpv4-sp/hard\libgcc.a(_arm_addsubdf3.o)
                0x0000045c                __aeabi_drsub
                0x00000464                __aeabi_dsub
                0x00000464                __subdf3
                0x00000468                __aeabi_dadd
                0x00000468                __adddf3
                0x000006e0                __floatunsidf
                0x000006e0                __aeabi_ui2d
                0x00000700                __floatsidf
                0x00000700                __aeabi_i2d
                0x00000724                __aeabi_f2d
                0x00000724                __extendsfdf2
                0x00000768                __floatundidf
                0x00000768                __aeabi_ul2d
                0x00000778                __floatdidf
                0x00000778                __aeabi_l2d
 .text          0x000007d4      0x424 c:/nxp/s32ds_arm_v2.2/s32ds/build_tools/gcc_v6.3/gcc-6.3-arm32-eabi/bin/../lib/gcc/arm-none-eabi/6.3.1/thumb/v7e-m/fpv4-sp/hard\libgcc.a(_arm_muldivdf3.o)
                0x000007d4                __aeabi_dmul
                0x000007d4                __muldf3
                0x00000a28                __divdf3
                0x00000a28                __aeabi_ddiv
 .text          0x00000bf8      0x110 c:/nxp/s32ds_arm_v2.2/s32ds/build_tools/gcc_v6.3/gcc-6.3-arm32-eabi/bin/../lib/gcc/arm-none-eabi/6.3.1/thumb/v7e-m/fpv4-sp/hard\libgcc.a(_arm_cmpdf2.o)
                0x00000bf8                __gtdf2
                0x00000bf8                __gedf2
                0x00000c00                __ltdf2
                0x00000c00                __ledf2
                0x00000c08                __nedf2
                0x00000c08                __eqdf2
                0x00000c08                __cmpdf2
                0x00000c84                __aeabi_cdrcmple
                0x00000c94                __aeabi_cdcmpeq
                0x00000c94                __aeabi_cdcmple
                0x00000ca4                __aeabi_dcmpeq
                0x00000cb8                __aeabi_dcmplt
                0x00000ccc                __aeabi_dcmple
                0x00000ce0                __aeabi_dcmpge
                0x00000cf4                __aeabi_dcmpgt
 .text          0x00000d08       0x30 c:/nxp/s32ds_arm_v2.2/s32ds/build_tools/gcc_v6.3/gcc-6.3-arm32-eabi/bin/../lib/gcc/arm-none-eabi/6.3.1/thumb/v7e-m/fpv4-sp/hard\libgcc.a(_aeabi_uldivmod.o)
                0x00000d08                __aeabi_uldivmod
 .text          0x00000d38      0x2e4 c:/nxp/s32ds_arm_v2.2/s32ds/build_tools/gcc_v6.3/gcc-6.3-arm32-eabi/bin/../lib/gcc/arm-none-eabi/6.3.1/thumb/v7e-m/fpv4-sp/hard\libgcc.a(_udivmoddi4.o)
                0x00000d38                __udivmoddi4
 .text          0x0000101c        0x4 c:/nxp/s32ds_arm_v2.2/s32ds/build_tools/gcc_v6.3/gcc-6.3-arm32-eabi/bin/../lib/gcc/arm-none-eabi/6.3.1/thumb/v7e-m/fpv4-sp/hard\libgcc.a(_dvmd_tls.o)
                0x0000101c                __aeabi_idiv0
                0x0000101c                __aeabi_ldiv0
 *(.text*)
 .text.SystemInit
                0x00001020       0x3c ./SDK/platform/devices/S32K144/startup/system_S32K144.o
                0x00001020                SystemInit
 .text.SystemSoftwareReset
                0x0000105c       0x18 ./SDK/platform/devices/S32K144/startup/system_S32K144.o
                0x0000105c                SystemSoftwareReset
 .text.init_data_bss
                0x00001074       0xd8 ./SDK/platform/devices/startup.o
                0x00001074                init_data_bss
 .text.CLOCK_SYS_GetCurrentRunMode
                0x0000114c       0x24 ./SDK/platform/drivers/src/clock/S32K1xx/clock_S32K1xx.o
 .text.CLOCK_SYS_GetSysOscFreq
                0x00001170       0x1c ./SDK/platform/drivers/src/clock/S32K1xx/clock_S32K1xx.o
 .text.CLOCK_SYS_ConfigureSOSC
                0x0000118c      0x12c ./SDK/platform/drivers/src/clock/S32K1xx/clock_S32K1xx.o
 .text.CLOCK_SYS_GetSircFreq
                0x000012b8       0x2c ./SDK/platform/drivers/src/clock/S32K1xx/clock_S32K1xx.o
 .text.CLOCK_SYS_ConfigureSIRC
                0x000012e4       0xc4 ./SDK/platform/drivers/src/clock/S32K1xx/clock_S32K1xx.o
 .text.CLOCK_SYS_GetFircFreq
                0x000013a8       0x20 ./SDK/platform/drivers/src/clock/S32K1xx/clock_S32K1xx.o
 .text.CLOCK_SYS_ConfigureFIRC
                0x000013c8       0xb4 ./SDK/platform/drivers/src/clock/S32K1xx/clock_S32K1xx.o
 .text.CLOCK_SYS_GetSysPllFreq
                0x0000147c       0x44 ./SDK/platform/drivers/src/clock/S32K1xx/clock_S32K1xx.o
 .text.CLOCK_SYS_ConfigureSPLL
                0x000014c0      0x104 ./SDK/platform/drivers/src/clock/S32K1xx/clock_S32K1xx.o
 .text.CLOCK_SYS_SetSystemClockConfig
                0x000015c4      0x1e4 ./SDK/platform/drivers/src/clock/S32K1xx/clock_S32K1xx.o
 .text.CLOCK_SYS_TransitionSystemClock
                0x000017a8       0x3c ./SDK/platform/drivers/src/clock/S32K1xx/clock_S32K1xx.o
 .text.CLOCK_SYS_GetSystemClockFreq
                0x000017e4       0x78 ./SDK/platform/drivers/src/clock/S32K1xx/clock_S32K1xx.o
 .text.CLOCK_SYS_GetScgClkOutFreq
                0x0000185c       0x44 ./SDK/platform/drivers/src/clock/S32K1xx/clock_S32K1xx.o
 .text.CLOCK_SYS_GetSysAsyncFreq
                0x000018a0       0xd4 ./SDK/platform/drivers/src/clock/S32K1xx/clock_S32K1xx.o
 .text.CLOCK_SYS_GetSimRtcClkFreq
                0x00001974       0x50 ./SDK/platform/drivers/src/clock/S32K1xx/clock_S32K1xx.o
 .text.CLOCK_SYS_GetPeripheralClock
                0x000019c4       0x78 ./SDK/platform/drivers/src/clock/S32K1xx/clock_S32K1xx.o
 .text.CLOCK_SYS_GetLpoFreq
                0x00001a3c       0x44 ./SDK/platform/drivers/src/clock/S32K1xx/clock_S32K1xx.o
 .text.CLOCK_SYS_GetSimClkOutFreq
                0x00001a80       0x98 ./SDK/platform/drivers/src/clock/S32K1xx/clock_S32K1xx.o
 .text.CLOCK_DRV_Init
                0x00001b18      0x598 ./SDK/platform/drivers/src/clock/S32K1xx/clock_S32K1xx.o
                0x00001b18                CLOCK_DRV_Init
 .text.CLOCK_DRV_GetFreq
                0x000020b0      0x3a0 ./SDK/platform/drivers/src/clock/S32K1xx/clock_S32K1xx.o
                0x000020b0                CLOCK_DRV_GetFreq
 .text.CLOCK_SYS_GetFreq
                0x00002450        0x8 ./SDK/platform/drivers/src/clock/S32K1xx/clock_S32K1xx.o
                0x00002450                CLOCK_SYS_GetFreq
 .text.EDMA_DRV_InstallCallback
                0x00002458       0x20 ./SDK/platform/drivers/src/edma/edma_driver.o
                0x00002458                EDMA_DRV_InstallCallback
 .text.EDMA_DRV_IRQHandler
                0x00002478       0x2c ./SDK/platform/drivers/src/edma/edma_driver.o
                0x00002478                EDMA_DRV_IRQHandler
 .text.EDMA_DRV_ErrorIRQHandler
                0x000024a4       0x3c ./SDK/platform/drivers/src/edma/edma_driver.o
                0x000024a4                EDMA_DRV_ErrorIRQHandler
 .text.EDMA_DRV_ConfigSingleBlockTransfer
                0x000024e0      0x148 ./SDK/platform/drivers/src/edma/edma_driver.o
                0x000024e0                EDMA_DRV_ConfigSingleBlockTransfer
 .text.EDMA_DRV_ConfigMultiBlockTransfer
                0x00002628       0x64 ./SDK/platform/drivers/src/edma/edma_driver.o
                0x00002628                EDMA_DRV_ConfigMultiBlockTransfer
 .text.EDMA_DRV_StartChannel
                0x0000268c       0x18 ./SDK/platform/drivers/src/edma/edma_driver.o
                0x0000268c                EDMA_DRV_StartChannel
 .text.EDMA_DRV_StopChannel
                0x000026a4       0x18 ./SDK/platform/drivers/src/edma/edma_driver.o
                0x000026a4                EDMA_DRV_StopChannel
 .text.EDMA_DRV_SetChannelRequestAndTrigger
                0x000026bc       0x44 ./SDK/platform/drivers/src/edma/edma_driver.o
                0x000026bc                EDMA_DRV_SetChannelRequestAndTrigger
 .text.EDMA_DRV_SetSrcAddr
                0x00002700       0x14 ./SDK/platform/drivers/src/edma/edma_driver.o
                0x00002700                EDMA_DRV_SetSrcAddr
 .text.EDMA_DRV_SetSrcLastAddrAdjustment
                0x00002714       0x16 ./SDK/platform/drivers/src/edma/edma_driver.o
                0x00002714                EDMA_DRV_SetSrcLastAddrAdjustment
 .text.EDMA_DRV_SetDestAddr
                0x0000272a       0x16 ./SDK/platform/drivers/src/edma/edma_driver.o
                0x0000272a                EDMA_DRV_SetDestAddr
 .text.EDMA_DRV_SetMajorLoopIterationCount
                0x00002740       0x14 ./SDK/platform/drivers/src/edma/edma_driver.o
                0x00002740                EDMA_DRV_SetMajorLoopIterationCount
 .text.EDMA_DRV_GetDmaRegBaseAddr
                0x00002754        0x8 ./SDK/platform/drivers/src/edma/edma_driver.o
                0x00002754                EDMA_DRV_GetDmaRegBaseAddr
 .text.EDMA_SetDmaRequestCmd
                0x0000275c        0xa ./SDK/platform/drivers/src/edma/edma_hw_access.o
                0x0000275c                EDMA_SetDmaRequestCmd
 .text.EDMA_TCDClearReg
                0x00002766       0x4a ./SDK/platform/drivers/src/edma/edma_hw_access.o
                0x00002766                EDMA_TCDClearReg
 .text.EDMA_TCDSetAttribute
                0x000027b0       0x30 ./SDK/platform/drivers/src/edma/edma_hw_access.o
                0x000027b0                EDMA_TCDSetAttribute
 .text.EDMA_TCDSetNbytes
                0x000027e0       0x5c ./SDK/platform/drivers/src/edma/edma_hw_access.o
                0x000027e0                EDMA_TCDSetNbytes
 .text.EDMA_TCDSetMajorCount
                0x0000283c       0x5e ./SDK/platform/drivers/src/edma/edma_hw_access.o
                0x0000283c                EDMA_TCDSetMajorCount
 .text.DMA0_IRQHandler
                0x0000289a        0xa ./SDK/platform/drivers/src/edma/edma_irq.o
                0x0000289a                DMA0_IRQHandler
 .text.DMA1_IRQHandler
                0x000028a4        0xa ./SDK/platform/drivers/src/edma/edma_irq.o
                0x000028a4                DMA1_IRQHandler
 .text.DMA2_IRQHandler
                0x000028ae        0xa ./SDK/platform/drivers/src/edma/edma_irq.o
                0x000028ae                DMA2_IRQHandler
 .text.DMA3_IRQHandler
                0x000028b8        0xa ./SDK/platform/drivers/src/edma/edma_irq.o
                0x000028b8                DMA3_IRQHandler
 .text.DMA4_IRQHandler
                0x000028c2        0xa ./SDK/platform/drivers/src/edma/edma_irq.o
                0x000028c2                DMA4_IRQHandler
 .text.DMA5_IRQHandler
                0x000028cc        0xa ./SDK/platform/drivers/src/edma/edma_irq.o
                0x000028cc                DMA5_IRQHandler
 .text.DMA6_IRQHandler
                0x000028d6        0xa ./SDK/platform/drivers/src/edma/edma_irq.o
                0x000028d6                DMA6_IRQHandler
 .text.DMA7_IRQHandler
                0x000028e0        0xa ./SDK/platform/drivers/src/edma/edma_irq.o
                0x000028e0                DMA7_IRQHandler
 .text.DMA8_IRQHandler
                0x000028ea        0xa ./SDK/platform/drivers/src/edma/edma_irq.o
                0x000028ea                DMA8_IRQHandler
 .text.DMA9_IRQHandler
                0x000028f4        0xa ./SDK/platform/drivers/src/edma/edma_irq.o
                0x000028f4                DMA9_IRQHandler
 .text.DMA10_IRQHandler
                0x000028fe        0xa ./SDK/platform/drivers/src/edma/edma_irq.o
                0x000028fe                DMA10_IRQHandler
 .text.DMA11_IRQHandler
                0x00002908        0xa ./SDK/platform/drivers/src/edma/edma_irq.o
                0x00002908                DMA11_IRQHandler
 .text.DMA12_IRQHandler
                0x00002912        0xa ./SDK/platform/drivers/src/edma/edma_irq.o
                0x00002912                DMA12_IRQHandler
 .text.DMA13_IRQHandler
                0x0000291c        0xa ./SDK/platform/drivers/src/edma/edma_irq.o
                0x0000291c                DMA13_IRQHandler
 .text.DMA14_IRQHandler
                0x00002926        0xa ./SDK/platform/drivers/src/edma/edma_irq.o
                0x00002926                DMA14_IRQHandler
 .text.DMA15_IRQHandler
                0x00002930        0xa ./SDK/platform/drivers/src/edma/edma_irq.o
                0x00002930                DMA15_IRQHandler
 .text.DMA_Error_IRQHandler
                0x0000293a       0x28 ./SDK/platform/drivers/src/edma/edma_irq.o
                0x0000293a                DMA_Error_IRQHandler
 *fill*         0x00002962        0x2 
 .text.FLASH_DRV_Init
                0x00002964       0xcc ./SDK/platform/drivers/src/flash/flash_driver.o
                0x00002964                FLASH_DRV_Init
 .text.FLASH_DRV_EraseSector
                0x00002a30       0x98 ./SDK/platform/drivers/src/flash/flash_driver.o
                0x00002a30                FLASH_DRV_EraseSector
 .text.FLASH_DRV_Program
                0x00002ac8       0xb8 ./SDK/platform/drivers/src/flash/flash_driver.o
                0x00002ac8                FLASH_DRV_Program
 .text.FLEXCAN_StartSendData
                0x00002b80       0xa4 ./SDK/platform/drivers/src/flexcan/flexcan_driver.o
 .text.FLEXCAN_StartRxMessageBufferData
                0x00002c24       0x80 ./SDK/platform/drivers/src/flexcan/flexcan_driver.o
 .text.FLEXCAN_CompleteRxMessageFifoData
                0x00002ca4       0xa0 ./SDK/platform/drivers/src/flexcan/flexcan_driver.o
 .text.FLEXCAN_CompleteTransfer
                0x00002d44       0x38 ./SDK/platform/drivers/src/flexcan/flexcan_driver.o
 .text.FLEXCAN_DRV_Init
                0x00002d7c      0x2c4 ./SDK/platform/drivers/src/flexcan/flexcan_driver.o
                0x00002d7c                FLEXCAN_DRV_Init
 .text.FLEXCAN_DRV_ConfigTxMb
                0x00003040       0x40 ./SDK/platform/drivers/src/flexcan/flexcan_driver.o
                0x00003040                FLEXCAN_DRV_ConfigTxMb
 .text.FLEXCAN_DRV_SendBlocking
                0x00003080       0xbc ./SDK/platform/drivers/src/flexcan/flexcan_driver.o
                0x00003080                FLEXCAN_DRV_SendBlocking
 .text.FLEXCAN_DRV_ConfigRxMb
                0x0000313c       0x68 ./SDK/platform/drivers/src/flexcan/flexcan_driver.o
                0x0000313c                FLEXCAN_DRV_ConfigRxMb
 .text.FLEXCAN_DRV_ReceiveBlocking
                0x000031a4       0x80 ./SDK/platform/drivers/src/flexcan/flexcan_driver.o
                0x000031a4                FLEXCAN_DRV_ReceiveBlocking
 .text.FLEXCAN_DRV_Deinit
                0x00003224       0xe0 ./SDK/platform/drivers/src/flexcan/flexcan_driver.o
                0x00003224                FLEXCAN_DRV_Deinit
 .text.FLEXCAN_Error_IRQHandler
                0x00003304       0x28 ./SDK/platform/drivers/src/flexcan/flexcan_driver.o
                0x00003304                FLEXCAN_Error_IRQHandler
 .text.FLEXCAN_WakeUpHandler
                0x0000332c       0x6c ./SDK/platform/drivers/src/flexcan/flexcan_driver.o
                0x0000332c                FLEXCAN_WakeUpHandler
 .text.FLEXCAN_IRQHandler
                0x00003398      0x1b8 ./SDK/platform/drivers/src/flexcan/flexcan_driver.o
                0x00003398                FLEXCAN_IRQHandler
 .text.FLEXCAN_DRV_InstallEventCallback
                0x00003550       0x14 ./SDK/platform/drivers/src/flexcan/flexcan_driver.o
                0x00003550                FLEXCAN_DRV_InstallEventCallback
 .text.FLEXCAN_ComputePayloadSize
                0x00003564       0x36 ./SDK/platform/drivers/src/flexcan/flexcan_hw_access.o
 *fill*         0x0000359a        0x2 
 .text.FLEXCAN_GetMaxMbNum
                0x0000359c       0x2c ./SDK/platform/drivers/src/flexcan/flexcan_hw_access.o
                0x0000359c                FLEXCAN_GetMaxMbNum
 .text.FLEXCAN_Enable
                0x000035c8       0x2a ./SDK/platform/drivers/src/flexcan/flexcan_hw_access.o
                0x000035c8                FLEXCAN_Enable
 .text.FLEXCAN_Disable
                0x000035f2       0x18 ./SDK/platform/drivers/src/flexcan/flexcan_hw_access.o
                0x000035f2                FLEXCAN_Disable
 *fill*         0x0000360a        0x2 
 .text.FLEXCAN_Init
                0x0000360c       0x68 ./SDK/platform/drivers/src/flexcan/flexcan_hw_access.o
                0x0000360c                FLEXCAN_Init
 .text.FLEXCAN_EnableRxFifo
                0x00003674       0x54 ./SDK/platform/drivers/src/flexcan/flexcan_hw_access.o
                0x00003674                FLEXCAN_EnableRxFifo
 .text.FLEXCAN_SetMsgBuffIntCmd
                0x000036c8       0x3c ./SDK/platform/drivers/src/flexcan/flexcan_hw_access.o
                0x000036c8                FLEXCAN_SetMsgBuffIntCmd
 .text.FLEXCAN_SetErrIntCmd
                0x00003704       0x5a ./SDK/platform/drivers/src/flexcan/flexcan_hw_access.o
                0x00003704                FLEXCAN_SetErrIntCmd
 .text.FLEXCAN_ExitFreezeMode
                0x0000375e       0x1a ./SDK/platform/drivers/src/flexcan/flexcan_hw_access.o
                0x0000375e                FLEXCAN_ExitFreezeMode
 .text.FLEXCAN_EnterFreezeMode
                0x00003778       0x40 ./SDK/platform/drivers/src/flexcan/flexcan_hw_access.o
                0x00003778                FLEXCAN_EnterFreezeMode
 .text.FLEXCAN_ClearErrIntStatusFlag
                0x000037b8       0x14 ./SDK/platform/drivers/src/flexcan/flexcan_hw_access.o
                0x000037b8                FLEXCAN_ClearErrIntStatusFlag
 .text.FLEXCAN_ReadRxFifo
                0x000037cc       0x56 ./SDK/platform/drivers/src/flexcan/flexcan_hw_access.o
                0x000037cc                FLEXCAN_ReadRxFifo
 .text.FLEXCAN_SetOperationMode
                0x00003822       0x5e ./SDK/platform/drivers/src/flexcan/flexcan_hw_access.o
                0x00003822                FLEXCAN_SetOperationMode
 .text.FLEXCAN_SetPayloadSize
                0x00003880       0x1a ./SDK/platform/drivers/src/flexcan/flexcan_hw_access.o
                0x00003880                FLEXCAN_SetPayloadSize
 .text.FLEXCAN_GetPayloadSize
                0x0000389a       0x20 ./SDK/platform/drivers/src/flexcan/flexcan_hw_access.o
                0x0000389a                FLEXCAN_GetPayloadSize
 .text.FLEXCAN_GetMsgBuffRegion
                0x000038ba       0x30 ./SDK/platform/drivers/src/flexcan/flexcan_hw_access.o
                0x000038ba                FLEXCAN_GetMsgBuffRegion
 *fill*         0x000038ea        0x2 
 .text.FLEXCAN_SetTxMsgBuff
                0x000038ec      0x180 ./SDK/platform/drivers/src/flexcan/flexcan_hw_access.o
                0x000038ec                FLEXCAN_SetTxMsgBuff
 .text.FLEXCAN_AbortTxMsgBuff
                0x00003a6c       0x14 ./SDK/platform/drivers/src/flexcan/flexcan_hw_access.o
                0x00003a6c                FLEXCAN_AbortTxMsgBuff
 .text.FLEXCAN_SetRxMsgBuff
                0x00003a80       0xc8 ./SDK/platform/drivers/src/flexcan/flexcan_hw_access.o
                0x00003a80                FLEXCAN_SetRxMsgBuff
 .text.FLEXCAN_GetMsgBuff
                0x00003b48       0x96 ./SDK/platform/drivers/src/flexcan/flexcan_hw_access.o
                0x00003b48                FLEXCAN_GetMsgBuff
 .text.FLEXCAN_LockRxMsgBuff
                0x00003bde        0xa ./SDK/platform/drivers/src/flexcan/flexcan_hw_access.o
                0x00003bde                FLEXCAN_LockRxMsgBuff
 .text.FLEXCAN_SetMaxMsgBuffNum
                0x00003be8       0x9c ./SDK/platform/drivers/src/flexcan/flexcan_hw_access.o
                0x00003be8                FLEXCAN_SetMaxMsgBuffNum
 .text.CAN0_ORed_IRQHandler
                0x00003c84        0xa ./SDK/platform/drivers/src/flexcan/flexcan_irq.o
                0x00003c84                CAN0_ORed_IRQHandler
 .text.CAN0_Error_IRQHandler
                0x00003c8e        0xa ./SDK/platform/drivers/src/flexcan/flexcan_irq.o
                0x00003c8e                CAN0_Error_IRQHandler
 .text.CAN0_Wake_Up_IRQHandler
                0x00003c98        0xa ./SDK/platform/drivers/src/flexcan/flexcan_irq.o
                0x00003c98                CAN0_Wake_Up_IRQHandler
 .text.CAN0_ORed_0_15_MB_IRQHandler
                0x00003ca2        0xa ./SDK/platform/drivers/src/flexcan/flexcan_irq.o
                0x00003ca2                CAN0_ORed_0_15_MB_IRQHandler
 .text.CAN0_ORed_16_31_MB_IRQHandler
                0x00003cac        0xa ./SDK/platform/drivers/src/flexcan/flexcan_irq.o
                0x00003cac                CAN0_ORed_16_31_MB_IRQHandler
 .text.CAN1_ORed_IRQHandler
                0x00003cb6        0xa ./SDK/platform/drivers/src/flexcan/flexcan_irq.o
                0x00003cb6                CAN1_ORed_IRQHandler
 .text.CAN1_Error_IRQHandler
                0x00003cc0        0xa ./SDK/platform/drivers/src/flexcan/flexcan_irq.o
                0x00003cc0                CAN1_Error_IRQHandler
 .text.CAN1_ORed_0_15_MB_IRQHandler
                0x00003cca        0xa ./SDK/platform/drivers/src/flexcan/flexcan_irq.o
                0x00003cca                CAN1_ORed_0_15_MB_IRQHandler
 .text.CAN2_ORed_IRQHandler
                0x00003cd4        0xa ./SDK/platform/drivers/src/flexcan/flexcan_irq.o
                0x00003cd4                CAN2_ORed_IRQHandler
 .text.CAN2_Error_IRQHandler
                0x00003cde        0xa ./SDK/platform/drivers/src/flexcan/flexcan_irq.o
                0x00003cde                CAN2_Error_IRQHandler
 .text.CAN2_ORed_0_15_MB_IRQHandler
                0x00003ce8        0xa ./SDK/platform/drivers/src/flexcan/flexcan_irq.o
                0x00003ce8                CAN2_ORed_0_15_MB_IRQHandler
 *fill*         0x00003cf2        0x2 
 .text.FLEXIO_IRQHandler
                0x00003cf4       0x58 ./SDK/platform/drivers/src/flexio/flexio_common.o
                0x00003cf4                FLEXIO_IRQHandler
 .text.INT_SYS_InstallHandler
                0x00003d4c       0x30 ./SDK/platform/drivers/src/interrupt/interrupt_manager.o
                0x00003d4c                INT_SYS_InstallHandler
 .text.INT_SYS_EnableIRQ
                0x00003d7c       0x18 ./SDK/platform/drivers/src/interrupt/interrupt_manager.o
                0x00003d7c                INT_SYS_EnableIRQ
 .text.INT_SYS_DisableIRQ
                0x00003d94       0x1c ./SDK/platform/drivers/src/interrupt/interrupt_manager.o
                0x00003d94                INT_SYS_DisableIRQ
 .text.INT_SYS_EnableIRQGlobal
                0x00003db0       0x1c ./SDK/platform/drivers/src/interrupt/interrupt_manager.o
                0x00003db0                INT_SYS_EnableIRQGlobal
 .text.INT_SYS_DisableIRQGlobal
                0x00003dcc       0x10 ./SDK/platform/drivers/src/interrupt/interrupt_manager.o
                0x00003dcc                INT_SYS_DisableIRQGlobal
 .text.INT_SYS_SetPriority
                0x00003ddc       0x58 ./SDK/platform/drivers/src/interrupt/interrupt_manager.o
                0x00003ddc                INT_SYS_SetPriority
 .text.INT_SYS_GetActive
                0x00003e34       0x1c ./SDK/platform/drivers/src/interrupt/interrupt_manager.o
                0x00003e34                INT_SYS_GetActive
 .text.LPI2C_DRV_MasterQueueData
                0x00003e50       0x4c ./SDK/platform/drivers/src/lpi2c/lpi2c_driver.o
 .text.LPI2C_DRV_SlaveEndTransfer
                0x00003e9c       0x4e ./SDK/platform/drivers/src/lpi2c/lpi2c_driver.o
 .text.LPI2C_DRV_MasterEndTransfer
                0x00003eea       0x68 ./SDK/platform/drivers/src/lpi2c/lpi2c_driver.o
 .text.LPI2C_DRV_SlaveEndTransferHandler
                0x00003f52       0x3a ./SDK/platform/drivers/src/lpi2c/lpi2c_driver.o
 .text.LPI2C_DRV_ConfigureDmaTransfer
                0x00003f8c       0x60 ./SDK/platform/drivers/src/lpi2c/lpi2c_driver.o
 .text.LPI2C_DRV_SlaveStartDmaTransfer
                0x00003fec       0x9c ./SDK/platform/drivers/src/lpi2c/lpi2c_driver.o
 .text.LPI2C_DRV_MasterSetBaudRate
                0x00004088      0x138 ./SDK/platform/drivers/src/lpi2c/lpi2c_driver.o
                0x00004088                LPI2C_DRV_MasterSetBaudRate
 .text.LPI2C_DRV_MasterReinit
                0x000041c0       0x5c ./SDK/platform/drivers/src/lpi2c/lpi2c_driver.o
 .text.LPI2C_DRV_MasterIRQHandler
                0x0000421c      0x248 ./SDK/platform/drivers/src/lpi2c/lpi2c_driver.o
                0x0000421c                LPI2C_DRV_MasterIRQHandler
 .text.LPI2C_DRV_SlaveIRQHandler
                0x00004464      0x1d8 ./SDK/platform/drivers/src/lpi2c/lpi2c_driver.o
                0x00004464                LPI2C_DRV_SlaveIRQHandler
 .text.LPI2C_Init
                0x0000463c       0x1e ./SDK/platform/drivers/src/lpi2c/lpi2c_hw_access.o
                0x0000463c                LPI2C_Init
 .text.LPI2C0_Master_IRQHandler
                0x0000465a        0xa ./SDK/platform/drivers/src/lpi2c/lpi2c_irq.o
                0x0000465a                LPI2C0_Master_IRQHandler
 .text.LPI2C0_Slave_IRQHandler
                0x00004664        0xa ./SDK/platform/drivers/src/lpi2c/lpi2c_irq.o
                0x00004664                LPI2C0_Slave_IRQHandler
 *fill*         0x0000466e        0x2 
 .text.LPIT_DRV_GetDefaultChanConfig
                0x00004670       0x20 ./SDK/platform/drivers/src/lpit/lpit_driver.o
                0x00004670                LPIT_DRV_GetDefaultChanConfig
 .text.LPIT_DRV_Init
                0x00004690       0xac ./SDK/platform/drivers/src/lpit/lpit_driver.o
                0x00004690                LPIT_DRV_Init
 .text.LPIT_DRV_Deinit
                0x0000473c       0x10 ./SDK/platform/drivers/src/lpit/lpit_driver.o
                0x0000473c                LPIT_DRV_Deinit
 .text.LPIT_DRV_StartTimerChannels
                0x0000474c       0x10 ./SDK/platform/drivers/src/lpit/lpit_driver.o
                0x0000474c                LPIT_DRV_StartTimerChannels
 .text.LPIT_DRV_StopTimerChannels
                0x0000475c       0x10 ./SDK/platform/drivers/src/lpit/lpit_driver.o
                0x0000475c                LPIT_DRV_StopTimerChannels
 .text.LPIT_DRV_SetTimerPeriodByUs
                0x0000476c       0xac ./SDK/platform/drivers/src/lpit/lpit_driver.o
                0x0000476c                LPIT_DRV_SetTimerPeriodByUs
 .text.LPIT_DRV_InitChannel
                0x00004818      0x188 ./SDK/platform/drivers/src/lpit/lpit_driver.o
                0x00004818                LPIT_DRV_InitChannel
 .text.LPIT_DRV_GetInterruptFlagTimerChannels
                0x000049a0        0xc ./SDK/platform/drivers/src/lpit/lpit_driver.o
                0x000049a0                LPIT_DRV_GetInterruptFlagTimerChannels
 .text.LPIT_DRV_ClearInterruptFlagTimerChannels
                0x000049ac        0xc ./SDK/platform/drivers/src/lpit/lpit_driver.o
                0x000049ac                LPIT_DRV_ClearInterruptFlagTimerChannels
 .text.LPUART_DRV_StartSendDataUsingInt
                0x000049b8       0x4c ./SDK/platform/drivers/src/lpuart/lpuart_driver.o
 .text.LPUART_DRV_StartSendDataUsingDma
                0x00004a04       0x80 ./SDK/platform/drivers/src/lpuart/lpuart_driver.o
 .text.LPUART_DRV_CompleteSendDataUsingInt
                0x00004a84       0x64 ./SDK/platform/drivers/src/lpuart/lpuart_driver.o
 .text.LPUART_DRV_StopTxDma
                0x00004ae8       0x64 ./SDK/platform/drivers/src/lpuart/lpuart_driver.o
 .text.LPUART_DRV_TxDmaCallback
                0x00004b4c       0x74 ./SDK/platform/drivers/src/lpuart/lpuart_driver.o
 .text.LPUART_DRV_PutData
                0x00004bc0       0x44 ./SDK/platform/drivers/src/lpuart/lpuart_driver.o
 .text.LPUART_DRV_StartReceiveDataUsingInt
                0x00004c04       0x54 ./SDK/platform/drivers/src/lpuart/lpuart_driver.o
 .text.LPUART_DRV_StartReceiveDataUsingDma
                0x00004c58       0x9c ./SDK/platform/drivers/src/lpuart/lpuart_driver.o
 .text.LPUART_DRV_CompleteReceiveDataUsingInt
                0x00004cf4       0x64 ./SDK/platform/drivers/src/lpuart/lpuart_driver.o
 .text.LPUART_DRV_StopRxDma
                0x00004d58       0x64 ./SDK/platform/drivers/src/lpuart/lpuart_driver.o
 .text.LPUART_DRV_RxDmaCallback
                0x00004dbc       0xa4 ./SDK/platform/drivers/src/lpuart/lpuart_driver.o
 .text.LPUART_DRV_GetData
                0x00004e60       0x5c ./SDK/platform/drivers/src/lpuart/lpuart_driver.o
 .text.LPUART_DRV_Deinit
                0x00004ebc       0x74 ./SDK/platform/drivers/src/lpuart/lpuart_driver.o
                0x00004ebc                LPUART_DRV_Deinit
 .text.LPUART_DRV_InstallRxCallback
                0x00004f30       0x14 ./SDK/platform/drivers/src/lpuart/lpuart_driver.o
                0x00004f30                LPUART_DRV_InstallRxCallback
 .text.LPUART_DRV_SendDataBlocking
                0x00004f44       0x5c ./SDK/platform/drivers/src/lpuart/lpuart_driver.o
                0x00004f44                LPUART_DRV_SendDataBlocking
 .text.LPUART_DRV_ReceiveData
                0x00004fa0       0x24 ./SDK/platform/drivers/src/lpuart/lpuart_driver.o
                0x00004fa0                LPUART_DRV_ReceiveData
 .text.LPUART_DRV_SetBaudRate
                0x00004fc4       0xd4 ./SDK/platform/drivers/src/lpuart/lpuart_driver.o
                0x00004fc4                LPUART_DRV_SetBaudRate
 .text.LPUART_DRV_Init
                0x00005098       0xe0 ./SDK/platform/drivers/src/lpuart/lpuart_driver.o
                0x00005098                LPUART_DRV_Init
 .text.LPUART_DRV_SetRxBuffer
                0x00005178       0x14 ./SDK/platform/drivers/src/lpuart/lpuart_driver.o
                0x00005178                LPUART_DRV_SetRxBuffer
 .text.LPUART_DRV_IRQHandler
                0x0000518c      0x2a8 ./SDK/platform/drivers/src/lpuart/lpuart_driver.o
                0x0000518c                LPUART_DRV_IRQHandler
 .text.LPUART_Init
                0x00005434       0x24 ./SDK/platform/drivers/src/lpuart/lpuart_hw_access.o
                0x00005434                LPUART_Init
 .text.LPUART_SetBitCountPerChar
                0x00005458       0x30 ./SDK/platform/drivers/src/lpuart/lpuart_hw_access.o
                0x00005458                LPUART_SetBitCountPerChar
 .text.LPUART_SetParityMode
                0x00005488       0x1e ./SDK/platform/drivers/src/lpuart/lpuart_hw_access.o
                0x00005488                LPUART_SetParityMode
 .text.LPUART_Putchar9
                0x000054a6       0x16 ./SDK/platform/drivers/src/lpuart/lpuart_hw_access.o
                0x000054a6                LPUART_Putchar9
 .text.LPUART_Putchar10
                0x000054bc       0x22 ./SDK/platform/drivers/src/lpuart/lpuart_hw_access.o
                0x000054bc                LPUART_Putchar10
 .text.LPUART_Getchar9
                0x000054de       0x12 ./SDK/platform/drivers/src/lpuart/lpuart_hw_access.o
                0x000054de                LPUART_Getchar9
 .text.LPUART_Getchar10
                0x000054f0       0x1e ./SDK/platform/drivers/src/lpuart/lpuart_hw_access.o
                0x000054f0                LPUART_Getchar10
 .text.LPUART_SetIntMode
                0x0000550e       0x70 ./SDK/platform/drivers/src/lpuart/lpuart_hw_access.o
                0x0000550e                LPUART_SetIntMode
 .text.LPUART_GetIntMode
                0x0000557e       0x4a ./SDK/platform/drivers/src/lpuart/lpuart_hw_access.o
                0x0000557e                LPUART_GetIntMode
 .text.LPUART_GetStatusFlag
                0x000055c8       0x48 ./SDK/platform/drivers/src/lpuart/lpuart_hw_access.o
                0x000055c8                LPUART_GetStatusFlag
 .text.LPUART_SetErrorInterrupts
                0x00005610       0x40 ./SDK/platform/drivers/src/lpuart/lpuart_hw_access.o
                0x00005610                LPUART_SetErrorInterrupts
 .text.LPUART0_IrqHandler
                0x00005650        0xa ./SDK/platform/drivers/src/lpuart/lpuart_irq.o
                0x00005650                LPUART0_IrqHandler
 .text.LPUART1_IrqHandler
                0x0000565a        0xa ./SDK/platform/drivers/src/lpuart/lpuart_irq.o
                0x0000565a                LPUART1_IrqHandler
 .text.LPUART2_IrqHandler
                0x00005664        0xa ./SDK/platform/drivers/src/lpuart/lpuart_irq.o
                0x00005664                LPUART2_IrqHandler
 .text.PINS_DRV_Init
                0x0000566e       0x20 ./SDK/platform/drivers/src/pins/pins_driver.o
                0x0000566e                PINS_DRV_Init
 *fill*         0x0000568e        0x2 
 .text.PINS_GetAdcInterleaveVal
                0x00005690       0x70 ./SDK/platform/drivers/src/pins/pins_port_hw_access.o
 .text.PINS_Init
                0x00005700      0x114 ./SDK/platform/drivers/src/pins/pins_port_hw_access.o
                0x00005700                PINS_Init
 .text.WDOG_DRV_Init
                0x00005814       0x34 ./SDK/platform/drivers/src/wdog/wdog_driver.o
                0x00005814                WDOG_DRV_Init
 .text.WDOG_DRV_ClearIntFlag
                0x00005848       0x3c ./SDK/platform/drivers/src/wdog/wdog_driver.o
                0x00005848                WDOG_DRV_ClearIntFlag
 .text.WDOG_DRV_Trigger
                0x00005884       0x2c ./SDK/platform/drivers/src/wdog/wdog_driver.o
                0x00005884                WDOG_DRV_Trigger
 .text.WDOG_Config
                0x000058b0       0xe4 ./SDK/platform/drivers/src/wdog/wdog_hw_access.o
                0x000058b0                WDOG_Config
 .text.WDG_Init
                0x00005994       0x6e ./SDK/platform/pal/src/wdg/wdg_pal.o
                0x00005994                WDG_Init
 .text.WDG_Refresh
                0x00005a02       0x10 ./SDK/platform/pal/src/wdg/wdg_pal.o
                0x00005a02                WDG_Refresh
 .text.WDG_ClearIntFlag
                0x00005a12       0x10 ./SDK/platform/pal/src/wdg/wdg_pal.o
                0x00005a12                WDG_ClearIntFlag
 *fill*         0x00005a22        0x2 
 .text.SysTick_Handler
                0x00005a24       0x10 ./SDK/rtos/osif/osif_baremetal.o
                0x00005a24                SysTick_Handler
 .text.OSIF_SemaWait
                0x00005a34       0x74 ./SDK/rtos/osif/osif_baremetal.o
                0x00005a34                OSIF_SemaWait
 .text.OSIF_SemaPost
                0x00005aa8       0x26 ./SDK/rtos/osif/osif_baremetal.o
                0x00005aa8                OSIF_SemaPost
 .text.OSIF_SemaCreate
                0x00005ace       0x14 ./SDK/rtos/osif/osif_baremetal.o
                0x00005ace                OSIF_SemaCreate
 .text.OSIF_SemaDestroy
                0x00005ae2        0x4 ./SDK/rtos/osif/osif_baremetal.o
                0x00005ae2                OSIF_SemaDestroy
 *fill*         0x00005ae6        0x2 
 .text.BSP_ProcessBootloaderComm_gv
                0x00005ae8       0xb8 ./Sources/board_config/bsp_config.o
                0x00005ae8                BSP_ProcessBootloaderComm_gv
 .text.BSP_Init
                0x00005ba0       0xbc ./Sources/board_config/bsp_config.o
                0x00005ba0                BSP_Init
 .text.BSP_ProcessOtaSubCommand_mv
                0x00005c5c      0x2a4 ./Sources/board_config/bsp_config.o
                0x00005c5c                BSP_ProcessOtaSubCommand_mv
 .text.BSP_ProcessCanComm_gv
                0x00005f00      0x1bc ./Sources/bootloader/can_bootloader.o
                0x00005f00                BSP_ProcessCanComm_gv
 .text.OTA_Init_gv
                0x000060bc       0x60 ./Sources/bootloader/ota_bootloader.o
                0x000060bc                OTA_Init_gv
 .text.OTA_ProcessOtaCommand_gv
                0x0000611c       0x10 ./Sources/bootloader/ota_bootloader.o
                0x0000611c                OTA_ProcessOtaCommand_gv
 .text.OTA_CalculateChecksum_gv
                0x0000612c       0x20 ./Sources/bootloader/ota_bootloader.o
                0x0000612c                OTA_CalculateChecksum_gv
 .text.OTA_RxStateMachine_gv
                0x0000614c      0x1f0 ./Sources/bootloader/ota_bootloader.o
 .text.OTA_ProcessRxData_gv
                0x0000633c       0x74 ./Sources/bootloader/ota_bootloader.o
                0x0000633c                OTA_ProcessRxData_gv
 .text.OTA_ResetBuffer_gv
                0x000063b0       0x16 ./Sources/bootloader/ota_bootloader.o
                0x000063b0                OTA_ResetBuffer_gv
 *fill*         0x000063c6        0x2 
 .text.OTA_SendData_gv
                0x000063c8       0xe0 ./Sources/bootloader/ota_bootloader.o
                0x000063c8                OTA_SendData_gv
 .text.OTA_TxScheduler_gv
                0x000064a8      0x184 ./Sources/bootloader/ota_bootloader.o
                0x000064a8                OTA_TxScheduler_gv
 .text.uart_callback1_gv
                0x0000662c       0x50 ./Sources/bootloader/ota_bootloader.o
                0x0000662c                uart_callback1_gv
 .text.uart_callback0_gv
                0x0000667c        0x2 ./Sources/bootloader/ota_bootloader.o
                0x0000667c                uart_callback0_gv
 *fill*         0x0000667e        0x2 
 .text.CAN_ProcessTransmitFrame_mv
                0x00006680       0x40 ./Sources/can_communication/can_communication.o
                0x00006680                CAN_ProcessTransmitFrame_mv
 .text.CAN_ProcessReceiveFrame_mv
                0x000066c0       0x30 ./Sources/can_communication/can_communication.o
                0x000066c0                CAN_ProcessReceiveFrame_mv
 .text.CAN_Callback
                0x000066f0        0x2 ./Sources/can_communication/can_communication.o
                0x000066f0                CAN_Callback
 .text.Common_Memcpy_gst
                0x000066f2       0x52 ./Sources/drivers/common.o
                0x000066f2                Common_Memcpy_gst
 .text.DRV_CAN_BuildDataInfo_mb
                0x00006744       0x24 ./Sources/drivers/drv_can .o
 .text.DRV_CAN_DecodeRxBuffer_mb
                0x00006768       0x32 ./Sources/drivers/drv_can .o
 *fill*         0x0000679a        0x2 
 .text.DRV_CAN_Init_gen
                0x0000679c       0x44 ./Sources/drivers/drv_can .o
                0x0000679c                DRV_CAN_Init_gen
 .text.DRV_CAN_Deinit_gen
                0x000067e0       0x28 ./Sources/drivers/drv_can .o
                0x000067e0                DRV_CAN_Deinit_gen
 .text.DRV_CAN_ConfigRxBuffer_gen
                0x00006808       0x7c ./Sources/drivers/drv_can .o
                0x00006808                DRV_CAN_ConfigRxBuffer_gen
 .text.DRV_CAN_ConfigTxBuffer_gen
                0x00006884       0x7c ./Sources/drivers/drv_can .o
                0x00006884                DRV_CAN_ConfigTxBuffer_gen
 .text.DRV_CAN_TransmitBlock_gen
                0x00006900       0x9c ./Sources/drivers/drv_can .o
                0x00006900                DRV_CAN_TransmitBlock_gen
 .text.DRV_CAN_ReceiveBlock_gen
                0x0000699c       0x78 ./Sources/drivers/drv_can .o
                0x0000699c                DRV_CAN_ReceiveBlock_gen
 .text.DRV_FLASH_IsAddressInRange_mb
                0x00006a14       0x24 ./Sources/drivers/drv_flash.o
 .text.CCIF_Handler
                0x00006a38       0x10 ./Sources/drivers/drv_flash.o
                0x00006a38                CCIF_Handler
 .text.DRV_FLASH_Init_gen
                0x00006a48       0x3c ./Sources/drivers/drv_flash.o
                0x00006a48                DRV_FLASH_Init_gen
 .text.DRV_FLASH_EraseSector_gen
                0x00006a84       0x74 ./Sources/drivers/drv_flash.o
                0x00006a84                DRV_FLASH_EraseSector_gen
 .text.DRV_FLASH_WriteBlock_gen
                0x00006af8       0x84 ./Sources/drivers/drv_flash.o
                0x00006af8                DRV_FLASH_WriteBlock_gen
 .text.DRV_FLASH_ReadBlock_gen
                0x00006b7c       0x44 ./Sources/drivers/drv_flash.o
                0x00006b7c                DRV_FLASH_ReadBlock_gen
 .text.DRV_NVIC_EnableIRQ_gen
                0x00006bc0       0x38 ./Sources/drivers/drv_nvic.o
                0x00006bc0                DRV_NVIC_EnableIRQ_gen
 .text.DRV_NVIC_IRQConfig_gen
                0x00006bf8       0x28 ./Sources/drivers/drv_nvic.o
                0x00006bf8                DRV_NVIC_IRQConfig_gen
 .text.DRV_NVIC_IsIRQEnabled_gb
                0x00006c20       0x14 ./Sources/drivers/drv_nvic.o
                0x00006c20                DRV_NVIC_IsIRQEnabled_gb
 .text.DRV_Timer_Init_gst
                0x00006c34       0x34 ./Sources/drivers/drv_timer.o
                0x00006c34                DRV_Timer_Init_gst
 .text.DRV_Timer_StartChannel_gst
                0x00006c68       0x44 ./Sources/drivers/drv_timer.o
                0x00006c68                DRV_Timer_StartChannel_gst
 .text.DRV_Timer_StopChannel_gst
                0x00006cac       0x44 ./Sources/drivers/drv_timer.o
                0x00006cac                DRV_Timer_StopChannel_gst
 .text.DRV_Timer_Delay_gst
                0x00006cf0       0xec ./Sources/drivers/drv_timer.o
                0x00006cf0                DRV_Timer_Delay_gst
 .text.DRV_Timer_DeInit_gst
                0x00006ddc       0x3c ./Sources/drivers/drv_timer.o
                0x00006ddc                DRV_Timer_DeInit_gst
 .text.DRV_UART_ValidateInstance_prv
                0x00006e18       0x1c ./Sources/drivers/drv_uart.o
 .text.DRV_UART_CheckIRQEnabled_prv
                0x00006e34       0x2c ./Sources/drivers/drv_uart.o
 .text.DRV_UART_Init_gen
                0x00006e60       0x60 ./Sources/drivers/drv_uart.o
                0x00006e60                DRV_UART_Init_gen
 .text.DRV_UART_DeInit_gen
                0x00006ec0       0x30 ./Sources/drivers/drv_uart.o
                0x00006ec0                DRV_UART_DeInit_gen
 .text.DRV_UART_WriteBlock_gen
                0x00006ef0       0x58 ./Sources/drivers/drv_uart.o
                0x00006ef0                DRV_UART_WriteBlock_gen
 .text.DRV_UART_ReadNonBlock_gen
                0x00006f48       0x58 ./Sources/drivers/drv_uart.o
                0x00006f48                DRV_UART_ReadNonBlock_gen
 .text.DRV_UART_SetRxBuffer_gen
                0x00006fa0       0x40 ./Sources/drivers/drv_uart.o
                0x00006fa0                DRV_UART_SetRxBuffer_gen
 .text.DRV_WDG_ISRHandler_v
                0x00006fe0       0x10 ./Sources/drivers/drv_wdg.o
                0x00006fe0                DRV_WDG_ISRHandler_v
 .text.DRV_WDG_Init_gen
                0x00006ff0       0x44 ./Sources/drivers/drv_wdg.o
                0x00006ff0                DRV_WDG_Init_gen
 .text.DRV_WDG_Refresh_gen
                0x00007034       0x24 ./Sources/drivers/drv_wdg.o
                0x00007034                DRV_WDG_Refresh_gen
 .text.main     0x00007058       0x18 ./Sources/main.o
                0x00007058                main
 .text.NVM_EraseFullBlock_gen
                0x00007070       0x3c ./Sources/nvm_management/nvm.o
 .text.NVM_CalculateCrc16_gen
                0x000070ac       0x3e ./Sources/nvm_management/nvm.o
                0x000070ac                NVM_CalculateCrc16_gen
 .text.NVM_ScanBlock_gen
                0x000070ea       0xec ./Sources/nvm_management/nvm.o
 *fill*         0x000071d6        0x2 
 .text.NVM_BootFlagAppStatus_Update
                0x000071d8      0x110 ./Sources/nvm_management/nvm.o
                0x000071d8                NVM_BootFlagAppStatus_Update
 .text.NVM_Init_gv
                0x000072e8      0x358 ./Sources/nvm_management/nvm.o
                0x000072e8                NVM_Init_gv
 *(.rodata)
 .rodata        0x00007640        0x8 ./Sources/nvm_management/nvm.o
 *(.rodata*)
 .rodata.Flash1_InitConfig0
                0x00007648       0x14 ./Generated_Code/Flash1.o
                0x00007648                Flash1_InitConfig0
 .rodata.canCom1_InitConfig0
                0x0000765c       0x38 ./Generated_Code/canCom1.o
                0x0000765c                canCom1_InitConfig0
 .rodata.lpit1_InitConfig
                0x00007694        0x2 ./Generated_Code/lpit1.o
                0x00007694                lpit1_InitConfig
 *fill*         0x00007696        0x2 
 .rodata.lpuart1_InitConfig0
                0x00007698        0xc ./Generated_Code/lpuart1.o
                0x00007698                lpuart1_InitConfig0
 .rodata.wdg_pal1_Config0
                0x000076a4        0xc ./Generated_Code/wdg_pal1.o
                0x000076a4                wdg_pal1_Config0
 .rodata.wdg_pal1_Instance
                0x000076b0        0x8 ./Generated_Code/wdg_pal1.o
                0x000076b0                wdg_pal1_Instance
 .rodata.clockNameMappings
                0x000076b8       0x9e ./SDK/platform/drivers/src/clock/S32K1xx/clock_S32K1xx.o
                0x000076b8                clockNameMappings
 *fill*         0x00007756        0x2 
 .rodata.maxSysClksInHSRUN.7598
                0x00007758       0x54 ./SDK/platform/drivers/src/clock/S32K1xx/clock_S32K1xx.o
 .rodata.maxSysClksInRUN.7597
                0x000077ac       0x54 ./SDK/platform/drivers/src/clock/S32K1xx/clock_S32K1xx.o
 .rodata.maxSysClksInVLPR.7596
                0x00007800       0x54 ./SDK/platform/drivers/src/clock/S32K1xx/clock_S32K1xx.o
 .rodata.peripheralFeaturesList
                0x00007854       0x4f ./SDK/platform/drivers/src/clock/S32K1xx/clock_S32K1xx.o
                0x00007854                peripheralFeaturesList
 *fill*         0x000078a3        0x1 
 .rodata.g_flexcanBase
                0x000078a4        0xc ./SDK/platform/drivers/src/flexcan/flexcan_driver.o
 .rodata.g_flexcanBusOffIrqId
                0x000078b0        0x3 ./SDK/platform/drivers/src/flexcan/flexcan_driver.o
 *fill*         0x000078b3        0x1 
 .rodata.g_flexcanErrorIrqId
                0x000078b4        0x3 ./SDK/platform/drivers/src/flexcan/flexcan_driver.o
 *fill*         0x000078b7        0x1 
 .rodata.g_flexcanOredMessageBufferIrqId
                0x000078b8        0x6 ./SDK/platform/drivers/src/flexcan/flexcan_driver.o
 *fill*         0x000078be        0x2 
 .rodata.g_flexcanWakeUpIrqId
                0x000078c0        0x3 ./SDK/platform/drivers/src/flexcan/flexcan_driver.o
 *fill*         0x000078c3        0x1 
 .rodata.payload_code.7337
                0x000078c4       0x41 ./SDK/platform/drivers/src/flexcan/flexcan_hw_access.o
 *fill*         0x00007905        0x3 
 .rodata.g_lpi2cDMASrc
                0x00007908        0x2 ./SDK/platform/drivers/src/lpi2c/lpi2c_driver.o
 *fill*         0x0000790a        0x2 
 .rodata.s_lpuartBase
                0x0000790c        0xc ./SDK/platform/drivers/src/lpuart/lpuart_driver.o
 .rodata.s_lpuartClkNames
                0x00007918        0x3 ./SDK/platform/drivers/src/lpuart/lpuart_driver.o
 *fill*         0x0000791b        0x1 
 .rodata.s_lpuartRxTxIrqId
                0x0000791c        0x3 ./SDK/platform/drivers/src/lpuart/lpuart_driver.o
 *fill*         0x0000791f        0x1 
 .rodata.DRV_NVIC_IrqTable_arrst
                0x00007920       0x1a ./Sources/drivers/drv_nvic.o
 *fill*         0x0000793a        0x2 
 .rodata.DRV_timerConfig_mst
                0x0000793c        0xc ./Sources/drivers/drv_timer.o
 .rodata.DRV_uartState_mst
                0x00007948        0x8 ./Sources/drivers/drv_uart.o
 .rodata.uartCallback_arrst
                0x00007950        0x8 ./Sources/drivers/drv_uart.o
 .rodata.uartConfig_arrst
                0x00007958        0x8 ./Sources/drivers/drv_uart.o
 .rodata.uartInstances_arrst
                0x00007960        0x2 ./Sources/drivers/drv_uart.o
 *(.init)
 *fill*         0x00007962        0x2 
 .init          0x00007964        0x4 c:/nxp/s32ds_arm_v2.2/s32ds/build_tools/gcc_v6.3/gcc-6.3-arm32-eabi/bin/../lib/gcc/arm-none-eabi/6.3.1/thumb/v7e-m/fpv4-sp/hard/crti.o
                0x00007964                _init
 *(.fini)
 .fini          0x00007968        0x4 c:/nxp/s32ds_arm_v2.2/s32ds/build_tools/gcc_v6.3/gcc-6.3-arm32-eabi/bin/../lib/gcc/arm-none-eabi/6.3.1/thumb/v7e-m/fpv4-sp/hard/crti.o
                0x00007968                _fini
 *fill*         0x0000796c        0x4 
 .fini.__stub   0x00007970        0x8 linker stubs
 *(.eh_frame)
                0x00007978                . = ALIGN (0x4)

.glue_7         0x00007978        0x0
 .glue_7        0x00007978        0x0 linker stubs

.glue_7t        0x00007978        0x0
 .glue_7t       0x00007978        0x0 linker stubs

.vfp11_veneer   0x00007978        0x0
 .vfp11_veneer  0x00007978        0x0 linker stubs

.v4_bx          0x00007978        0x0
 .v4_bx         0x00007978        0x0 linker stubs

.iplt           0x00007978        0x0
 .iplt          0x00007978        0x0 c:/nxp/s32ds_arm_v2.2/s32ds/build_tools/gcc_v6.3/gcc-6.3-arm32-eabi/bin/../lib/gcc/arm-none-eabi/6.3.1/thumb/v7e-m/fpv4-sp/hard/crtbegin.o

.ARM            0x00007978        0x8
                0x00007978                __exidx_start = .
 *(.ARM.exidx*)
 .ARM.exidx     0x00007978        0x8 c:/nxp/s32ds_arm_v2.2/s32ds/build_tools/gcc_v6.3/gcc-6.3-arm32-eabi/bin/../lib/gcc/arm-none-eabi/6.3.1/thumb/v7e-m/fpv4-sp/hard\libgcc.a(_udivmoddi4.o)
                0x00007980                __exidx_end = .
                0x00007980                __etext = .
                0x00007980                __DATA_ROM = .

.interrupts_ram
                0x1fff8000      0x400
                0x1fff8000                . = ALIGN (0x4)
                0x1fff8000                __VECTOR_RAM__ = .
                0x1fff8000                __RAM_START = .
                0x1fff8000                __interrupts_ram_start__ = .
 *(.m_interrupts_ram)
                0x1fff8400                . = (. + M_VECTOR_RAM_SIZE)
 *fill*         0x1fff8000      0x400 
                0x1fff8400                . = ALIGN (0x4)
                0x1fff8400                __interrupts_ram_end__ = .
                0x1fff8000                __VECTOR_RAM = DEFINED (__flash_vector_table__)?ORIGIN (m_interrupts):__VECTOR_RAM__
                0x00000400                __RAM_VECTOR_TABLE_SIZE = DEFINED (__flash_vector_table__)?0x0:(__interrupts_ram_end__ - __interrupts_ram_start__)

.data           0x1fff8400      0x418 load address 0x00007980
                0x1fff8400                . = ALIGN (0x4)
                0x1fff8400                __DATA_RAM = .
                0x1fff8400                __data_start__ = .
 *(.data)
 *(.data*)
 .data.clockMan1_InitConfig0
                0x1fff8400       0x78 ./Generated_Code/clockMan1.o
                0x1fff8400                clockMan1_InitConfig0
 .data.peripheralClockConfig0
                0x1fff8478       0x8c ./Generated_Code/clockMan1.o
                0x1fff8478                peripheralClockConfig0
 .data.peripheralClockConfig.7360
                0x1fff8504       0xa0 ./SDK/platform/drivers/src/clock/S32K1xx/clock_S32K1xx.o
 .data.g_lpuartIsr
                0x1fff85a4        0xc ./SDK/platform/drivers/src/lpuart/lpuart_irq.o
                0x1fff85a4                g_lpuartIsr
 .data.dev_board_mux_InitConfigArr
                0x1fff85b0      0x1e0 ./Sources/board_config/bsp_config.o
                0x1fff85b0                dev_board_mux_InitConfigArr
 .data.s_otaFlashAddr_u32
                0x1fff8790        0x4 ./Sources/board_config/bsp_config.o
 .data.OTA_Command_en
                0x1fff8794        0x1 ./Sources/bootloader/ota_bootloader.o
                0x1fff8794                OTA_Command_en
 .data.OTA_Index_u8
                0x1fff8795        0x1 ./Sources/bootloader/ota_bootloader.o
 .data.OTA_TotalFrameLen_u16
                0x1fff8796        0x2 ./Sources/bootloader/ota_bootloader.o
 .data.OTA_UartRxInit_b
                0x1fff8798        0x1 ./Sources/bootloader/ota_bootloader.o
                0x1fff8798                OTA_UartRxInit_b
 *fill*         0x1fff8799        0x3 
 .data.CAN_DataFrame_St
                0x1fff879c       0x28 ./Sources/can_communication/can_communication.o
                0x1fff879c                CAN_DataFrame_St
 *fill*         0x1fff87c4        0x4 
 .data.NVM_FlagCtrl_st
                0x1fff87c8       0x28 ./Sources/nvm_management/nvm.o
 .data.NVM_SoCCtrl_st
                0x1fff87f0       0x28 ./Sources/nvm_management/nvm.o
                0x1fff8818                . = ALIGN (0x4)
                0x1fff8818                __data_end__ = .
                0x00007d98                __DATA_END = (__DATA_ROM + (__data_end__ - __data_start__))
                0x00007d98                __CODE_ROM = __DATA_END

.igot.plt       0x1fff8818        0x0 load address 0x00007d98
 .igot.plt      0x1fff8818        0x0 c:/nxp/s32ds_arm_v2.2/s32ds/build_tools/gcc_v6.3/gcc-6.3-arm32-eabi/bin/../lib/gcc/arm-none-eabi/6.3.1/thumb/v7e-m/fpv4-sp/hard/crtbegin.o

.code           0x1fff8818       0x38 load address 0x00007d98
                0x1fff8818                . = ALIGN (0x4)
                0x1fff8818                __CODE_RAM = .
                0x1fff8818                __code_start__ = .
                0x1fff8818                __code_ram_start__ = .
 *(.code_ram)
 .code_ram      0x1fff8818       0x38 ./SDK/platform/drivers/src/flash/flash_driver.o
                0x1fff8850                . = ALIGN (0x4)
                0x1fff8850                __code_end__ = .
                0x1fff8850                __code_ram_end__ = .
                0x00007dd0                __CODE_END = (__CODE_ROM + (__code_end__ - __code_start__))
                0x00007dd0                __CUSTOM_ROM = __CODE_END

.rel.dyn        0x1fff8850        0x0 load address 0x00007dd0
 .rel.iplt      0x1fff8850        0x0 c:/nxp/s32ds_arm_v2.2/s32ds/build_tools/gcc_v6.3/gcc-6.3-arm32-eabi/bin/../lib/gcc/arm-none-eabi/6.3.1/thumb/v7e-m/fpv4-sp/hard/crtbegin.o

.customSectionBlock
                0x20000000        0x0 load address 0x00007dd0
                0x20000000                __customSection_start__ = .
 *(.customSection)
                0x20000000                __customSection_end__ = .
                0x00007dd0                __CUSTOM_END = (__CUSTOM_ROM + (__customSection_end__ - __customSection_start__))

.bss            0x20000000      0xf28
                0x20000000                . = ALIGN (0x4)
                0x20000000                __BSS_START = .
                0x20000000                __bss_start__ = .
 *(.bss)
 *(.bss*)
 .bss.canCom1_State
                0x20000000      0x114 ./Generated_Code/canCom1.o
                0x20000000                canCom1_State
 .bss.lpuart1_State
                0x20000114       0x34 ./Generated_Code/lpuart1.o
                0x20000114                lpuart1_State
 .bss.g_RtcClkInFreq
                0x20000148        0x4 ./SDK/platform/drivers/src/clock/S32K1xx/clock_S32K1xx.o
                0x20000148                g_RtcClkInFreq
 .bss.g_TClkFreq
                0x2000014c        0xc ./SDK/platform/drivers/src/clock/S32K1xx/clock_S32K1xx.o
                0x2000014c                g_TClkFreq
 .bss.g_xtal0ClkFreq
                0x20000158        0x4 ./SDK/platform/drivers/src/clock/S32K1xx/clock_S32K1xx.o
                0x20000158                g_xtal0ClkFreq
 .bss.s_virtEdmaState
                0x2000015c        0x4 ./SDK/platform/drivers/src/edma/edma_driver.o
 .bss.g_flexcanStatePtr
                0x20000160        0xc ./SDK/platform/drivers/src/flexcan/flexcan_driver.o
 .bss.g_flexioDeviceStatePtr
                0x2000016c        0x4 ./SDK/platform/drivers/src/flexio/flexio_common.o
                0x2000016c                g_flexioDeviceStatePtr
 .bss.g_interruptDisableCount
                0x20000170        0x4 ./SDK/platform/drivers/src/interrupt/interrupt_manager.o
 .bss.g_lpi2cMasterStatePtr
                0x20000174        0x4 ./SDK/platform/drivers/src/lpi2c/lpi2c_driver.o
 .bss.g_lpi2cSlaveStatePtr
                0x20000178        0x4 ./SDK/platform/drivers/src/lpi2c/lpi2c_driver.o
 .bss.s_lpitSourceClockFrequency
                0x2000017c        0x4 ./SDK/platform/drivers/src/lpit/lpit_driver.o
 .bss.s_lpuartStatePtr
                0x20000180        0xc ./SDK/platform/drivers/src/lpuart/lpuart_driver.o
 .bss.s_osif_tick_cnt
                0x2000018c        0x4 ./SDK/rtos/osif/osif_baremetal.o
 .bss.BytesWritten_garg32
                0x20000190        0x4 ./Sources/board_config/bsp_config.o
                0x20000190                BytesWritten_garg32
 .bss.FlashWriteFlag_garg8
                0x20000194        0x1 ./Sources/board_config/bsp_config.o
                0x20000194                FlashWriteFlag_garg8
 *fill*         0x20000195        0x3 
 .bss.s_otaBytesWr_u32
                0x20000198        0x4 ./Sources/board_config/bsp_config.o
 .bss.s_otaFileSize_u32
                0x2000019c        0x4 ./Sources/board_config/bsp_config.o
 .bss.s_otaSession_b
                0x200001a0        0x1 ./Sources/board_config/bsp_config.o
 .bss.s_otaSizeRx_b
                0x200001a1        0x1 ./Sources/board_config/bsp_config.o
 .bss.OTA_Ack_en
                0x200001a2        0x1 ./Sources/bootloader/ota_bootloader.o
                0x200001a2                OTA_Ack_en
 .bss.OTA_DataCount_u8
                0x200001a3        0x1 ./Sources/bootloader/ota_bootloader.o
 .bss.OTA_Packet_st
                0x200001a4      0x334 ./Sources/bootloader/ota_bootloader.o
                0x200001a4                OTA_Packet_st
 .bss.OTA_RxIndex_u8
                0x200004d8        0x1 ./Sources/bootloader/ota_bootloader.o
 .bss.OTA_RxState_en
                0x200004d9        0x1 ./Sources/bootloader/ota_bootloader.o
                0x200004d9                OTA_RxState_en
 .bss.OTA_StatusIndex_u8
                0x200004da        0x1 ./Sources/bootloader/ota_bootloader.o
                0x200004da                OTA_StatusIndex_u8
 .bss.OTA_UartRxByte_u8
                0x200004db        0x1 ./Sources/bootloader/ota_bootloader.o
                0x200004db                OTA_UartRxByte_u8
 .bss.OTA_UartRxErrorCount_u8
                0x200004dc        0x1 ./Sources/bootloader/ota_bootloader.o
                0x200004dc                OTA_UartRxErrorCount_u8
 .bss.OTA_UartTxErrorCount_u8
                0x200004dd        0x1 ./Sources/bootloader/ota_bootloader.o
                0x200004dd                OTA_UartTxErrorCount_u8
 .bss.OTA_UartTxInit_b
                0x200004de        0x1 ./Sources/bootloader/ota_bootloader.o
                0x200004de                OTA_UartTxInit_b
 .bss.s_lenByteCount_u8.8618
                0x200004df        0x1 ./Sources/bootloader/ota_bootloader.o
 .bss.uart_flag_b
                0x200004e0        0x1 ./Sources/bootloader/ota_bootloader.o
                0x200004e0                uart_flag_b
 *fill*         0x200004e1        0x3 
 .bss.DRV_RecvBuff
                0x200004e4      0x980 ./Sources/drivers/drv_can .o
 .bss.DRV_canInitStatus_b
                0x20000e64        0x1 ./Sources/drivers/drv_can .o
                0x20000e64                DRV_canInitStatus_b
 .bss.DRV_flashInitStatus_mb
                0x20000e65        0x1 ./Sources/drivers/drv_flash.o
                0x20000e65                DRV_flashInitStatus_mb
 *fill*         0x20000e66        0x2 
 .bss.DRV_flashSSDConfig_st
                0x20000e68       0x1c ./Sources/drivers/drv_flash.o
 .bss.DRV_nvicIrqEnabledStatus_mb
                0x20000e84       0x1a ./Sources/drivers/drv_nvic.o
 *fill*         0x20000e9e        0x2 
 .bss.DRV_timerChannelInitStatus_mb
                0x20000ea0        0x9 ./Sources/drivers/drv_timer.o
                0x20000ea0                DRV_timerChannelInitStatus_mb
 *fill*         0x20000ea9        0x3 
 .bss.DRV_timerInitStatus_mb
                0x20000eac        0x3 ./Sources/drivers/drv_timer.o
                0x20000eac                DRV_timerInitStatus_mb
 *fill*         0x20000eaf        0x1 
 .bss.DRV_uartInitStatus_mb
                0x20000eb0        0x2 ./Sources/drivers/drv_uart.o
                0x20000eb0                DRV_uartInitStatus_mb
 *fill*         0x20000eb2        0x2 
 .bss.DRV_wdgInitStatus_mb
                0x20000eb4        0x1 ./Sources/drivers/drv_wdg.o
                0x20000eb4                DRV_wdgInitStatus_mb
 *fill*         0x20000eb5        0x3 
 .bss.exit_code
                0x20000eb8        0x4 ./Sources/main.o
                0x20000eb8                exit_code
 .bss.NVM_CachedAppStatus_u16
                0x20000ebc        0x2 ./Sources/nvm_management/nvm.o
 .bss.NVM_CachedBootFlag_u16
                0x20000ebe        0x2 ./Sources/nvm_management/nvm.o
 .bss.NVM_CachedSoC_d
                0x20000ec0        0x8 ./Sources/nvm_management/nvm.o
 .bss.NVM_CachedSoH_d
                0x20000ec8        0x8 ./Sources/nvm_management/nvm.o
 .bss.NVM_FlshStoredData_st
                0x20000ed0       0x38 ./Sources/nvm_management/nvm.o
                0x20000ed0                NVM_FlshStoredData_st
 .bss.NVM_SlotShadow_au32
                0x20000f08       0x20 ./Sources/nvm_management/nvm.o
 *(COMMON)
                0x20000f28                . = ALIGN (0x4)
                0x20000f28                __bss_end__ = .
                0x20000f28                __BSS_END = .

.heap           0x20000f28      0x400
                0x20000f28                . = ALIGN (0x8)
                0x20000f28                __end__ = .
                0x20000f28                __heap_start__ = .
                [!provide]                PROVIDE (end, .)
                [!provide]                PROVIDE (_end, .)
                [!provide]                PROVIDE (__end, .)
                0x20000f28                __HeapBase = .
                0x20001328                . = (. + HEAP_SIZE)
 *fill*         0x20000f28      0x400 
                0x20001328                __HeapLimit = .
                0x20001328                __heap_limit = .
                0x20001328                __heap_end__ = .
                0x20007000                __StackTop = (ORIGIN (m_data_2) + LENGTH (m_data_2))
                0x20006c00                __StackLimit = (__StackTop - STACK_SIZE)
                0x20007000                PROVIDE (__stack, __StackTop)
                0x20007000                __RAM_END = __StackTop

.stack          0x20006c00      0x400
                0x20006c00                . = ALIGN (0x8)
                0x20006c00                __stack_start__ = .
                0x20007000                . = (. + STACK_SIZE)
 *fill*         0x20006c00      0x400 
                0x20007000                __stack_end__ = .

.ARM.attributes
                0x00000000       0x30
 *(.ARM.attributes)
 .ARM.attributes
                0x00000000       0x22 c:/nxp/s32ds_arm_v2.2/s32ds/build_tools/gcc_v6.3/gcc-6.3-arm32-eabi/bin/../lib/gcc/arm-none-eabi/6.3.1/thumb/v7e-m/fpv4-sp/hard/crti.o
 .ARM.attributes
                0x00000022       0x39 ./Generated_Code/Flash1.o
 .ARM.attributes
                0x0000005b       0x39 ./Generated_Code/canCom1.o
 .ARM.attributes
                0x00000094       0x39 ./Generated_Code/clockMan1.o
 .ARM.attributes
                0x000000cd       0x39 ./Generated_Code/lpit1.o
 .ARM.attributes
                0x00000106       0x39 ./Generated_Code/lpuart1.o
 .ARM.attributes
                0x0000013f       0x39 ./Generated_Code/wdg_pal1.o
 .ARM.attributes
                0x00000178       0x1f ./Project_Settings/Startup_Code/startup_S32K144.o
 .ARM.attributes
                0x00000197       0x39 ./SDK/platform/devices/S32K144/startup/system_S32K144.o
 .ARM.attributes
                0x000001d0       0x39 ./SDK/platform/devices/startup.o
 .ARM.attributes
                0x00000209       0x39 ./SDK/platform/drivers/src/clock/S32K1xx/clock_S32K1xx.o
 .ARM.attributes
                0x00000242       0x39 ./SDK/platform/drivers/src/edma/edma_driver.o
 .ARM.attributes
                0x0000027b       0x39 ./SDK/platform/drivers/src/edma/edma_hw_access.o
 .ARM.attributes
                0x000002b4       0x39 ./SDK/platform/drivers/src/edma/edma_irq.o
 .ARM.attributes
                0x000002ed       0x39 ./SDK/platform/drivers/src/flash/flash_driver.o
 .ARM.attributes
                0x00000326       0x39 ./SDK/platform/drivers/src/flexcan/flexcan_driver.o
 .ARM.attributes
                0x0000035f       0x39 ./SDK/platform/drivers/src/flexcan/flexcan_hw_access.o
 .ARM.attributes
                0x00000398       0x39 ./SDK/platform/drivers/src/flexcan/flexcan_irq.o
 .ARM.attributes
                0x000003d1       0x39 ./SDK/platform/drivers/src/flexio/flexio_common.o
 .ARM.attributes
                0x0000040a       0x39 ./SDK/platform/drivers/src/interrupt/interrupt_manager.o
 .ARM.attributes
                0x00000443       0x39 ./SDK/platform/drivers/src/lpi2c/lpi2c_driver.o
 .ARM.attributes
                0x0000047c       0x39 ./SDK/platform/drivers/src/lpi2c/lpi2c_hw_access.o
 .ARM.attributes
                0x000004b5       0x39 ./SDK/platform/drivers/src/lpi2c/lpi2c_irq.o
 .ARM.attributes
                0x000004ee       0x39 ./SDK/platform/drivers/src/lpit/lpit_driver.o
 .ARM.attributes
                0x00000527       0x39 ./SDK/platform/drivers/src/lpuart/lpuart_driver.o
 .ARM.attributes
                0x00000560       0x39 ./SDK/platform/drivers/src/lpuart/lpuart_hw_access.o
 .ARM.attributes
                0x00000599       0x39 ./SDK/platform/drivers/src/lpuart/lpuart_irq.o
 .ARM.attributes
                0x000005d2       0x39 ./SDK/platform/drivers/src/pins/pins_driver.o
 .ARM.attributes
                0x0000060b       0x39 ./SDK/platform/drivers/src/pins/pins_port_hw_access.o
 .ARM.attributes
                0x00000644       0x39 ./SDK/platform/drivers/src/wdog/wdog_driver.o
 .ARM.attributes
                0x0000067d       0x39 ./SDK/platform/drivers/src/wdog/wdog_hw_access.o
 .ARM.attributes
                0x000006b6       0x39 ./SDK/platform/pal/src/wdg/wdg_pal.o
 .ARM.attributes
                0x000006ef       0x39 ./SDK/rtos/osif/osif_baremetal.o
 .ARM.attributes
                0x00000728       0x39 ./Sources/board_config/bsp_config.o
 .ARM.attributes
                0x00000761       0x39 ./Sources/bootloader/can_bootloader.o
 .ARM.attributes
                0x0000079a       0x39 ./Sources/bootloader/ota_bootloader.o
 .ARM.attributes
                0x000007d3       0x39 ./Sources/can_communication/can_communication.o
 .ARM.attributes
                0x0000080c       0x39 ./Sources/drivers/common.o
 .ARM.attributes
                0x00000845       0x39 ./Sources/drivers/drv_can .o
 .ARM.attributes
                0x0000087e       0x39 ./Sources/drivers/drv_flash.o
 .ARM.attributes
                0x000008b7       0x39 ./Sources/drivers/drv_nvic.o
 .ARM.attributes
                0x000008f0       0x39 ./Sources/drivers/drv_timer.o
 .ARM.attributes
                0x00000929       0x39 ./Sources/drivers/drv_uart.o
 .ARM.attributes
                0x00000962       0x39 ./Sources/drivers/drv_wdg.o
 .ARM.attributes
                0x0000099b       0x39 ./Sources/main.o
 .ARM.attributes
                0x000009d4       0x39 ./Sources/nvm_management/nvm.o
 .ARM.attributes
                0x00000a0d       0x22 c:/nxp/s32ds_arm_v2.2/s32ds/build_tools/gcc_v6.3/gcc-6.3-arm32-eabi/bin/../lib/gcc/arm-none-eabi/6.3.1/thumb/v7e-m/fpv4-sp/hard\libgcc.a(_arm_addsubdf3.o)
 .ARM.attributes
                0x00000a2f       0x22 c:/nxp/s32ds_arm_v2.2/s32ds/build_tools/gcc_v6.3/gcc-6.3-arm32-eabi/bin/../lib/gcc/arm-none-eabi/6.3.1/thumb/v7e-m/fpv4-sp/hard\libgcc.a(_arm_muldivdf3.o)
 .ARM.attributes
                0x00000a51       0x22 c:/nxp/s32ds_arm_v2.2/s32ds/build_tools/gcc_v6.3/gcc-6.3-arm32-eabi/bin/../lib/gcc/arm-none-eabi/6.3.1/thumb/v7e-m/fpv4-sp/hard\libgcc.a(_arm_cmpdf2.o)
 .ARM.attributes
                0x00000a73       0x22 c:/nxp/s32ds_arm_v2.2/s32ds/build_tools/gcc_v6.3/gcc-6.3-arm32-eabi/bin/../lib/gcc/arm-none-eabi/6.3.1/thumb/v7e-m/fpv4-sp/hard\libgcc.a(_aeabi_uldivmod.o)
 .ARM.attributes
                0x00000a95       0x34 c:/nxp/s32ds_arm_v2.2/s32ds/build_tools/gcc_v6.3/gcc-6.3-arm32-eabi/bin/../lib/gcc/arm-none-eabi/6.3.1/thumb/v7e-m/fpv4-sp/hard\libgcc.a(_udivmoddi4.o)
 .ARM.attributes
                0x00000ac9       0x22 c:/nxp/s32ds_arm_v2.2/s32ds/build_tools/gcc_v6.3/gcc-6.3-arm32-eabi/bin/../lib/gcc/arm-none-eabi/6.3.1/thumb/v7e-m/fpv4-sp/hard\libgcc.a(_dvmd_tls.o)
                0x00000001                ASSERT ((__StackLimit >= __HeapLimit), region m_data_2 overflowed with stack and heap)
OUTPUT(BSTAT_48V_60AMPS_16S_BL_2.elf elf32-littlearm)

.debug_info     0x00000000    0x54633
 .debug_info    0x00000000     0x2289 ./Generated_Code/Flash1.o
 .debug_info    0x00002289     0x2296 ./Generated_Code/canCom1.o
 .debug_info    0x0000451f     0x23bf ./Generated_Code/clockMan1.o
 .debug_info    0x000068de     0x22a3 ./Generated_Code/lpit1.o
 .debug_info    0x00008b81     0x2296 ./Generated_Code/lpuart1.o
 .debug_info    0x0000ae17     0x2296 ./Generated_Code/wdg_pal1.o
 .debug_info    0x0000d0ad       0x26 ./Project_Settings/Startup_Code/startup_S32K144.o
 .debug_info    0x0000d0d3      0x521 ./SDK/platform/devices/S32K144/startup/system_S32K144.o
 .debug_info    0x0000d5f4      0x2ad ./SDK/platform/devices/startup.o
 .debug_info    0x0000d8a1     0x5aaa ./SDK/platform/drivers/src/clock/S32K1xx/clock_S32K1xx.o
 .debug_info    0x0001334b     0x3771 ./SDK/platform/drivers/src/edma/edma_driver.o
 .debug_info    0x00016abc      0x960 ./SDK/platform/drivers/src/edma/edma_hw_access.o
 .debug_info    0x0001741c      0x6db ./SDK/platform/drivers/src/edma/edma_irq.o
 .debug_info    0x00017af7     0x188f ./SDK/platform/drivers/src/flash/flash_driver.o
 .debug_info    0x00019386     0x4fe1 ./SDK/platform/drivers/src/flexcan/flexcan_driver.o
 .debug_info    0x0001e367     0x1d43 ./SDK/platform/drivers/src/flexcan/flexcan_hw_access.o
 .debug_info    0x000200aa      0x275 ./SDK/platform/drivers/src/flexcan/flexcan_irq.o
 .debug_info    0x0002031f     0x193e ./SDK/platform/drivers/src/flexio/flexio_common.o
 .debug_info    0x00021c5d      0x8bd ./SDK/platform/drivers/src/interrupt/interrupt_manager.o
 .debug_info    0x0002251a     0x562f ./SDK/platform/drivers/src/lpi2c/lpi2c_driver.o
 .debug_info    0x00027b49      0x433 ./SDK/platform/drivers/src/lpi2c/lpi2c_hw_access.o
 .debug_info    0x00027f7c       0xdc ./SDK/platform/drivers/src/lpi2c/lpi2c_irq.o
 .debug_info    0x00028058     0x1c87 ./SDK/platform/drivers/src/lpit/lpit_driver.o
 .debug_info    0x00029cdf     0x2fe8 ./SDK/platform/drivers/src/lpuart/lpuart_driver.o
 .debug_info    0x0002ccc7      0x96c ./SDK/platform/drivers/src/lpuart/lpuart_hw_access.o
 .debug_info    0x0002d633      0x127 ./SDK/platform/drivers/src/lpuart/lpuart_irq.o
 .debug_info    0x0002d75a     0x13d8 ./SDK/platform/drivers/src/pins/pins_driver.o
 .debug_info    0x0002eb32      0x8a8 ./SDK/platform/drivers/src/pins/pins_port_hw_access.o
 .debug_info    0x0002f3da      0xf9d ./SDK/platform/drivers/src/wdog/wdog_driver.o
 .debug_info    0x00030377      0x6f1 ./SDK/platform/drivers/src/wdog/wdog_hw_access.o
 .debug_info    0x00030a68      0x85b ./SDK/platform/pal/src/wdg/wdg_pal.o
 .debug_info    0x000312c3      0xa9e ./SDK/rtos/osif/osif_baremetal.o
 .debug_info    0x00031d61     0x3dce ./Sources/board_config/bsp_config.o
 .debug_info    0x00035b2f     0x2be4 ./Sources/bootloader/can_bootloader.o
 .debug_info    0x00038713     0x2f8f ./Sources/bootloader/ota_bootloader.o
 .debug_info    0x0003b6a2     0x2955 ./Sources/can_communication/can_communication.o
 .debug_info    0x0003dff7      0x368 ./Sources/drivers/common.o
 .debug_info    0x0003e35f     0x382f ./Sources/drivers/drv_can .o
 .debug_info    0x00041b8e     0x2f92 ./Sources/drivers/drv_flash.o
 .debug_info    0x00044b20      0x7d5 ./Sources/drivers/drv_nvic.o
 .debug_info    0x000452f5     0x33de ./Sources/drivers/drv_timer.o
 .debug_info    0x000486d3     0x3022 ./Sources/drivers/drv_uart.o
 .debug_info    0x0004b6f5     0x27b1 ./Sources/drivers/drv_wdg.o
 .debug_info    0x0004dea6     0x27e7 ./Sources/main.o
 .debug_info    0x0005068d     0x3fa6 ./Sources/nvm_management/nvm.o

.debug_abbrev   0x00000000     0x6809
 .debug_abbrev  0x00000000      0x16a ./Generated_Code/Flash1.o
 .debug_abbrev  0x0000016a      0x16a ./Generated_Code/canCom1.o
 .debug_abbrev  0x000002d4      0x177 ./Generated_Code/clockMan1.o
 .debug_abbrev  0x0000044b      0x16a ./Generated_Code/lpit1.o
 .debug_abbrev  0x000005b5      0x16a ./Generated_Code/lpuart1.o
 .debug_abbrev  0x0000071f      0x16a ./Generated_Code/wdg_pal1.o
 .debug_abbrev  0x00000889       0x14 ./Project_Settings/Startup_Code/startup_S32K144.o
 .debug_abbrev  0x0000089d      0x140 ./SDK/platform/devices/S32K144/startup/system_S32K144.o
 .debug_abbrev  0x000009dd       0xe0 ./SDK/platform/devices/startup.o
 .debug_abbrev  0x00000abd      0x3e3 ./SDK/platform/drivers/src/clock/S32K1xx/clock_S32K1xx.o
 .debug_abbrev  0x00000ea0      0x422 ./SDK/platform/drivers/src/edma/edma_driver.o
 .debug_abbrev  0x000012c2      0x205 ./SDK/platform/drivers/src/edma/edma_hw_access.o
 .debug_abbrev  0x000014c7      0x1b8 ./SDK/platform/drivers/src/edma/edma_irq.o
 .debug_abbrev  0x0000167f      0x2bf ./SDK/platform/drivers/src/flash/flash_driver.o
 .debug_abbrev  0x0000193e      0x428 ./SDK/platform/drivers/src/flexcan/flexcan_driver.o
 .debug_abbrev  0x00001d66      0x38a ./SDK/platform/drivers/src/flexcan/flexcan_hw_access.o
 .debug_abbrev  0x000020f0       0x6c ./SDK/platform/drivers/src/flexcan/flexcan_irq.o
 .debug_abbrev  0x0000215c      0x374 ./SDK/platform/drivers/src/flexio/flexio_common.o
 .debug_abbrev  0x000024d0      0x1ce ./SDK/platform/drivers/src/interrupt/interrupt_manager.o
 .debug_abbrev  0x0000269e      0x43e ./SDK/platform/drivers/src/lpi2c/lpi2c_driver.o
 .debug_abbrev  0x00002adc      0x161 ./SDK/platform/drivers/src/lpi2c/lpi2c_hw_access.o
 .debug_abbrev  0x00002c3d       0x6c ./SDK/platform/drivers/src/lpi2c/lpi2c_irq.o
 .debug_abbrev  0x00002ca9      0x3c4 ./SDK/platform/drivers/src/lpit/lpit_driver.o
 .debug_abbrev  0x0000306d      0x3a4 ./SDK/platform/drivers/src/lpuart/lpuart_driver.o
 .debug_abbrev  0x00003411      0x1d0 ./SDK/platform/drivers/src/lpuart/lpuart_hw_access.o
 .debug_abbrev  0x000035e1       0xb9 ./SDK/platform/drivers/src/lpuart/lpuart_irq.o
 .debug_abbrev  0x0000369a      0x2db ./SDK/platform/drivers/src/pins/pins_driver.o
 .debug_abbrev  0x00003975      0x1f5 ./SDK/platform/drivers/src/pins/pins_port_hw_access.o
 .debug_abbrev  0x00003b6a      0x2f8 ./SDK/platform/drivers/src/wdog/wdog_driver.o
 .debug_abbrev  0x00003e62      0x1e9 ./SDK/platform/drivers/src/wdog/wdog_hw_access.o
 .debug_abbrev  0x0000404b      0x186 ./SDK/platform/pal/src/wdg/wdg_pal.o
 .debug_abbrev  0x000041d1      0x2c6 ./SDK/rtos/osif/osif_baremetal.o
 .debug_abbrev  0x00004497      0x39b ./Sources/board_config/bsp_config.o
 .debug_abbrev  0x00004832      0x27f ./Sources/bootloader/can_bootloader.o
 .debug_abbrev  0x00004ab1      0x33d ./Sources/bootloader/ota_bootloader.o
 .debug_abbrev  0x00004dee      0x256 ./Sources/can_communication/can_communication.o
 .debug_abbrev  0x00005044      0x128 ./Sources/drivers/common.o
 .debug_abbrev  0x0000516c      0x35a ./Sources/drivers/drv_can .o
 .debug_abbrev  0x000054c6      0x2fd ./Sources/drivers/drv_flash.o
 .debug_abbrev  0x000057c3      0x1dd ./Sources/drivers/drv_nvic.o
 .debug_abbrev  0x000059a0      0x332 ./Sources/drivers/drv_timer.o
 .debug_abbrev  0x00005cd2      0x2e1 ./Sources/drivers/drv_uart.o
 .debug_abbrev  0x00005fb3      0x227 ./Sources/drivers/drv_wdg.o
 .debug_abbrev  0x000061da      0x1cd ./Sources/main.o
 .debug_abbrev  0x000063a7      0x462 ./Sources/nvm_management/nvm.o

.debug_aranges  0x00000000     0x1430
 .debug_aranges
                0x00000000       0x18 ./Generated_Code/Flash1.o
 .debug_aranges
                0x00000018       0x18 ./Generated_Code/canCom1.o
 .debug_aranges
                0x00000030       0x18 ./Generated_Code/clockMan1.o
 .debug_aranges
                0x00000048       0x18 ./Generated_Code/lpit1.o
 .debug_aranges
                0x00000060       0x18 ./Generated_Code/lpuart1.o
 .debug_aranges
                0x00000078       0x18 ./Generated_Code/wdg_pal1.o
 .debug_aranges
                0x00000090       0x20 ./Project_Settings/Startup_Code/startup_S32K144.o
 .debug_aranges
                0x000000b0       0x30 ./SDK/platform/devices/S32K144/startup/system_S32K144.o
 .debug_aranges
                0x000000e0       0x20 ./SDK/platform/devices/startup.o
 .debug_aranges
                0x00000100      0x120 ./SDK/platform/drivers/src/clock/S32K1xx/clock_S32K1xx.o
 .debug_aranges
                0x00000220      0x138 ./SDK/platform/drivers/src/edma/edma_driver.o
 .debug_aranges
                0x00000358       0x88 ./SDK/platform/drivers/src/edma/edma_hw_access.o
 .debug_aranges
                0x000003e0       0xa0 ./SDK/platform/drivers/src/edma/edma_irq.o
 .debug_aranges
                0x00000480      0x130 ./SDK/platform/drivers/src/flash/flash_driver.o
 .debug_aranges
                0x000005b0      0x170 ./SDK/platform/drivers/src/flexcan/flexcan_driver.o
 .debug_aranges
                0x00000720       0xe8 ./SDK/platform/drivers/src/flexcan/flexcan_hw_access.o
 .debug_aranges
                0x00000808       0x80 ./SDK/platform/drivers/src/flexcan/flexcan_irq.o
 .debug_aranges
                0x00000888       0x48 ./SDK/platform/drivers/src/flexio/flexio_common.o
 .debug_aranges
                0x000008d0       0x70 ./SDK/platform/drivers/src/interrupt/interrupt_manager.o
 .debug_aranges
                0x00000940      0x140 ./SDK/platform/drivers/src/lpi2c/lpi2c_driver.o
 .debug_aranges
                0x00000a80       0x20 ./SDK/platform/drivers/src/lpi2c/lpi2c_hw_access.o
 .debug_aranges
                0x00000aa0       0x28 ./SDK/platform/drivers/src/lpi2c/lpi2c_irq.o
 .debug_aranges
                0x00000ac8       0xb0 ./SDK/platform/drivers/src/lpit/lpit_driver.o
 .debug_aranges
                0x00000b78      0x118 ./SDK/platform/drivers/src/lpuart/lpuart_driver.o
 .debug_aranges
                0x00000c90       0x78 ./SDK/platform/drivers/src/lpuart/lpuart_hw_access.o
 .debug_aranges
                0x00000d08       0x30 ./SDK/platform/drivers/src/lpuart/lpuart_irq.o
 .debug_aranges
                0x00000d38       0xe0 ./SDK/platform/drivers/src/pins/pins_driver.o
 .debug_aranges
                0x00000e18       0x40 ./SDK/platform/drivers/src/pins/pins_port_hw_access.o
 .debug_aranges
                0x00000e58       0x80 ./SDK/platform/drivers/src/wdog/wdog_driver.o
 .debug_aranges
                0x00000ed8       0x38 ./SDK/platform/drivers/src/wdog/wdog_hw_access.o
 .debug_aranges
                0x00000f10       0x60 ./SDK/platform/pal/src/wdg/wdg_pal.o
 .debug_aranges
                0x00000f70       0x70 ./SDK/rtos/osif/osif_baremetal.o
 .debug_aranges
                0x00000fe0       0x30 ./Sources/board_config/bsp_config.o
 .debug_aranges
                0x00001010       0x20 ./Sources/bootloader/can_bootloader.o
 .debug_aranges
                0x00001030       0x68 ./Sources/bootloader/ota_bootloader.o
 .debug_aranges
                0x00001098       0x30 ./Sources/can_communication/can_communication.o
 .debug_aranges
                0x000010c8       0x40 ./Sources/drivers/common.o
 .debug_aranges
                0x00001108       0x88 ./Sources/drivers/drv_can .o
 .debug_aranges
                0x00001190       0x50 ./Sources/drivers/drv_flash.o
 .debug_aranges
                0x000011e0       0x48 ./Sources/drivers/drv_nvic.o
 .debug_aranges
                0x00001228       0x60 ./Sources/drivers/drv_timer.o
 .debug_aranges
                0x00001288       0x58 ./Sources/drivers/drv_uart.o
 .debug_aranges
                0x000012e0       0x40 ./Sources/drivers/drv_wdg.o
 .debug_aranges
                0x00001320       0x20 ./Sources/main.o
 .debug_aranges
                0x00001340       0xf0 ./Sources/nvm_management/nvm.o

.debug_line     0x00000000    0x105ad
 .debug_line    0x00000000      0x4b6 ./Generated_Code/Flash1.o
 .debug_line    0x000004b6      0x4b7 ./Generated_Code/canCom1.o
 .debug_line    0x0000096d      0x4b9 ./Generated_Code/clockMan1.o
 .debug_line    0x00000e26      0x4b5 ./Generated_Code/lpit1.o
 .debug_line    0x000012db      0x4b7 ./Generated_Code/lpuart1.o
 .debug_line    0x00001792      0x4b8 ./Generated_Code/wdg_pal1.o
 .debug_line    0x00001c4a       0x82 ./Project_Settings/Startup_Code/startup_S32K144.o
 .debug_line    0x00001ccc      0x206 ./SDK/platform/devices/S32K144/startup/system_S32K144.o
 .debug_line    0x00001ed2      0x177 ./SDK/platform/devices/startup.o
 .debug_line    0x00002049     0x1101 ./SDK/platform/drivers/src/clock/S32K1xx/clock_S32K1xx.o
 .debug_line    0x0000314a      0x8cb ./SDK/platform/drivers/src/edma/edma_driver.o
 .debug_line    0x00003a15      0x383 ./SDK/platform/drivers/src/edma/edma_hw_access.o
 .debug_line    0x00003d98      0x2ea ./SDK/platform/drivers/src/edma/edma_irq.o
 .debug_line    0x00004082      0x7d2 ./SDK/platform/drivers/src/flash/flash_driver.o
 .debug_line    0x00004854      0xd2b ./SDK/platform/drivers/src/flexcan/flexcan_driver.o
 .debug_line    0x0000557f      0x7b0 ./SDK/platform/drivers/src/flexcan/flexcan_hw_access.o
 .debug_line    0x00005d2f      0x140 ./SDK/platform/drivers/src/flexcan/flexcan_irq.o
 .debug_line    0x00005e6f      0x46a ./SDK/platform/drivers/src/flexio/flexio_common.o
 .debug_line    0x000062d9      0x31d ./SDK/platform/drivers/src/interrupt/interrupt_manager.o
 .debug_line    0x000065f6      0xe3b ./SDK/platform/drivers/src/lpi2c/lpi2c_driver.o
 .debug_line    0x00007431      0x1d4 ./SDK/platform/drivers/src/lpi2c/lpi2c_hw_access.o
 .debug_line    0x00007605       0xcf ./SDK/platform/drivers/src/lpi2c/lpi2c_irq.o
 .debug_line    0x000076d4      0x622 ./SDK/platform/drivers/src/lpit/lpit_driver.o
 .debug_line    0x00007cf6      0x9c2 ./SDK/platform/drivers/src/lpuart/lpuart_driver.o
 .debug_line    0x000086b8      0x3e5 ./SDK/platform/drivers/src/lpuart/lpuart_hw_access.o
 .debug_line    0x00008a9d       0xf4 ./SDK/platform/drivers/src/lpuart/lpuart_irq.o
 .debug_line    0x00008b91      0x4dc ./SDK/platform/drivers/src/pins/pins_driver.o
 .debug_line    0x0000906d      0x2ff ./SDK/platform/drivers/src/pins/pins_port_hw_access.o
 .debug_line    0x0000936c      0x4ee ./SDK/platform/drivers/src/wdog/wdog_driver.o
 .debug_line    0x0000985a      0x3a4 ./SDK/platform/drivers/src/wdog/wdog_hw_access.o