../Drivers/CMSIS/Include/core_cm4.h:1938:34:__NVIC_SystemReset	4	static,ignoring_inline_asm
../Core/Src/main.c:30:5:main	8	static
../Core/Src/main.c:45:6:JumpToUserApp	24	static,ignoring_inline_asm
../Core/Src/main.c:56:6:JumpToBootloader	16	static
../Core/Src/main.c:81:19:bootloader_handle_FlashWrite	16	static
../Core/Src/main.c:95:19:Flash_Write_Binary	56	dynamic
../Core/Src/main.c:114:9:Read_app_status	16	static
../Core/Src/main.c:121:19:update_data	24	static
../Core/Src/main.c:139:10:crc32_calculate	32	static
../Core/Src/main.c:158:10:crc32_flash	16	static
../Core/Src/main.c:164:10:check_boot_flag	4	static
../Core/Src/main.c:169:6:SystemClock_Config	88	static
